Archive member included to satisfy reference by file (symbol)

app/libapp.a(multiply.c.obj)  (--whole-archive)
app/libapp.a(main.c.obj)      (--whole-archive)
zephyr/libzephyr.a(cbprintf.c.obj)
                              (--whole-archive)
zephyr/libzephyr.a(cbprintf_packaged.c.obj)
                              (--whole-archive)
zephyr/libzephyr.a(crc32c_sw.c.obj)
                              (--whole-archive)
zephyr/libzephyr.a(crc32_sw.c.obj)
                              (--whole-archive)
zephyr/libzephyr.a(crc16_sw.c.obj)
                              (--whole-archive)
zephyr/libzephyr.a(crc8_sw.c.obj)
                              (--whole-archive)
zephyr/libzephyr.a(crc7_sw.c.obj)
                              (--whole-archive)
zephyr/libzephyr.a(dec.c.obj)
                              (--whole-archive)
zephyr/libzephyr.a(fdtable.c.obj)
                              (--whole-archive)
zephyr/libzephyr.a(hex.c.obj)
                              (--whole-archive)
zephyr/libzephyr.a(notify.c.obj)
                              (--whole-archive)
zephyr/libzephyr.a(printk.c.obj)
                              (--whole-archive)
zephyr/libzephyr.a(onoff.c.obj)
                              (--whole-archive)
zephyr/libzephyr.a(rb.c.obj)  (--whole-archive)
zephyr/libzephyr.a(sem.c.obj)
                              (--whole-archive)
zephyr/libzephyr.a(thread_entry.c.obj)
                              (--whole-archive)
zephyr/libzephyr.a(timeutil.c.obj)
                              (--whole-archive)
zephyr/libzephyr.a(heap.c.obj)
                              (--whole-archive)
zephyr/libzephyr.a(heap-validate.c.obj)
                              (--whole-archive)
zephyr/libzephyr.a(cbprintf_complete.c.obj)
                              (--whole-archive)
zephyr/libzephyr.a(configs.c.obj)
                              (--whole-archive)
zephyr/libzephyr.a(soc.c.obj)
                              (--whole-archive)
zephyr/libzephyr.a(power.c.obj)
                              (--whole-archive)
zephyr/libzephyr.a(validate_base_addresses.c.obj)
                              (--whole-archive)
zephyr/libzephyr.a(validate_enabled_instances.c.obj)
                              (--whole-archive)
zephyr/libzephyr.a(power.c.obj)
                              (--whole-archive)
zephyr/libzephyr.a(pm_ctrl.c.obj)
                              (--whole-archive)
zephyr/libzephyr.a(policy_residency.c.obj)
                              (--whole-archive)
zephyr/libzephyr.a(uart_console.c.obj)
                              (--whole-archive)
zephyr/libzephyr.a(clock_control_nrf.c.obj)
                              (--whole-archive)
zephyr/libzephyr.a(sys_clock_init.c.obj)
                              (--whole-archive)
zephyr/libzephyr.a(nrf_rtc_timer.c.obj)
                              (--whole-archive)
zephyr/arch/common/libarch__common.a(sw_isr_common.c.obj)
                              (--whole-archive)
zephyr/arch/arch/arm/core/aarch32/libarch__arm__core__aarch32.a(swap.c.obj)
                              (--whole-archive)
zephyr/arch/arch/arm/core/aarch32/libarch__arm__core__aarch32.a(swap_helper.S.obj)
                              (--whole-archive)
zephyr/arch/arch/arm/core/aarch32/libarch__arm__core__aarch32.a(irq_manage.c.obj)
                              (--whole-archive)
zephyr/arch/arch/arm/core/aarch32/libarch__arm__core__aarch32.a(thread.c.obj)
                              (--whole-archive)
zephyr/arch/arch/arm/core/aarch32/libarch__arm__core__aarch32.a(cpu_idle.S.obj)
                              (--whole-archive)
zephyr/arch/arch/arm/core/aarch32/libarch__arm__core__aarch32.a(fatal.c.obj)
                              (--whole-archive)
zephyr/arch/arch/arm/core/aarch32/libarch__arm__core__aarch32.a(nmi.c.obj)
                              (--whole-archive)
zephyr/arch/arch/arm/core/aarch32/libarch__arm__core__aarch32.a(nmi_on_reset.S.obj)
                              (--whole-archive)
zephyr/arch/arch/arm/core/aarch32/libarch__arm__core__aarch32.a(prep_c.c.obj)
                              (--whole-archive)
zephyr/arch/arch/arm/core/aarch32/libarch__arm__core__aarch32.a(isr_wrapper.S.obj)
                              (--whole-archive)
zephyr/arch/arch/arm/core/aarch32/cortex_m/libarch__arm__core__aarch32__cortex_m.a(vector_table.S.obj)
                              (--whole-archive)
zephyr/arch/arch/arm/core/aarch32/cortex_m/libarch__arm__core__aarch32__cortex_m.a(reset.S.obj)
                              (--whole-archive)
zephyr/arch/arch/arm/core/aarch32/cortex_m/libarch__arm__core__aarch32__cortex_m.a(fault_s.S.obj)
                              (--whole-archive)
zephyr/arch/arch/arm/core/aarch32/cortex_m/libarch__arm__core__aarch32__cortex_m.a(fault.c.obj)
                              (--whole-archive)
zephyr/arch/arch/arm/core/aarch32/cortex_m/libarch__arm__core__aarch32__cortex_m.a(exc_exit.S.obj)
                              (--whole-archive)
[...]
Memory Configuration

Name             Origin             Length             Attributes
FLASH            0x00000000         0x00100000         xr
SRAM             0x20000000         0x00070000         xw
IDT_LIST         0x20070000         0x00000800         xw
*default*        0x00000000         0xffffffff

Linker script and memory map

LOAD zephyr/CMakeFiles/zephyr_final.dir/misc/empty_file.c.obj
LOAD zephyr/CMakeFiles/zephyr_final.dir/isr_tables.c.obj
LOAD zephyr/CMakeFiles/zephyr_final.dir/dev_handles.c.obj
                0x00000020                _region_min_align = 0x20

.rel.plt        0x00000000        0x0
 *(SORT_BY_ALIGNMENT(.rel.plt))
                [!provide]                PROVIDE (__rel_iplt_start = .)
 *(SORT_BY_ALIGNMENT(.rel.iplt))
 .rel.iplt      0x00000000        0x0 zephyr/CMakeFiles/zephyr_final.dir/isr_tables.c.obj
                [!provide]                PROVIDE (__rel_iplt_end = .)

.rela.plt       0x00000000        0x0
 *(SORT_BY_ALIGNMENT(.rela.plt))
                [!provide]                PROVIDE (__rela_iplt_start = .)
 *(SORT_BY_ALIGNMENT(.rela.iplt))
                [!provide]                PROVIDE (__rela_iplt_end = .)

.rel.dyn
 *(SORT_BY_ALIGNMENT(.rel.*))

.rela.dyn
 *(SORT_BY_ALIGNMENT(.rela.*))

/DISCARD/
 *(SORT_BY_ALIGNMENT(.plt))
 *(SORT_BY_ALIGNMENT(.iplt))
 *(SORT_BY_ALIGNMENT(.got.plt))
 *(SORT_BY_ALIGNMENT(.igot.plt))
 *(SORT_BY_ALIGNMENT(.got))
 *(SORT_BY_ALIGNMENT(.igot))
 *(SORT_BY_ALIGNMENT(.irq_info*))
 *(SORT_BY_ALIGNMENT(.intList*))
 *(SORT_BY_ALIGNMENT(.note.GNU-stack))
                0x00000000                _image_rom_start = 0x0

rom_start       0x00000000      0x154
                0x00000000                . = 0x0
                0x00000000                . = ALIGN (0x4)
                0x00000000                . = ALIGN (0x80)
                0x00000000                . = ALIGN (0x200)
                0x00000000                _vector_start = .
 *(SORT_BY_ALIGNMENT(.exc_vector_table))
 *(SORT_BY_ALIGNMENT(.exc_vector_table.*))
 .exc_vector_table._vector_table_section
                0x00000000       0x40 zephyr/arch/arch/arm/core/aarch32/cortex_m/libarch__arm__core__aarch32__cortex_m.a(vector_table.S.obj)
                0x00000000                _vector_table
 *(SORT_BY_ALIGNMENT(.gnu.linkonce.irq_vector_table*))
 .gnu.linkonce.irq_vector_table
                0x00000040      0x114 zephyr/CMakeFiles/zephyr_final.dir/isr_tables.c.obj
                0x00000040                _irq_vector_table
 *(SORT_BY_ALIGNMENT(.vectors))
                0x00000154                _vector_end = .
 *(SORT_BY_ALIGNMENT(.openocd_dbg))
 *(SORT_BY_ALIGNMENT(.openocd_dbg.*))

text            0x00000154     0x3cbc
                0x00000154                _image_text_start = .
 *(SORT_BY_ALIGNMENT(.text))
 .text          0x00000154       0x30 c:/program files (x86)/gnu arm embedded toolchain/10 2020-q4-major/bin/../lib/gcc/arm-none-eabi/10.2.1/thumb/v8-m.main/nofp\libgcc.a(_aeabi_uldivmod.o)
                0x00000154                __aeabi_uldivmod
 .text          0x00000184      0x2e8 c:/program files (x86)/gnu arm embedded toolchain/10 2020-q4-major/bin/../lib/gcc/arm-none-eabi/10.2.1/thumb/v8-m.main/nofp\libgcc.a(_udivmoddi4.o)
                0x00000184                __udivmoddi4
 .text          0x0000046c        0x4 c:/program files (x86)/gnu arm embedded toolchain/10 2020-q4-major/bin/../lib/gcc/arm-none-eabi/10.2.1/thumb/v8-m.main/nofp\libgcc.a(_dvmd_tls.o)
                0x0000046c                __aeabi_idiv0
                0x0000046c                __aeabi_ldiv0
 *(SORT_BY_ALIGNMENT(.text.*))
 .text.main     0x00000470       0x20 app/libapp.a(main.c.obj)
                0x00000470                main
 .text.char_out
                0x00000490       0x10 zephyr/libzephyr.a(printk.c.obj)
 .text.__printk_hook_install
                0x000004a0        0xc zephyr/libzephyr.a(printk.c.obj)
                0x000004a0                __printk_hook_install
 .text.vprintk  0x000004ac       0x1c zephyr/libzephyr.a(printk.c.obj)
                0x000004ac                vprintk
 .text.process_event
                0x000004c8      0x1c0 zephyr/libzephyr.a(onoff.c.obj)
 .text.cbvprintf
                0x00000688      0x784 zephyr/libzephyr.a(cbprintf_complete.c.obj)
                0x00000688                cbvprintf
 .text.nrf_gpio_pin_mcu_select.constprop.0
                0x00000e0c       0x1c zephyr/libzephyr.a(soc.c.obj)
 .text.nordicsemi_nrf53_init
                0x00000e28       0x4c zephyr/libzephyr.a(soc.c.obj)
 .text.arch_busy_wait
                0x00000e74       0x24 zephyr/libzephyr.a(soc.c.obj)
                0x00000e74                arch_busy_wait
 .text.pm_power_state_set
                0x00000e98       0x28 zephyr/libzephyr.a(power.c.obj)
                0x00000e98                pm_power_state_set
 .text.pm_state_notify
                0x00000ec0       0x44 zephyr/libzephyr.a(power.c.obj)
 .text.pm_system_suspend
                0x00000f04       0x50 zephyr/libzephyr.a(power.c.obj)
                0x00000f04                pm_system_suspend
 .text.pm_system_resume
                0x00000f54       0x24 zephyr/libzephyr.a(power.c.obj)
                0x00000f54                pm_system_resume
 .text.uart_console_init
                0x00000f78       0x2c zephyr/libzephyr.a(uart_console.c.obj)
 .text.console_out
                0x00000fa4       0x28 zephyr/libzephyr.a(uart_console.c.obj)
 .text.onoff_stop
                0x00000fcc       0x30 zephyr/libzephyr.a(clock_control_nrf.c.obj)
 .text.onoff_start
                0x00000ffc       0x44 zephyr/libzephyr.a(clock_control_nrf.c.obj)
 .text.clk_init
                0x00001040       0x68 zephyr/libzephyr.a(clock_control_nrf.c.obj)
 .text.clkstarted_handle.constprop.0
                0x000010a8       0x34 zephyr/libzephyr.a(clock_control_nrf.c.obj)
 .text.clock_event_handler
                0x000010dc       0x30 zephyr/libzephyr.a(clock_control_nrf.c.obj)
 .text.generic_hfclk_start
                0x0000110c       0x64 zephyr/libzephyr.a(clock_control_nrf.c.obj)
 .text.api_blocking_start
                0x00001170       0x34 zephyr/libzephyr.a(clock_control_nrf.c.obj)
 .text.generic_hfclk_stop
                0x000011a4       0x24 zephyr/libzephyr.a(clock_control_nrf.c.obj)
 .text.z_nrf_clock_control_lf_on
                0x000011c8       0xfc zephyr/libzephyr.a(clock_control_nrf.c.obj)
                0x000011c8                z_nrf_clock_control_lf_on
 .text.sys_clock_timeout_handler
                0x000012c4       0x18 zephyr/libzephyr.a(nrf_rtc_timer.c.obj)
 .text.set_absolute_alarm
                0x000012dc       0x98 zephyr/libzephyr.a(nrf_rtc_timer.c.obj)
 .text.rtc_nrf_isr
                0x00001374       0x50 zephyr/libzephyr.a(nrf_rtc_timer.c.obj)
                0x00001374                rtc_nrf_isr
 .text.z_clock_driver_init
                0x000013c4       0x4c zephyr/libzephyr.a(nrf_rtc_timer.c.obj)
                0x000013c4                z_clock_driver_init
 .text.z_clock_set_timeout
                0x00001410       0x64 zephyr/libzephyr.a(nrf_rtc_timer.c.obj)
                0x00001410                z_clock_set_timeout
 .text.z_clock_elapsed
                0x00001474       0x34 zephyr/libzephyr.a(nrf_rtc_timer.c.obj)
                0x00001474                z_clock_elapsed
 .text.arch_swap
                0x000014a8       0x34 zephyr/arch/arch/arm/core/aarch32/libarch__arm__core__aarch32.a(swap.c.obj)
                0x000014a8                arch_swap
 .text.z_arm_pendsv
                0x000014dc       0x58 zephyr/arch/arch/arm/core/aarch32/libarch__arm__core__aarch32.a(swap_helper.S.obj)
                0x000014dc                z_arm_pendsv
 .text.z_arm_svc
                0x00001534       0x20 zephyr/arch/arch/arm/core/aarch32/libarch__arm__core__aarch32.a(swap_helper.S.obj)
                0x00001534                z_arm_svc
 .text.arch_irq_enable
                0x00001554       0x20 zephyr/arch/arch/arm/core/aarch32/libarch__arm__core__aarch32.a(irq_manage.c.obj)
                0x00001554                arch_irq_enable
 .text.arch_irq_is_enabled
                0x00001574       0x1c zephyr/arch/arch/arm/core/aarch32/libarch__arm__core__aarch32.a(irq_manage.c.obj)
                0x00001574                arch_irq_is_enabled
 .text.z_arm_irq_priority_set
                0x00001590       0x2c zephyr/arch/arch/arm/core/aarch32/libarch__arm__core__aarch32.a(irq_manage.c.obj)
                0x00001590                z_arm_irq_priority_set
 .text.arch_new_thread
                0x000015bc       0x38 zephyr/arch/arch/arm/core/aarch32/libarch__arm__core__aarch32.a(thread.c.obj)
                0x000015bc                arch_new_thread
 .text.arch_switch_to_main_thread
                0x000015f4       0x34 zephyr/arch/arch/arm/core/aarch32/libarch__arm__core__aarch32.a(thread.c.obj)
                0x000015f4                arch_switch_to_main_thread
 .text.z_arm_cpu_idle_init
                0x00001628        0xc zephyr/arch/arch/arm/core/aarch32/libarch__arm__core__aarch32.a(cpu_idle.S.obj)
                0x00001628                z_arm_cpu_idle_init
 .text.arch_cpu_idle
                0x00001634       0x1c zephyr/arch/arch/arm/core/aarch32/libarch__arm__core__aarch32.a(cpu_idle.S.obj)
                0x00001634                arch_cpu_idle
 .text.arch_cpu_atomic_idle
                0x00001650       0x14 zephyr/arch/arch/arm/core/aarch32/libarch__arm__core__aarch32.a(cpu_idle.S.obj)
                0x00001650                arch_cpu_atomic_idle
 .text.z_SysNmiOnReset
                0x00001664        0x8 zephyr/arch/arch/arm/core/aarch32/libarch__arm__core__aarch32.a(nmi_on_reset.S.obj)
                0x00001664                z_SysNmiOnReset
 .text.z_arm_prep_c
                0x0000166c       0x44 zephyr/arch/arch/arm/core/aarch32/libarch__arm__core__aarch32.a(prep_c.c.obj)
                0x0000166c                z_arm_prep_c
 .text._isr_wrapper
                0x000016b0       0x40 zephyr/arch/arch/arm/core/aarch32/libarch__arm__core__aarch32.a(isr_wrapper.S.obj)
                0x000016b0                _isr_wrapper
 .text._reset_section
                0x000016f0       0x30 zephyr/arch/arch/arm/core/aarch32/cortex_m/libarch__arm__core__aarch32__cortex_m.a(reset.S.obj)
                0x000016f0                __start
                0x000016f0                z_arm_reset
 .text.__fault  0x00001720       0x14 zephyr/arch/arch/arm/core/aarch32/cortex_m/libarch__arm__core__aarch32__cortex_m.a(fault_s.S.obj)
                0x00001720                z_arm_usage_fault
                0x00001720                z_arm_mpu_fault
                0x00001720                z_arm_exc_spurious
                0x00001720                z_arm_debug_monitor
                0x00001720                z_arm_hard_fault
                0x00001720                z_arm_bus_fault
 .text.usage_fault.constprop.0
                0x00001734       0x2c zephyr/arch/arch/arm/core/aarch32/cortex_m/libarch__arm__core__aarch32__cortex_m.a(fault.c.obj)
 .text.bus_fault.constprop.0
                0x00001760       0x3c zephyr/arch/arch/arm/core/aarch32/cortex_m/libarch__arm__core__aarch32__cortex_m.a(fault.c.obj)
 .text.mem_manage_fault.constprop.0
                0x0000179c       0x40 zephyr/arch/arch/arm/core/aarch32/cortex_m/libarch__arm__core__aarch32__cortex_m.a(fault.c.obj)
 .text.z_arm_fault
                0x000017dc       0xe0 zephyr/arch/arch/arm/core/aarch32/cortex_m/libarch__arm__core__aarch32__cortex_m.a(fault.c.obj)
                0x000017dc                z_arm_fault
 .text.z_arm_fault_init
                0x000018bc       0x18 zephyr/arch/arch/arm/core/aarch32/cortex_m/libarch__arm__core__aarch32__cortex_m.a(fault.c.obj)
                0x000018bc                z_arm_fault_init
 .text._HandlerModeExit
                0x000018d4       0x1c zephyr/arch/arch/arm/core/aarch32/cortex_m/libarch__arm__core__aarch32__cortex_m.a(exc_exit.S.obj)
                0x000018d4                z_arm_int_exit
                0x000018d4                z_arm_exc_exit
 .text.z_arm_interrupt_init
                0x000018f0       0x18 zephyr/arch/arch/arm/core/aarch32/cortex_m/libarch__arm__core__aarch32__cortex_m.a(irq_init.c.obj)
                0x000018f0                z_arm_interrupt_init
 .text.z_impl_k_thread_abort
                0x00001908       0x24 zephyr/arch/arch/arm/core/aarch32/cortex_m/libarch__arm__core__aarch32__cortex_m.a(thread_abort.c.obj)
                0x00001908                z_impl_k_thread_abort
 .text.z_arm_configure_static_mpu_regions
                0x0000192c       0x38 zephyr/arch/arch/arm/core/aarch32/cortex_m/mpu/libarch__arm__core__aarch32__cortex_m__mpu.a(arm_core_mpu.c.obj)
                0x0000192c                z_arm_configure_static_mpu_regions
 .text.region_init
                0x00001964       0x34 zephyr/arch/arch/arm/core/aarch32/cortex_m/mpu/libarch__arm__core__aarch32__cortex_m__mpu.a(arm_mpu.c.obj)
 .text.mpu_configure_regions_and_partition.constprop.0
                0x00001998      0x15c zephyr/arch/arch/arm/core/aarch32/cortex_m/mpu/libarch__arm__core__aarch32__cortex_m__mpu.a(arm_mpu.c.obj)
 .text.arm_core_mpu_enable
                0x00001af4       0x18 zephyr/arch/arch/arm/core/aarch32/cortex_m/mpu/libarch__arm__core__aarch32__cortex_m__mpu.a(arm_mpu.c.obj)
                0x00001af4                arm_core_mpu_enable
 .text.arm_core_mpu_disable
                0x00001b0c       0x14 zephyr/arch/arch/arm/core/aarch32/cortex_m/mpu/libarch__arm__core__aarch32__cortex_m__mpu.a(arm_mpu.c.obj)
                0x00001b0c                arm_core_mpu_disable
 .text.arm_mpu_init
                0x00001b20       0x4c zephyr/arch/arch/arm/core/aarch32/cortex_m/mpu/libarch__arm__core__aarch32__cortex_m__mpu.a(arm_mpu.c.obj)
 .text.arm_core_mpu_configure_static_mpu_regions
                0x00001b6c       0x14 zephyr/arch/arch/arm/core/aarch32/cortex_m/mpu/libarch__arm__core__aarch32__cortex_m__mpu.a(arm_mpu.c.obj)
                0x00001b6c                arm_core_mpu_configure_static_mpu_regions
 .text.arm_core_mpu_mark_areas_for_dynamic_regions
                0x00001b80       0xb8 zephyr/arch/arch/arm/core/aarch32/cortex_m/mpu/libarch__arm__core__aarch32__cortex_m__mpu.a(arm_mpu.c.obj)
                0x00001b80                arm_core_mpu_mark_areas_for_dynamic_regions
 .text.__stdout_hook_install
                0x00001c38        0xc zephyr/lib/libc/minimal/liblib__libc__minimal.a(stdout_console.c.obj)
                0x00001c38                __stdout_hook_install
 .text.gpio_nrfx_init
                0x00001c44       0x30 zephyr/drivers/gpio/libdrivers__gpio.a(gpio_nrfx.c.obj)
 .text.gpio_nrfx_config
                0x00001c74       0xc0 zephyr/drivers/gpio/libdrivers__gpio.a(gpio_nrfx.c.obj)
 .text.nrf_gpio_cfg_sense_set
                0x00001d34       0x30 zephyr/drivers/gpio/libdrivers__gpio.a(gpio_nrfx.c.obj)
 .text.gpiote_event_handler
                0x00001d64       0xc4 zephyr/drivers/gpio/libdrivers__gpio.a(gpio_nrfx.c.obj)
 .text.gpio_nrfx_pin_interrupt_configure
                0x00001e28      0x1b8 zephyr/drivers/gpio/libdrivers__gpio.a(gpio_nrfx.c.obj)
 .text.nrf_gpio_pin_port_decode
                0x00001fe0       0x20 zephyr/drivers/serial/libdrivers__serial.a(uart_nrfx_uarte.c.obj)
 .text.uarte_nrfx_configure
                0x00002000      0x180 zephyr/drivers/serial/libdrivers__serial.a(uart_nrfx_uarte.c.obj)
 .text.uarte_nrfx_poll_out
                0x00002180       0xb8 zephyr/drivers/serial/libdrivers__serial.a(uart_nrfx_uarte.c.obj)
 .text.uarte_0_init
                0x00002238      0x138 zephyr/drivers/serial/libdrivers__serial.a(uart_nrfx_uarte.c.obj)
 .text.nrf53_errata_42
                0x00002370       0x24 modules/hal_nordic/nrfx/libmodules__hal_nordic__nrfx.a(system_nrf5340_application.c.obj)
 .text.SystemCoreClockUpdate
                0x00002394       0x20 modules/hal_nordic/nrfx/libmodules__hal_nordic__nrfx.a(system_nrf5340_application.c.obj)
                0x00002394                SystemCoreClockUpdate
 .text.SystemInit
                0x000023b4      0x110 modules/hal_nordic/nrfx/libmodules__hal_nordic__nrfx.a(system_nrf5340_application.c.obj)
                0x000023b4                SystemInit
 .text.nrfx_clock_init
                0x000024c4       0x20 modules/hal_nordic/nrfx/libmodules__hal_nordic__nrfx.a(nrfx_clock.c.obj)
                0x000024c4                nrfx_clock_init
 .text.nrfx_power_clock_irq_handler
                0x000024e4       0xb0 modules/hal_nordic/nrfx/libmodules__hal_nordic__nrfx.a(nrfx_clock.c.obj)
                0x000024e4                nrfx_power_clock_irq_handler
 .text.nrfx_dppi_channel_alloc
                0x00002594       0x38 modules/hal_nordic/nrfx/libmodules__hal_nordic__nrfx.a(nrfx_dppi.c.obj)
                0x00002594                nrfx_dppi_channel_alloc
 .text.nrfx_gpiote_channel_free
                0x000025cc       0x40 modules/hal_nordic/nrfx/libmodules__hal_nordic__nrfx.a(nrfx_gpiote.c.obj)
                0x000025cc                nrfx_gpiote_channel_free
 .text.nrfx_gpiote_channel_alloc
                0x0000260c       0x70 modules/hal_nordic/nrfx/libmodules__hal_nordic__nrfx.a(nrfx_gpiote.c.obj)
                0x0000260c                nrfx_gpiote_channel_alloc
 .text.z_sys_init_run_level
                0x0000267c       0x40 zephyr/kernel/libkernel.a(device.c.obj)
                0x0000267c                z_sys_init_run_level
 .text.z_impl_device_get_binding
                0x000026bc       0x54 zephyr/kernel/libkernel.a(device.c.obj)
                0x000026bc                z_impl_device_get_binding
 .text.idle     0x00002710       0x2c zephyr/kernel/libkernel.a(idle.c.obj)
                0x00002710                idle
 .text.z_bss_zero
                0x0000273c       0x14 zephyr/kernel/libkernel.a(init.c.obj)
                0x0000273c                z_bss_zero
 .text.bg_thread_main
                0x00002750       0x34 zephyr/kernel/libkernel.a(init.c.obj)
 .text.z_cstart
                0x00002784      0x104 zephyr/kernel/libkernel.a(init.c.obj)
                0x00002784                z_cstart
 .text.z_reset_time_slice
                0x00002888       0x2c zephyr/kernel/libkernel.a(sched.c.obj)
                0x00002888                z_reset_time_slice
 .text.k_sched_time_slice_set
                0x000028b4       0x60 zephyr/kernel/libkernel.a(sched.c.obj)
                0x000028b4                k_sched_time_slice_set
 .text.z_reschedule
                0x00002914       0x24 zephyr/kernel/libkernel.a(sched.c.obj)
                0x00002914                z_reschedule
 .text.k_sched_lock
                0x00002938       0x28 zephyr/kernel/libkernel.a(sched.c.obj)
                0x00002938                k_sched_lock
 .text.update_cache
                0x00002960       0x3c zephyr/kernel/libkernel.a(sched.c.obj)
 .text.unready_thread
                0x0000299c       0x30 zephyr/kernel/libkernel.a(sched.c.obj)
 .text.pend     0x000029cc       0x4c zephyr/kernel/libkernel.a(sched.c.obj)
 .text.z_pend_curr
                0x00002a18       0x28 zephyr/kernel/libkernel.a(sched.c.obj)
                0x00002a18                z_pend_curr
 .text.z_impl_k_thread_suspend
                0x00002a40       0x64 zephyr/kernel/libkernel.a(sched.c.obj)
                0x00002a40                z_impl_k_thread_suspend
 .text.k_sched_unlock
                0x00002aa4       0x38 zephyr/kernel/libkernel.a(sched.c.obj)
                0x00002aa4                k_sched_unlock
 .text.move_thread_to_end_of_prio_q
                0x00002adc       0x74 zephyr/kernel/libkernel.a(sched.c.obj)
 .text.z_time_slice
                0x00002b50       0x80 zephyr/kernel/libkernel.a(sched.c.obj)
                0x00002b50                z_time_slice
 .text.ready_thread
                0x00002bd0       0x6c zephyr/kernel/libkernel.a(sched.c.obj)
 .text.z_sched_start
                0x00002c3c       0x3c zephyr/kernel/libkernel.a(sched.c.obj)
                0x00002c3c                z_sched_start
 .text.z_sched_init
                0x00002c78       0x18 zephyr/kernel/libkernel.a(sched.c.obj)
                0x00002c78                z_sched_init
 .text.z_impl_k_yield
                0x00002c90       0xa0 zephyr/kernel/libkernel.a(sched.c.obj)
                0x00002c90                z_impl_k_yield
 .text.z_tick_sleep
                0x00002d30       0x78 zephyr/kernel/libkernel.a(sched.c.obj)
 .text.z_impl_k_sleep
                0x00002da8       0x34 zephyr/kernel/libkernel.a(sched.c.obj)
                0x00002da8                z_impl_k_sleep
 .text.z_impl_k_current_get
                0x00002ddc        0xc zephyr/kernel/libkernel.a(sched.c.obj)
                0x00002ddc                z_impl_k_current_get
 .text.z_thread_abort
                0x00002de8       0xa4 zephyr/kernel/libkernel.a(sched.c.obj)
                0x00002de8                z_thread_abort
 .text.z_impl_k_sem_give
                0x00002e8c       0x40 zephyr/kernel/libkernel.a(sem.c.obj)
                0x00002e8c                z_impl_k_sem_give
 .text.z_impl_k_sem_take
                0x00002ecc       0x50 zephyr/kernel/libkernel.a(sem.c.obj)
                0x00002ecc                z_impl_k_sem_take
 .text.z_setup_new_thread
                0x00002f1c       0x60 zephyr/kernel/libkernel.a(thread.c.obj)
                0x00002f1c                z_setup_new_thread
 .text.z_init_static_threads
                0x00002f7c       0xb8 zephyr/kernel/libkernel.a(thread.c.obj)
                0x00002f7c                z_init_static_threads
 .text.boot_banner
                0x00003034       0x18 zephyr/kernel/libkernel.a(banner.c.obj)
                0x00003034                boot_banner
 .text.z_data_copy
                0x0000304c       0x34 zephyr/kernel/libkernel.a(xip.c.obj)
                0x0000304c                z_data_copy
 .text.elapsed  0x00003080       0x14 zephyr/kernel/libkernel.a(timeout.c.obj)
 .text.next_timeout
                0x00003094       0x50 zephyr/kernel/libkernel.a(timeout.c.obj)
 .text.remove_timeout
                0x000030e4       0x34 zephyr/kernel/libkernel.a(timeout.c.obj)
 .text.z_add_timeout
                0x00003118      0x108 zephyr/kernel/libkernel.a(timeout.c.obj)
                0x00003118                z_add_timeout
 .text.z_clock_announce
                0x00003220       0xb8 zephyr/kernel/libkernel.a(timeout.c.obj)
                0x00003220                z_clock_announce
 .text.z_tick_get
                0x000032d8       0x30 zephyr/kernel/libkernel.a(timeout.c.obj)
                0x000032d8                z_tick_get
 .text.multiply
                0x00003308        0x4 app/libapp.a(multiply.c.obj)
                0x00003308                multiply
 .text.sys_notify_validate
                0x0000330c       0x22 zephyr/libzephyr.a(notify.c.obj)
                0x0000330c                sys_notify_validate
 .text.sys_notify_finalize
                0x0000332e       0x1a zephyr/libzephyr.a(notify.c.obj)
                0x0000332e                sys_notify_finalize
 .text.arch_printk_char_out
                0x00003348        0x4 zephyr/libzephyr.a(printk.c.obj)
                0x00003348                arch_printk_char_out
 .text.printk   0x0000334c       0x1a zephyr/libzephyr.a(printk.c.obj)
                0x0000334c                printk
 .text.process_recheck
                0x00003366       0x38 zephyr/libzephyr.a(onoff.c.obj)
 .text.notify_one
                0x0000339e       0x2c zephyr/libzephyr.a(onoff.c.obj)
 .text.transition_complete
                0x000033ca       0x1c zephyr/libzephyr.a(onoff.c.obj)
 .text.validate_args
                0x000033e6       0x1e zephyr/libzephyr.a(onoff.c.obj)
 .text.onoff_manager_init
                0x00003404       0x26 zephyr/libzephyr.a(onoff.c.obj)
                0x00003404                onoff_manager_init
 .text.onoff_request
                0x0000342a       0x92 zephyr/libzephyr.a(onoff.c.obj)
                0x0000342a                onoff_request
 .text.z_thread_entry
                0x000034bc       0x14 zephyr/libzephyr.a(thread_entry.c.obj)
                0x000034bc                z_thread_entry
 .text.encode_uint
                0x000034d0       0x8c zephyr/libzephyr.a(cbprintf_complete.c.obj)
 .text.outs     0x0000355c       0x2c zephyr/libzephyr.a(cbprintf_complete.c.obj)
 .text._ConfigAbsSyms
                0x00003588        0x2 zephyr/libzephyr.a(configs.c.obj)
                0x00003588                _ConfigAbsSyms
 .text.z_platform_init
                0x0000358a        0x4 zephyr/libzephyr.a(soc.c.obj)
                0x0000358a                z_platform_init
 .text.pm_power_state_exit_post_ops
                0x0000358e       0x16 zephyr/libzephyr.a(power.c.obj)
                0x0000358e                pm_power_state_exit_post_ops
 .text.pm_policy_next_state
                0x000035a4        0x8 zephyr/libzephyr.a(policy_residency.c.obj)
                0x000035a4                pm_policy_next_state
 .text.get_status
                0x000035ac       0x12 zephyr/libzephyr.a(clock_control_nrf.c.obj)
 .text.set_on_state
                0x000035be       0x26 zephyr/libzephyr.a(clock_control_nrf.c.obj)
 .text.stop     0x000035e4       0x52 zephyr/libzephyr.a(clock_control_nrf.c.obj)
 .text.api_stop
                0x00003636        0x6 zephyr/libzephyr.a(clock_control_nrf.c.obj)
 .text.async_start
                0x0000363c       0x62 zephyr/libzephyr.a(clock_control_nrf.c.obj)
 .text.api_start
                0x0000369e        0xe zephyr/libzephyr.a(clock_control_nrf.c.obj)
 .text.onoff_started_callback
                0x000036ac       0x12 zephyr/libzephyr.a(clock_control_nrf.c.obj)
 .text.hfclkaudio_start
                0x000036be        0x6 zephyr/libzephyr.a(clock_control_nrf.c.obj)
 .text.hfclk192m_start
                0x000036c4        0x6 zephyr/libzephyr.a(clock_control_nrf.c.obj)
 .text.lfclk_start
                0x000036ca        0x6 zephyr/libzephyr.a(clock_control_nrf.c.obj)
 .text.hfclkaudio_stop
                0x000036d0        0x6 zephyr/libzephyr.a(clock_control_nrf.c.obj)
 .text.hfclk192m_stop
                0x000036d6        0x6 zephyr/libzephyr.a(clock_control_nrf.c.obj)
 .text.lfclk_stop
                0x000036dc        0x6 zephyr/libzephyr.a(clock_control_nrf.c.obj)
 .text.blocking_start_callback
                0x000036e2        0x6 zephyr/libzephyr.a(clock_control_nrf.c.obj)
 .text.z_clock_isr
                0x000036e8        0x2 zephyr/libzephyr.a(sys_clock_init.c.obj)
                0x000036e8                z_clock_isr
 .text.z_clock_idle_exit
                0x000036ea        0x2 zephyr/libzephyr.a(sys_clock_init.c.obj)
                0x000036ea                z_clock_idle_exit
 .text.z_irq_spurious
                0x000036ec        0x8 zephyr/arch/arch/arm/core/aarch32/libarch__arm__core__aarch32.a(irq_manage.c.obj)
                0x000036ec                z_irq_spurious
 .text.configure_builtin_stack_guard
                0x000036f4        0x8 zephyr/arch/arch/arm/core/aarch32/libarch__arm__core__aarch32.a(thread.c.obj)
                0x000036f4                configure_builtin_stack_guard
 .text.z_arm_fatal_error
                0x000036fc        0x4 zephyr/arch/arch/arm/core/aarch32/libarch__arm__core__aarch32.a(fatal.c.obj)
                0x000036fc                z_arm_fatal_error
 .text.z_do_kernel_oops
                0x00003700        0x8 zephyr/arch/arch/arm/core/aarch32/libarch__arm__core__aarch32.a(fatal.c.obj)
                0x00003700                z_do_kernel_oops
 .text.z_arm_nmi
                0x00003708        0xe zephyr/arch/arch/arm/core/aarch32/libarch__arm__core__aarch32.a(nmi.c.obj)
                0x00003708                z_arm_nmi
 .text.mpu_configure_region
                0x00003716       0x3a zephyr/arch/arch/arm/core/aarch32/cortex_m/mpu/libarch__arm__core__aarch32__cortex_m__mpu.a(arm_mpu.c.obj)
 .text.arm_cmse_mpu_region_get
                0x00003750       0x12 zephyr/arch/arch/arm/core/aarch32/cortex_m/cmse/libarch__arm__core__aarch32__cortex_m__cmse.a(arm_core_cmse.c.obj)
                0x00003750                arm_cmse_mpu_region_get
 .text.strlen   0x00003762        0xe zephyr/lib/libc/minimal/liblib__libc__minimal.a(string.c.obj)
                0x00003762                strlen
 .text.strnlen  0x00003770       0x12 zephyr/lib/libc/minimal/liblib__libc__minimal.a(string.c.obj)
                0x00003770                strnlen
 .text.strcmp   0x00003782       0x18 zephyr/lib/libc/minimal/liblib__libc__minimal.a(string.c.obj)
                0x00003782                strcmp
 .text.memcpy   0x0000379a       0x56 zephyr/lib/libc/minimal/liblib__libc__minimal.a(string.c.obj)
                0x0000379a                memcpy
 .text.memset   0x000037f0       0x46 zephyr/lib/libc/minimal/liblib__libc__minimal.a(string.c.obj)
                0x000037f0                memset
 .text._stdout_hook_default
                0x00003836        0x6 zephyr/lib/libc/minimal/liblib__libc__minimal.a(stdout_console.c.obj)
 .text.gpio_nrfx_port_get_raw
                0x0000383c        0xc zephyr/drivers/gpio/libdrivers__gpio.a(gpio_nrfx.c.obj)
 .text.gpio_nrfx_port_set_masked_raw
                0x00003848       0x12 zephyr/drivers/gpio/libdrivers__gpio.a(gpio_nrfx.c.obj)
 .text.gpio_nrfx_port_set_bits_raw
                0x0000385a        0xa zephyr/drivers/gpio/libdrivers__gpio.a(gpio_nrfx.c.obj)
 .text.gpio_nrfx_port_clear_bits_raw
                0x00003864        0xa zephyr/drivers/gpio/libdrivers__gpio.a(gpio_nrfx.c.obj)
 .text.gpio_nrfx_port_toggle_bits
                0x0000386e        0xe zephyr/drivers/gpio/libdrivers__gpio.a(gpio_nrfx.c.obj)
 .text.gpio_nrfx_manage_callback
                0x0000387c       0x54 zephyr/drivers/gpio/libdrivers__gpio.a(gpio_nrfx.c.obj)
 .text.gpio_fire_callbacks.isra.0
                0x000038d0       0x22 zephyr/drivers/gpio/libdrivers__gpio.a(gpio_nrfx.c.obj)
 .text.cfg_level_pins
                0x000038f2       0x4c zephyr/drivers/gpio/libdrivers__gpio.a(gpio_nrfx.c.obj)
 .text.check_level_trigger_pins
                0x0000393e       0x50 zephyr/drivers/gpio/libdrivers__gpio.a(gpio_nrfx.c.obj)
 .text.uarte_nrfx_config_get
                0x0000398e       0x10 zephyr/drivers/serial/libdrivers__serial.a(uart_nrfx_uarte.c.obj)
 .text.uarte_nrfx_err_check
                0x0000399e        0xe zephyr/drivers/serial/libdrivers__serial.a(uart_nrfx_uarte.c.obj)
 .text.uarte_nrfx_poll_in
                0x000039ac       0x26 zephyr/drivers/serial/libdrivers__serial.a(uart_nrfx_uarte.c.obj)
 .text.is_tx_ready.isra.0
                0x000039d2       0x1e zephyr/drivers/serial/libdrivers__serial.a(uart_nrfx_uarte.c.obj)
 .text.uarte_nrfx_isr_int
                0x000039f0       0x40 zephyr/drivers/serial/libdrivers__serial.a(uart_nrfx_uarte.c.obj)
 .text.nrfx_isr
                0x00003a30        0x2 modules/hal_nordic/nrfx/libmodules__hal_nordic__nrfx.a(nrfx_glue.c.obj)
                0x00003a30                nrfx_isr
 .text.nrfx_busy_wait
                0x00003a32        0x4 modules/hal_nordic/nrfx/libmodules__hal_nordic__nrfx.a(nrfx_glue.c.obj)
                0x00003a32                nrfx_busy_wait
 .text.nrfx_clock_enable
                0x00003a36       0x20 modules/hal_nordic/nrfx/libmodules__hal_nordic__nrfx.a(nrfx_clock.c.obj)
                0x00003a36                nrfx_clock_enable
 .text.nrfx_clock_start
                0x00003a56       0x9e modules/hal_nordic/nrfx/libmodules__hal_nordic__nrfx.a(nrfx_clock.c.obj)
                0x00003a56                nrfx_clock_start
 .text.nrfx_clock_stop
                0x00003af4       0xca modules/hal_nordic/nrfx/libmodules__hal_nordic__nrfx.a(nrfx_clock.c.obj)
                0x00003af4                nrfx_clock_stop
 .text.z_device_state_init
                0x00003bbe        0x2 zephyr/kernel/libkernel.a(device.c.obj)
                0x00003bbe                z_device_state_init
 .text.z_device_ready
                0x00003bc0       0x12 zephyr/kernel/libkernel.a(device.c.obj)
                0x00003bc0                z_device_ready
 .text.arch_system_halt
                0x00003bd2       0x12 zephyr/kernel/libkernel.a(fatal.c.obj)
                0x00003bd2                arch_system_halt
 .text.k_sys_fatal_error_handler
                0x00003be4        0x6 zephyr/kernel/libkernel.a(fatal.c.obj)
                0x00003be4                k_sys_fatal_error_handler
 .text.z_fatal_error
                0x00003bea       0x36 zephyr/kernel/libkernel.a(fatal.c.obj)
                0x00003bea                z_fatal_error
 .text.z_pm_save_idle_exit
                0x00003c20        0xe zephyr/kernel/libkernel.a(idle.c.obj)
                0x00003c20                z_pm_save_idle_exit
 .text.sys_dlist_remove
                0x00003c2e       0x10 zephyr/kernel/libkernel.a(sched.c.obj)
 .text.unpend_thread_no_timeout
                0x00003c3e       0x14 zephyr/kernel/libkernel.a(sched.c.obj)
 .text.z_reschedule_irqlock
                0x00003c52       0x18 zephyr/kernel/libkernel.a(sched.c.obj)
                0x00003c52                z_reschedule_irqlock
 .text.z_reschedule_unlocked
                0x00003c6a       0x14 zephyr/kernel/libkernel.a(sched.c.obj)
 .text.z_priq_dumb_best
                0x00003c7e        0xc zephyr/kernel/libkernel.a(sched.c.obj)
                0x00003c7e                z_priq_dumb_best
 .text.add_to_waitq_locked
                0x00003c8a       0x54 zephyr/kernel/libkernel.a(sched.c.obj)
 .text.z_ready_thread
                0x00003cde       0x20 zephyr/kernel/libkernel.a(sched.c.obj)
                0x00003cde                z_ready_thread
 .text.z_thread_timeout
                0x00003cfe       0x44 zephyr/kernel/libkernel.a(sched.c.obj)
                0x00003cfe                z_thread_timeout
 .text.z_unpend_first_thread
                0x00003d42       0x30 zephyr/kernel/libkernel.a(sched.c.obj)
                0x00003d42                z_unpend_first_thread
 .text.k_is_in_isr
                0x00003d72        0xc zephyr/kernel/libkernel.a(thread.c.obj)
                0x00003d72                k_is_in_isr
 .text.z_impl_k_busy_wait
                0x00003d7e        0x8 zephyr/kernel/libkernel.a(thread.c.obj)
                0x00003d7e                z_impl_k_busy_wait
 .text.z_abort_timeout
                0x00003d86       0x2c zephyr/kernel/libkernel.a(timeout.c.obj)
                0x00003d86                z_abort_timeout
 .text.z_get_next_timeout_expiry
                0x00003db2       0x20 zephyr/kernel/libkernel.a(timeout.c.obj)
                0x00003db2                z_get_next_timeout_expiry
 .text.z_set_timeout_expiry
                0x00003dd2       0x34 zephyr/kernel/libkernel.a(timeout.c.obj)
                0x00003dd2                z_set_timeout_expiry
 .text.z_tick_get_32
                0x00003e06        0x8 zephyr/kernel/libkernel.a(timeout.c.obj)
                0x00003e06                z_tick_get_32
 .text._OffsetAbsSyms
                0x00003e0e        0x2 zephyr/CMakeFiles/offsets.dir/./arch/arm/core/offsets/offsets.c.obj
                0x00003e0e                _OffsetAbsSyms
 *(SORT_BY_ALIGNMENT(.TEXT.*))
 *(SORT_BY_ALIGNMENT(.gnu.linkonce.t.*))
 *(SORT_BY_ALIGNMENT(.glue_7t))
 .glue_7t       0x00003e10        0x0 linker stubs
 *(SORT_BY_ALIGNMENT(.glue_7))
 .glue_7        0x00003e10        0x0 linker stubs
 *(SORT_BY_ALIGNMENT(.vfp11_veneer))
 .vfp11_veneer  0x00003e10        0x0 linker stubs
 *(SORT_BY_ALIGNMENT(.v4_bx))
 .v4_bx         0x00003e10        0x0 linker stubs
                0x00003e10                _image_text_end = .

.ARM.exidx      0x00003e10        0x8
                0x00003e10                __exidx_start = .
 *(SORT_BY_ALIGNMENT(.ARM.exidx*) SORT_BY_ALIGNMENT(gnu.linkonce.armexidx.*))
 .ARM.exidx     0x00003e10        0x8 c:/program files (x86)/gnu arm embedded toolchain/10 2020-q4-major/bin/../lib/gcc/arm-none-eabi/10.2.1/thumb/v8-m.main/nofp\libgcc.a(_udivmoddi4.o)
                0x00003e18                __exidx_end = .
                0x00003e18                _image_rodata_start = .

initlevel       0x00003e18       0x40
                0x00003e18                __init_start = .
                0x00003e18                __init_PRE_KERNEL_1_start = .
 *(SORT_BY_NAME(SORT_BY_ALIGNMENT(.init_PRE_KERNEL_1[0-9]*)))
 .init_PRE_KERNEL_10
                0x00003e18        0x8 zephyr/libzephyr.a(soc.c.obj)
 .init_PRE_KERNEL_140
                0x00003e20        0x8 zephyr/arch/arch/arm/core/aarch32/cortex_m/mpu/libarch__arm__core__aarch32__cortex_m__mpu.a(arm_mpu.c.obj)
 .init_PRE_KERNEL_150
                0x00003e28        0x8 zephyr/libzephyr.a(clock_control_nrf.c.obj)
 .init_PRE_KERNEL_150
                0x00003e30        0x8 zephyr/drivers/serial/libdrivers__serial.a(uart_nrfx_uarte.c.obj)
 .init_PRE_KERNEL_160
                0x00003e38        0x8 zephyr/libzephyr.a(uart_console.c.obj)
 *(SORT_BY_NAME(SORT_BY_ALIGNMENT(.init_PRE_KERNEL_1[1-9][0-9]*)))
                0x00003e40                __init_PRE_KERNEL_2_start = .
 *(SORT_BY_NAME(SORT_BY_ALIGNMENT(.init_PRE_KERNEL_2[0-9]*)))
 .init_PRE_KERNEL_20
                0x00003e40        0x8 zephyr/libzephyr.a(sys_clock_init.c.obj)
 *(SORT_BY_NAME(SORT_BY_ALIGNMENT(.init_PRE_KERNEL_2[1-9][0-9]*)))
                0x00003e48                __init_POST_KERNEL_start = .
 *(SORT_BY_NAME(SORT_BY_ALIGNMENT(.init_POST_KERNEL[0-9]*)))
 .init_POST_KERNEL40
                0x00003e48       0x10 zephyr/drivers/gpio/libdrivers__gpio.a(gpio_nrfx.c.obj)
 *(SORT_BY_NAME(SORT_BY_ALIGNMENT(.init_POST_KERNEL[1-9][0-9]*)))
                0x00003e58                __init_APPLICATION_start = .
 *(SORT_BY_NAME(SORT_BY_ALIGNMENT(.init_APPLICATION[0-9]*)))
 *(SORT_BY_NAME(SORT_BY_ALIGNMENT(.init_APPLICATION[1-9][0-9]*)))
                0x00003e58                __init_SMP_start = .
 *(SORT_BY_NAME(SORT_BY_ALIGNMENT(.init_SMP[0-9]*)))
 *(SORT_BY_NAME(SORT_BY_ALIGNMENT(.init_SMP[1-9][0-9]*)))
                0x00003e58                __init_end = .

sw_isr_table    0x00003e58      0x228
                0x00003e58                . = ALIGN (0x0)
 *(SORT_BY_ALIGNMENT(.gnu.linkonce.sw_isr_table*))
 .gnu.linkonce.sw_isr_table
                0x00003e58      0x228 zephyr/CMakeFiles/zephyr_final.dir/isr_tables.c.obj
                0x00003e58                _sw_isr_table

initlevel_error
                0x00003e18        0x0
 *(SORT_BY_NAME(SORT_BY_ALIGNMENT(.init_[_A-Z0-9]*)))
                0x00000001                ASSERT ((SIZEOF (initlevel_error) == 0x0), Undefined initialization levels used.)

app_shmem_regions
                0x00004080        0x0
                0x00004080                __app_shmem_regions_start = .
 *(SORT_BY_NAME(SORT_BY_ALIGNMENT(.app_regions.*)))
                0x00004080                __app_shmem_regions_end = .

bt_l2cap_fixed_chan_area
                0x00004080        0x0
                0x00004080                _bt_l2cap_fixed_chan_list_start = .
 *(SORT_BY_NAME(SORT_BY_ALIGNMENT(._bt_l2cap_fixed_chan.static.*)))
                0x00004080                _bt_l2cap_fixed_chan_list_end = .

bt_gatt_service_static_area
                0x00004080        0x0
                0x00004080                _bt_gatt_service_static_list_start = .
 *(SORT_BY_NAME(SORT_BY_ALIGNMENT(._bt_gatt_service_static.static.*)))
                0x00004080                _bt_gatt_service_static_list_end = .

k_p4wq_initparam_area
                0x00004080        0x0
                0x00004080                _k_p4wq_initparam_list_start = .
 *(SORT_BY_NAME(SORT_BY_ALIGNMENT(._k_p4wq_initparam.static.*)))
                0x00004080                _k_p4wq_initparam_list_end = .

log_const_sections
                0x00004080        0x0
                0x00004080                __log_const_start = .
 *(SORT_BY_NAME(SORT_BY_ALIGNMENT(.log_const_*)))
                0x00004080                __log_const_end = .

log_backends_sections
                0x00004080        0x0
                0x00004080                __log_backends_start = .
 *(SORT_BY_ALIGNMENT(._log_backend.*))
                0x00004080                __log_backends_end = .

shell_area      0x00004080        0x0
                0x00004080                _shell_list_start = .
 *(SORT_BY_NAME(SORT_BY_ALIGNMENT(._shell.static.*)))
                0x00004080                _shell_list_end = .

shell_root_cmds_sections
                0x00004080        0x0
                0x00004080                __shell_root_cmds_start = .
 *(SORT_BY_NAME(SORT_BY_ALIGNMENT(.shell_root_cmd_*)))
                0x00004080                __shell_root_cmds_end = .

font_entry_sections
                0x00004080        0x0
                0x00004080                __font_entry_start = .
 *(SORT_BY_NAME(SORT_BY_ALIGNMENT(._cfb_font.*)))
                0x00004080                __font_entry_end = .

tracing_backend_area
                0x00004080        0x0
                0x00004080                _tracing_backend_list_start = .
 *(SORT_BY_NAME(SORT_BY_ALIGNMENT(._tracing_backend.static.*)))
                0x00004080                _tracing_backend_list_end = .

device_handles  0x00004080       0x2a
                0x00004080                __device_handles_start = .
 *(SORT_BY_NAME(SORT_BY_ALIGNMENT(.__device_handles_pass2*)))
 .__device_handles_pass2
                0x00004080       0x2a zephyr/CMakeFiles/zephyr_final.dir/dev_handles.c.obj
                0x00004080                __devicehdl_DT_N_S_soc_S_peripheral_50000000_S_gpio_842800
                0x00004088                __devicehdl_DT_N_S_soc_S_peripheral_50000000_S_gpio_842500
                0x00004090                __devicehdl_sys_init_z_clock_driver_init0
                0x00004096                __devicehdl_DT_N_S_soc_S_peripheral_50000000_S_uart_8000
                0x000040a0                __devicehdl_DT_N_S_soc_S_peripheral_50000000_S_clock_5000
                0x000040aa                __device_handles_end = .

rodata          0x000040b0      0x190
 *(SORT_BY_ALIGNMENT(.rodata))
 *(SORT_BY_ALIGNMENT(.rodata.*))
 .rodata.delay_machine_code.0
                0x000040b0        0x6 zephyr/libzephyr.a(soc.c.obj)
 *fill*         0x000040b6        0x2 
 .rodata.clock_control_api
                0x000040b8       0x14 zephyr/libzephyr.a(clock_control_nrf.c.obj)
 .rodata.config
                0x000040cc       0x20 zephyr/libzephyr.a(clock_control_nrf.c.obj)
 .rodata.transitions.0
                0x000040ec        0xc zephyr/libzephyr.a(clock_control_nrf.c.obj)
 .rodata.static_regions
                0x000040f8        0xc zephyr/arch/arch/arm/core/aarch32/cortex_m/mpu/libarch__arm__core__aarch32__cortex_m__mpu.a(arm_core_mpu.c.obj)
 .rodata.mpu_config
                0x00004104        0x8 zephyr/soc/arm/common/cortex_m/libsoc__arm__common__cortex_m.a(arm_mpu_regions.c.obj)
                0x00004104                mpu_config
 .rodata.mpu_regions
                0x0000410c       0x20 zephyr/soc/arm/common/cortex_m/libsoc__arm__common__cortex_m.a(arm_mpu_regions.c.obj)
 .rodata.gpio_nrfx_drv_api_funcs
                0x0000412c       0x24 zephyr/drivers/gpio/libdrivers__gpio.a(gpio_nrfx.c.obj)
 .rodata.gpio_nrfx_p0_cfg
                0x00004150        0xc zephyr/drivers/gpio/libdrivers__gpio.a(gpio_nrfx.c.obj)
 .rodata.gpio_nrfx_p1_cfg
                0x0000415c        0xc zephyr/drivers/gpio/libdrivers__gpio.a(gpio_nrfx.c.obj)
 .rodata.uart_nrfx_uarte_driver_api
                0x00004168       0x14 zephyr/drivers/serial/libdrivers__serial.a(uart_nrfx_uarte.c.obj)
 .rodata.uarte_0z_config
                0x0000417c        0x8 zephyr/drivers/serial/libdrivers__serial.a(uart_nrfx_uarte.c.obj)
 .rodata.levels.0
                0x00004184       0x14 zephyr/kernel/libkernel.a(device.c.obj)
 .rodata._k_neg_eagain
                0x00004198        0x4 zephyr/kernel/libkernel.a(errno.c.obj)
                0x00004198                _k_neg_eagain
 .rodata.main.str1.1
                0x0000419c       0x17 app/libapp.a(main.c.obj)
 .rodata.cbvprintf.str1.1
                0x000041b3        0x6 zephyr/libzephyr.a(cbprintf_complete.c.obj)
 .rodata.uart_console_init.str1.1
                0x000041b9        0x7 zephyr/libzephyr.a(uart_console.c.obj)
 .rodata.str1.1
                0x000041c0        0x6 zephyr/libzephyr.a(clock_control_nrf.c.obj)
 .rodata.str1.1
                0x000041c6        0xa zephyr/libzephyr.a(sys_clock_init.c.obj)
 .rodata.str1.1
                0x000041d0        0xf zephyr/soc/arm/common/cortex_m/libsoc__arm__common__cortex_m.a(arm_mpu_regions.c.obj)
 .rodata.str1.1
                0x000041df        0xe zephyr/drivers/gpio/libdrivers__gpio.a(gpio_nrfx.c.obj)
 .rodata.str1.1
                0x000041ed        0x7 zephyr/drivers/serial/libdrivers__serial.a(uart_nrfx_uarte.c.obj)
 .rodata.CSWTCH.1
                0x000041ed        0x4 modules/hal_nordic/nrfx/libmodules__hal_nordic__nrfx.a(system_nrf5340_application.c.obj)
 .rodata.z_cstart.str1.1
                0x000041f1        0x5 zephyr/kernel/libkernel.a(init.c.obj)
 .rodata.boot_banner.str1.1
                0x000041f6       0x47 zephyr/kernel/libkernel.a(banner.c.obj)
                                 0x48 (size before relaxing)
 *(SORT_BY_ALIGNMENT(.gnu.linkonce.r.*))
                0x00004240                . = ALIGN (0x4)
 *fill*         0x0000423d        0x3 
                0x00004240                _image_rodata_end = .
                0x00004240                . = ALIGN (_region_min_align)
                0x00004240                _image_rom_end = .
                0x20000000                . = 0x20000000
                0x20000000                . = ALIGN (_region_min_align)
                0x20000000                _image_ram_start = .

.ramfunc        0x20000000        0x0 load address 0x00004240
                0x20000000                . = ALIGN (_region_min_align)
                0x20000000                _ramfunc_ram_start = .
 *(SORT_BY_ALIGNMENT(.ramfunc))
 *(SORT_BY_ALIGNMENT(.ramfunc.*))
                0x20000000                . = ALIGN (_region_min_align)
                0x20000000                _ramfunc_ram_end = .
                0x00000000                _ramfunc_ram_size = (_ramfunc_ram_end - _ramfunc_ram_start)
                0x00004240                _ramfunc_rom_start = LOADADDR (.ramfunc)

datas           0x20000000       0x2c load address 0x00004240
                0x20000000                __data_ram_start = .
 *(SORT_BY_ALIGNMENT(.data))
 *(SORT_BY_ALIGNMENT(.data.*))
 .data._char_out
                0x20000000        0x4 zephyr/libzephyr.a(printk.c.obj)
                0x20000000                _char_out
 .data.post_ops_done
                0x20000004        0x4 zephyr/libzephyr.a(power.c.obj)
 .data._stdout_hook
                0x20000008        0x4 zephyr/lib/libc/minimal/liblib__libc__minimal.a(stdout_console.c.obj)
 .data.uarte_0_data
                0x2000000c       0x14 zephyr/drivers/serial/libdrivers__serial.a(uart_nrfx_uarte.c.obj)
 .data.SystemCoreClock
                0x20000020        0x4 modules/hal_nordic/nrfx/libmodules__hal_nordic__nrfx.a(system_nrf5340_application.c.obj)
                0x20000020                SystemCoreClock
 .data.timeout_list
                0x20000024        0x8 zephyr/kernel/libkernel.a(timeout.c.obj)
 *(SORT_BY_ALIGNMENT(.kernel.*))
                0x00004240                __data_rom_start = LOADADDR (datas)

devices         0x2000002c       0x78 load address 0x0000426c
                0x2000002c                __device_start = .
                0x2000002c                __device_PRE_KERNEL_1_start = .
 *(SORT_BY_NAME(SORT_BY_ALIGNMENT(.device_PRE_KERNEL_1[0-9]*)))
 .device_PRE_KERNEL_150
                0x2000002c       0x18 zephyr/libzephyr.a(clock_control_nrf.c.obj)
                0x2000002c                __device_dts_ord_37
 .device_PRE_KERNEL_150
                0x20000044       0x18 zephyr/drivers/serial/libdrivers__serial.a(uart_nrfx_uarte.c.obj)
                0x20000044                __device_dts_ord_72
 *(SORT_BY_NAME(SORT_BY_ALIGNMENT(.device_PRE_KERNEL_1[1-9][0-9]*)))
                0x2000005c                __device_PRE_KERNEL_2_start = .
 *(SORT_BY_NAME(SORT_BY_ALIGNMENT(.device_PRE_KERNEL_2[0-9]*)))
 .device_PRE_KERNEL_20
                0x2000005c       0x18 zephyr/libzephyr.a(sys_clock_init.c.obj)
 *(SORT_BY_NAME(SORT_BY_ALIGNMENT(.device_PRE_KERNEL_2[1-9][0-9]*)))
                0x20000074                __device_POST_KERNEL_start = .
 *(SORT_BY_NAME(SORT_BY_ALIGNMENT(.device_POST_KERNEL[0-9]*)))
 .device_POST_KERNEL40
                0x20000074       0x30 zephyr/drivers/gpio/libdrivers__gpio.a(gpio_nrfx.c.obj)
                0x20000074                __device_dts_ord_8
                0x2000008c                __device_dts_ord_46
 *(SORT_BY_NAME(SORT_BY_ALIGNMENT(.device_POST_KERNEL[1-9][0-9]*)))
                0x200000a4                __device_APPLICATION_start = .
 *(SORT_BY_NAME(SORT_BY_ALIGNMENT(.device_APPLICATION[0-9]*)))
 *(SORT_BY_NAME(SORT_BY_ALIGNMENT(.device_APPLICATION[1-9][0-9]*)))
                0x200000a4                __device_SMP_start = .
 *(SORT_BY_NAME(SORT_BY_ALIGNMENT(.device_SMP[0-9]*)))
 *(SORT_BY_NAME(SORT_BY_ALIGNMENT(.device_SMP[1-9][0-9]*)))
                0x200000a4                __device_end = .

initshell       0x200000a4        0x0 load address 0x000042e4
                0x200000a4                __shell_module_start = .
 *(SORT_BY_ALIGNMENT(.shell_module_*))
                0x200000a4                __shell_module_end = .
                0x200000a4                __shell_cmd_start = .
 *(SORT_BY_ALIGNMENT(.shell_cmd_*))
                0x200000a4                __shell_cmd_end = .

log_dynamic_sections
                0x200000a4        0x0 load address 0x000042e4
                0x200000a4                __log_dynamic_start = .
 *(SORT_BY_NAME(SORT_BY_ALIGNMENT(.log_dynamic_*)))
                0x200000a4                __log_dynamic_end = .

_static_thread_data_area
                0x200000a4        0x0 load address 0x000042e4
                0x200000a4                __static_thread_data_list_start = .
 *(SORT_BY_NAME(SORT_BY_ALIGNMENT(.__static_thread_data.static.*)))
                0x200000a4                __static_thread_data_list_end = .

k_timer_area    0x200000a4        0x0 load address 0x000042e4
                0x200000a4                _k_timer_list_start = .
 *(SORT_BY_NAME(SORT_BY_ALIGNMENT(._k_timer.static.*)))
                0x200000a4                _k_timer_list_end = .

k_mem_slab_area
                0x200000a4        0x0 load address 0x000042e4
                0x200000a4                _k_mem_slab_list_start = .
 *(SORT_BY_NAME(SORT_BY_ALIGNMENT(._k_mem_slab.static.*)))
                0x200000a4                _k_mem_slab_list_end = .

k_mem_pool_area
                0x200000a4        0x0 load address 0x000042e4
                0x200000a4                _k_mem_pool_list_start = .
 *(SORT_BY_NAME(SORT_BY_ALIGNMENT(._k_mem_pool.static.*)))
                0x200000a4                _k_mem_pool_list_end = .

k_heap_area     0x200000a4        0x0 load address 0x000042e4
                0x200000a4                _k_heap_list_start = .
 *(SORT_BY_NAME(SORT_BY_ALIGNMENT(._k_heap.static.*)))
                0x200000a4                _k_heap_list_end = .

k_mutex_area    0x200000a4        0x0 load address 0x000042e4
                0x200000a4                _k_mutex_list_start = .
 *(SORT_BY_NAME(SORT_BY_ALIGNMENT(._k_mutex.static.*)))
                0x200000a4                _k_mutex_list_end = .

k_stack_area    0x200000a4        0x0 load address 0x000042e4
                0x200000a4                _k_stack_list_start = .
 *(SORT_BY_NAME(SORT_BY_ALIGNMENT(._k_stack.static.*)))
                0x200000a4                _k_stack_list_end = .

k_msgq_area     0x200000a4        0x0 load address 0x000042e4
                0x200000a4                _k_msgq_list_start = .
 *(SORT_BY_NAME(SORT_BY_ALIGNMENT(._k_msgq.static.*)))
                0x200000a4                _k_msgq_list_end = .

k_mbox_area     0x200000a4        0x0 load address 0x000042e4
                0x200000a4                _k_mbox_list_start = .
 *(SORT_BY_NAME(SORT_BY_ALIGNMENT(._k_mbox.static.*)))
                0x200000a4                _k_mbox_list_end = .

k_pipe_area     0x200000a4        0x0 load address 0x000042e4
                0x200000a4                _k_pipe_list_start = .
 *(SORT_BY_NAME(SORT_BY_ALIGNMENT(._k_pipe.static.*)))
                0x200000a4                _k_pipe_list_end = .

k_sem_area      0x200000a4        0x0 load address 0x000042e4
                0x200000a4                _k_sem_list_start = .
 *(SORT_BY_NAME(SORT_BY_ALIGNMENT(._k_sem.static.*)))
                0x200000a4                _k_sem_list_end = .

k_queue_area    0x200000a4        0x0 load address 0x000042e4
                0x200000a4                _k_queue_list_start = .
 *(SORT_BY_NAME(SORT_BY_ALIGNMENT(._k_queue.static.*)))
                0x200000a4                _k_queue_list_end = .

k_condvar_area  0x200000a4        0x0 load address 0x000042e4
                0x200000a4                _k_condvar_list_start = .
 *(SORT_BY_NAME(SORT_BY_ALIGNMENT(._k_condvar.static.*)))
                0x200000a4                _k_condvar_list_end = .

_net_buf_pool_area
                0x200000a4        0x0 load address 0x000042e4
                0x200000a4                _net_buf_pool_list = .
 *(SORT_BY_NAME(SORT_BY_ALIGNMENT(._net_buf_pool.static.*)))
                0x200000a4                __data_ram_end = .

bss             0x200000a8      0x2f3
                0x200000a8                . = ALIGN (0x4)
                0x200000a8                __bss_start = .
                0x200000a8                __kernel_ram_start = .
 *(SORT_BY_ALIGNMENT(.bss))
 *(SORT_BY_ALIGNMENT(.bss.*))
 .bss.z_idle_threads
                0x200000a8       0x80 zephyr/kernel/libkernel.a(init.c.obj)
                0x200000a8                z_idle_threads
 .bss.z_main_thread
                0x20000128       0x80 zephyr/kernel/libkernel.a(init.c.obj)
                0x20000128                z_main_thread
 .bss.curr_tick
                0x200001a8        0x8 zephyr/kernel/libkernel.a(timeout.c.obj)
 .bss.pm_notifiers
                0x200001b0        0x8 zephyr/libzephyr.a(power.c.obj)
 .bss.z_power_state
                0x200001b8        0x8 zephyr/libzephyr.a(power.c.obj)
 .bss.uart_console_dev
                0x200001c0        0x4 zephyr/libzephyr.a(uart_console.c.obj)
 .bss.__devstate_dts_ord_37
                0x200001c4        0x4 zephyr/libzephyr.a(clock_control_nrf.c.obj)
 .bss.cli.1     0x200001c8       0x10 zephyr/libzephyr.a(clock_control_nrf.c.obj)
 .bss.data      0x200001d8       0xa0 zephyr/libzephyr.a(clock_control_nrf.c.obj)
 .bss.hfclk_users
                0x20000278        0x4 zephyr/libzephyr.a(clock_control_nrf.c.obj)
 .bss.on.2      0x2000027c        0x4 zephyr/libzephyr.a(clock_control_nrf.c.obj)
 .bss.__devstate_sys_init_z_clock_driver_init0
                0x20000280        0x4 zephyr/libzephyr.a(sys_clock_init.c.obj)
 .bss.cc_data   0x20000284        0x8 zephyr/libzephyr.a(nrf_rtc_timer.c.obj)
 .bss.int_mask  0x2000028c        0x4 zephyr/libzephyr.a(nrf_rtc_timer.c.obj)
 .bss.last_count
                0x20000290        0x4 zephyr/libzephyr.a(nrf_rtc_timer.c.obj)
 .bss.dyn_reg_info
                0x20000294       0x14 zephyr/arch/arch/arm/core/aarch32/cortex_m/mpu/libarch__arm__core__aarch32__cortex_m__mpu.a(arm_mpu.c.obj)
 .bss.__devstate_dts_ord_46
                0x200002a8        0x4 zephyr/drivers/gpio/libdrivers__gpio.a(gpio_nrfx.c.obj)
 .bss.__devstate_dts_ord_8
                0x200002ac        0x4 zephyr/drivers/gpio/libdrivers__gpio.a(gpio_nrfx.c.obj)
 .bss.gpio_nrfx_p0_data
                0x200002b0       0x1c zephyr/drivers/gpio/libdrivers__gpio.a(gpio_nrfx.c.obj)
 .bss.gpio_nrfx_p1_data
                0x200002cc       0x1c zephyr/drivers/gpio/libdrivers__gpio.a(gpio_nrfx.c.obj)
 .bss.__devstate_dts_ord_72
                0x200002e8        0x4 zephyr/drivers/serial/libdrivers__serial.a(uart_nrfx_uarte.c.obj)
 .bss.m_clock_cb
                0x200002ec        0x8 modules/hal_nordic/nrfx/libmodules__hal_nordic__nrfx.a(nrfx_clock.c.obj)
 .bss.m_allocated_channels
                0x200002f4        0x4 modules/hal_nordic/nrfx/libmodules__hal_nordic__nrfx.a(nrfx_dppi.c.obj)
 .bss.m_cb      0x200002f8       0x60 modules/hal_nordic/nrfx/libmodules__hal_nordic__nrfx.a(nrfx_gpiote.c.obj)
 .bss._kernel   0x20000358       0x30 zephyr/kernel/libkernel.a(sched.c.obj)
                0x20000358                _kernel
 .bss.pending_current
                0x20000388        0x4 zephyr/kernel/libkernel.a(sched.c.obj)
 .bss.slice_max_prio
                0x2000038c        0x4 zephyr/kernel/libkernel.a(sched.c.obj)
 .bss.slice_time
                0x20000390        0x4 zephyr/kernel/libkernel.a(sched.c.obj)
 .bss.announce_remaining
                0x20000394        0x4 zephyr/kernel/libkernel.a(timeout.c.obj)
 .bss.static_regions_num
                0x20000398        0x1 zephyr/arch/arch/arm/core/aarch32/cortex_m/mpu/libarch__arm__core__aarch32__cortex_m__mpu.a(arm_mpu.c.obj)
 .bss.gpio_initialized.0
                0x20000399        0x1 zephyr/drivers/gpio/libdrivers__gpio.a(gpio_nrfx.c.obj)
 .bss.z_sys_post_kernel
                0x2000039a        0x1 zephyr/kernel/libkernel.a(init.c.obj)
                0x2000039a                z_sys_post_kernel
 .bss.sched_spinlock
                0x2000039b        0x0 zephyr/kernel/libkernel.a(sched.c.obj)
                0x2000039b                sched_spinlock
 .bss.lock      0x2000039b        0x0 zephyr/kernel/libkernel.a(sem.c.obj)
 *(SORT_BY_ALIGNMENT(COMMON))
 *(SORT_BY_ALIGNMENT(.kernel_bss.*))
                0x2000039c                __bss_end = ALIGN (0x4)

noinit          0x200003a0      0xd40
 *(SORT_BY_ALIGNMENT(.noinit))
 *(SORT_BY_ALIGNMENT(.noinit.*))
 .noinit."WEST_TOPDIR/zephyr/kernel/init.c".2
                0x200003a0      0x400 zephyr/kernel/libkernel.a(init.c.obj)
                0x200003a0                z_main_stack
 .noinit."WEST_TOPDIR/zephyr/kernel/init.c".3
                0x200007a0      0x140 zephyr/kernel/libkernel.a(init.c.obj)
 .noinit."WEST_TOPDIR/zephyr/kernel/init.c".4
                0x200008e0      0x800 zephyr/kernel/libkernel.a(init.c.obj)
                0x200008e0                z_interrupt_stacks
 *(SORT_BY_ALIGNMENT(.kernel_noinit.*))
                0x200010e0                _image_ram_end = .
                0x200010e0                _end = .
                0x20070000                __kernel_ram_end = 0x20070000
                0x0006ff58                __kernel_ram_size = (__kernel_ram_end - __kernel_ram_start)

.stab
 *(SORT_BY_ALIGNMENT(.stab))

.stabstr
 *(SORT_BY_ALIGNMENT(.stabstr))

.stab.excl
 *(SORT_BY_ALIGNMENT(.stab.excl))

.stab.exclstr
 *(SORT_BY_ALIGNMENT(.stab.exclstr))

.stab.index
 *(SORT_BY_ALIGNMENT(.stab.index))

.stab.indexstr
 *(SORT_BY_ALIGNMENT(.stab.indexstr))

.gnu.build.attributes
 *(SORT_BY_ALIGNMENT(.gnu.build.attributes) SORT_BY_ALIGNMENT(.gnu.build.attributes.*))

.comment        0x00000000       0x4d
 *(SORT_BY_ALIGNMENT(.comment))
 .comment       0x00000000       0x4d zephyr/CMakeFiles/zephyr_final.dir/isr_tables.c.obj
                                 0x4e (size before relaxing)
 .comment       0x0000004d       0x4e zephyr/CMakeFiles/zephyr_final.dir/dev_handles.c.obj
 .comment       0x0000004d       0x4e app/libapp.a(multiply.c.obj)
 .comment       0x0000004d       0x4e app/libapp.a(main.c.obj)
 .comment       0x0000004d       0x4e zephyr/libzephyr.a(notify.c.obj)
 .comment       0x0000004d       0x4e zephyr/libzephyr.a(printk.c.obj)
 .comment       0x0000004d       0x4e zephyr/libzephyr.a(onoff.c.obj)
 .comment       0x0000004d       0x4e zephyr/libzephyr.a(thread_entry.c.obj)
 .comment       0x0000004d       0x4e zephyr/libzephyr.a(cbprintf_complete.c.obj)
 .comment       0x0000004d       0x4e zephyr/libzephyr.a(configs.c.obj)
 .comment       0x0000004d       0x4e zephyr/libzephyr.a(soc.c.obj)
 .comment       0x0000004d       0x4e zephyr/libzephyr.a(power.c.obj)
 .comment       0x0000004d       0x4e zephyr/libzephyr.a(power.c.obj)
 .comment       0x0000004d       0x4e zephyr/libzephyr.a(policy_residency.c.obj)
 .comment       0x0000004d       0x4e zephyr/libzephyr.a(uart_console.c.obj)
 .comment       0x0000004d       0x4e zephyr/libzephyr.a(clock_control_nrf.c.obj)
 .comment       0x0000004d       0x4e zephyr/libzephyr.a(sys_clock_init.c.obj)
 .comment       0x0000004d       0x4e zephyr/libzephyr.a(nrf_rtc_timer.c.obj)
 .comment       0x0000004d       0x4e zephyr/arch/arch/arm/core/aarch32/libarch__arm__core__aarch32.a(swap.c.obj)
 .comment       0x0000004d       0x4e zephyr/arch/arch/arm/core/aarch32/libarch__arm__core__aarch32.a(irq_manage.c.obj)
 .comment       0x0000004d       0x4e zephyr/arch/arch/arm/core/aarch32/libarch__arm__core__aarch32.a(thread.c.obj)
 .comment       0x0000004d       0x4e zephyr/arch/arch/arm/core/aarch32/libarch__arm__core__aarch32.a(fatal.c.obj)
 .comment       0x0000004d       0x4e zephyr/arch/arch/arm/core/aarch32/libarch__arm__core__aarch32.a(nmi.c.obj)
 .comment       0x0000004d       0x4e zephyr/arch/arch/arm/core/aarch32/libarch__arm__core__aarch32.a(prep_c.c.obj)
 .comment       0x0000004d       0x4e zephyr/arch/arch/arm/core/aarch32/cortex_m/libarch__arm__core__aarch32__cortex_m.a(fault.c.obj)
 .comment       0x0000004d       0x4e zephyr/arch/arch/arm/core/aarch32/cortex_m/libarch__arm__core__aarch32__cortex_m.a(irq_init.c.obj)
 .comment       0x0000004d       0x4e zephyr/arch/arch/arm/core/aarch32/cortex_m/libarch__arm__core__aarch32__cortex_m.a(thread_abort.c.obj)
 .comment       0x0000004d       0x4e zephyr/arch/arch/arm/core/aarch32/cortex_m/mpu/libarch__arm__core__aarch32__cortex_m__mpu.a(arm_core_mpu.c.obj)
 .comment       0x0000004d       0x4e zephyr/arch/arch/arm/core/aarch32/cortex_m/mpu/libarch__arm__core__aarch32__cortex_m__mpu.a(arm_mpu.c.obj)
 .comment       0x0000004d       0x4e zephyr/arch/arch/arm/core/aarch32/cortex_m/cmse/libarch__arm__core__aarch32__cortex_m__cmse.a(arm_core_cmse.c.obj)
 .comment       0x0000004d       0x4e zephyr/lib/libc/minimal/liblib__libc__minimal.a(string.c.obj)
 .comment       0x0000004d       0x4e zephyr/lib/libc/minimal/liblib__libc__minimal.a(stdout_console.c.obj)
 .comment       0x0000004d       0x4e zephyr/soc/arm/common/cortex_m/libsoc__arm__common__cortex_m.a(arm_mpu_regions.c.obj)
 .comment       0x0000004d       0x4e zephyr/drivers/gpio/libdrivers__gpio.a(gpio_nrfx.c.obj)
 .comment       0x0000004d       0x4e zephyr/drivers/serial/libdrivers__serial.a(uart_nrfx_uarte.c.obj)
 .comment       0x0000004d       0x4e modules/hal_nordic/nrfx/libmodules__hal_nordic__nrfx.a(system_nrf5340_application.c.obj)
 .comment       0x0000004d       0x4e modules/hal_nordic/nrfx/libmodules__hal_nordic__nrfx.a(nrfx_glue.c.obj)
 .comment       0x0000004d       0x4e modules/hal_nordic/nrfx/libmodules__hal_nordic__nrfx.a(nrfx_clock.c.obj)
 .comment       0x0000004d       0x4e modules/hal_nordic/nrfx/libmodules__hal_nordic__nrfx.a(nrfx_dppi.c.obj)
 .comment       0x0000004d       0x4e modules/hal_nordic/nrfx/libmodules__hal_nordic__nrfx.a(nrfx_gpiote.c.obj)
 .comment       0x0000004d       0x4e zephyr/kernel/libkernel.a(device.c.obj)
 .comment       0x0000004d       0x4e zephyr/kernel/libkernel.a(errno.c.obj)
 .comment       0x0000004d       0x4e zephyr/kernel/libkernel.a(fatal.c.obj)
 .comment       0x0000004d       0x4e zephyr/kernel/libkernel.a(idle.c.obj)
 .comment       0x0000004d       0x4e zephyr/kernel/libkernel.a(init.c.obj)
 .comment       0x0000004d       0x4e zephyr/kernel/libkernel.a(sched.c.obj)
 .comment       0x0000004d       0x4e zephyr/kernel/libkernel.a(sem.c.obj)
 .comment       0x0000004d       0x4e zephyr/kernel/libkernel.a(thread.c.obj)
 .comment       0x0000004d       0x4e zephyr/kernel/libkernel.a(banner.c.obj)
 .comment       0x0000004d       0x4e zephyr/kernel/libkernel.a(xip.c.obj)
 .comment       0x0000004d       0x4e zephyr/kernel/libkernel.a(timeout.c.obj)
 .comment       0x0000004d       0x4e zephyr/CMakeFiles/offsets.dir/./arch/arm/core/offsets/offsets.c.obj

.debug
 *(SORT_BY_ALIGNMENT(.debug))

.line
 *(SORT_BY_ALIGNMENT(.line))

.debug_srcinfo
 *(SORT_BY_ALIGNMENT(.debug_srcinfo))

.debug_sfnames
 *(SORT_BY_ALIGNMENT(.debug_sfnames))

.debug_aranges  0x00000000     0x1160
 *(SORT_BY_ALIGNMENT(.debug_aranges))
 .debug_aranges
                0x00000000       0x28 zephyr/arch/arch/arm/core/aarch32/libarch__arm__core__aarch32.a(swap_helper.S.obj)
 .debug_aranges
                0x00000028       0x30 zephyr/arch/arch/arm/core/aarch32/libarch__arm__core__aarch32.a(cpu_idle.S.obj)
 .debug_aranges
                0x00000058       0x20 zephyr/arch/arch/arm/core/aarch32/libarch__arm__core__aarch32.a(nmi_on_reset.S.obj)
 .debug_aranges
                0x00000078       0x20 zephyr/arch/arch/arm/core/aarch32/libarch__arm__core__aarch32.a(isr_wrapper.S.obj)
 .debug_aranges
                0x00000098       0x20 zephyr/arch/arch/arm/core/aarch32/cortex_m/libarch__arm__core__aarch32__cortex_m.a(reset.S.obj)
 .debug_aranges
                0x000000b8       0x20 zephyr/arch/arch/arm/core/aarch32/cortex_m/libarch__arm__core__aarch32__cortex_m.a(fault_s.S.obj)
 .debug_aranges
                0x000000d8       0x20 zephyr/arch/arch/arm/core/aarch32/cortex_m/libarch__arm__core__aarch32__cortex_m.a(exc_exit.S.obj)
 .debug_aranges
                0x000000f8       0x18 zephyr/CMakeFiles/zephyr_final.dir/isr_tables.c.obj
 .debug_aranges
                0x00000110       0x18 zephyr/CMakeFiles/zephyr_final.dir/dev_handles.c.obj
 .debug_aranges
                0x00000128       0x20 app/libapp.a(multiply.c.obj)
 .debug_aranges
                0x00000148       0x20 app/libapp.a(main.c.obj)
 .debug_aranges
                0x00000168       0x28 zephyr/libzephyr.a(notify.c.obj)
 .debug_aranges
                0x00000190       0x68 zephyr/libzephyr.a(printk.c.obj)
 .debug_aranges
                0x000001f8       0x90 zephyr/libzephyr.a(onoff.c.obj)
 .debug_aranges
                0x00000288       0x20 zephyr/libzephyr.a(thread_entry.c.obj)
 .debug_aranges
                0x000002a8       0x30 zephyr/libzephyr.a(cbprintf_complete.c.obj)
 .debug_aranges
                0x000002d8       0x20 zephyr/libzephyr.a(configs.c.obj)
 .debug_aranges
                0x000002f8       0x38 zephyr/libzephyr.a(soc.c.obj)
 .debug_aranges
                0x00000330       0x28 zephyr/libzephyr.a(power.c.obj)
 .debug_aranges
                0x00000358       0x58 zephyr/libzephyr.a(power.c.obj)
 .debug_aranges
                0x000003b0       0x20 zephyr/libzephyr.a(policy_residency.c.obj)
 .debug_aranges
                0x000003d0       0x28 zephyr/libzephyr.a(uart_console.c.obj)
 .debug_aranges
                0x000003f8       0xe8 zephyr/libzephyr.a(clock_control_nrf.c.obj)
 .debug_aranges
                0x000004e0       0x40 zephyr/libzephyr.a(sys_clock_init.c.obj)
 .debug_aranges
                0x00000520       0x98 zephyr/libzephyr.a(nrf_rtc_timer.c.obj)
 .debug_aranges
                0x000005b8       0x20 zephyr/arch/arch/arm/core/aarch32/libarch__arm__core__aarch32.a(swap.c.obj)
 .debug_aranges
                0x000005d8       0x48 zephyr/arch/arch/arm/core/aarch32/libarch__arm__core__aarch32.a(irq_manage.c.obj)
 .debug_aranges
                0x00000620       0x30 zephyr/arch/arch/arm/core/aarch32/libarch__arm__core__aarch32.a(thread.c.obj)
 .debug_aranges
                0x00000650       0x30 zephyr/arch/arch/arm/core/aarch32/libarch__arm__core__aarch32.a(fatal.c.obj)
 .debug_aranges
                0x00000680       0x20 zephyr/arch/arch/arm/core/aarch32/libarch__arm__core__aarch32.a(nmi.c.obj)
 .debug_aranges
                0x000006a0       0x20 zephyr/arch/arch/arm/core/aarch32/libarch__arm__core__aarch32.a(prep_c.c.obj)
 .debug_aranges
                0x000006c0       0x40 zephyr/arch/arch/arm/core/aarch32/cortex_m/libarch__arm__core__aarch32__cortex_m.a(fault.c.obj)
 .debug_aranges
                0x00000700       0x20 zephyr/arch/arch/arm/core/aarch32/cortex_m/libarch__arm__core__aarch32__cortex_m.a(irq_init.c.obj)
 .debug_aranges
                0x00000720       0x20 zephyr/arch/arch/arm/core/aarch32/cortex_m/libarch__arm__core__aarch32__cortex_m.a(thread_abort.c.obj)
 .debug_aranges
                0x00000740       0x28 zephyr/arch/arch/arm/core/aarch32/cortex_m/mpu/libarch__arm__core__aarch32__cortex_m__mpu.a(arm_core_mpu.c.obj)
 .debug_aranges
                0x00000768       0x60 zephyr/arch/arch/arm/core/aarch32/cortex_m/mpu/libarch__arm__core__aarch32__cortex_m__mpu.a(arm_mpu.c.obj)
 .debug_aranges
                0x000007c8       0x40 zephyr/arch/arch/arm/core/aarch32/cortex_m/cmse/libarch__arm__core__aarch32__cortex_m__cmse.a(arm_core_cmse.c.obj)
 .debug_aranges
                0x00000808       0x98 zephyr/lib/libc/minimal/liblib__libc__minimal.a(string.c.obj)
 .debug_aranges
                0x000008a0       0x58 zephyr/lib/libc/minimal/liblib__libc__minimal.a(stdout_console.c.obj)
 .debug_aranges
                0x000008f8       0x18 zephyr/soc/arm/common/cortex_m/libsoc__arm__common__cortex_m.a(arm_mpu_regions.c.obj)
 .debug_aranges
                0x00000910       0x88 zephyr/drivers/gpio/libdrivers__gpio.a(gpio_nrfx.c.obj)
 .debug_aranges
                0x00000998       0x60 zephyr/drivers/serial/libdrivers__serial.a(uart_nrfx_uarte.c.obj)
 .debug_aranges
                0x000009f8       0x30 modules/hal_nordic/nrfx/libmodules__hal_nordic__nrfx.a(system_nrf5340_application.c.obj)
 .debug_aranges
                0x00000a28       0x30 modules/hal_nordic/nrfx/libmodules__hal_nordic__nrfx.a(nrfx_glue.c.obj)
 .debug_aranges
                0x00000a58       0x78 modules/hal_nordic/nrfx/libmodules__hal_nordic__nrfx.a(nrfx_clock.c.obj)
 .debug_aranges
                0x00000ad0       0x78 modules/hal_nordic/nrfx/libmodules__hal_nordic__nrfx.a(nrfx_dppi.c.obj)
 .debug_aranges
                0x00000b48      0x148 modules/hal_nordic/nrfx/libmodules__hal_nordic__nrfx.a(nrfx_gpiote.c.obj)
 .debug_aranges
                0x00000c90       0x48 zephyr/kernel/libkernel.a(device.c.obj)
 .debug_aranges
                0x00000cd8       0x20 zephyr/kernel/libkernel.a(errno.c.obj)
 .debug_aranges
                0x00000cf8       0x58 zephyr/kernel/libkernel.a(fatal.c.obj)
 .debug_aranges
                0x00000d50       0x28 zephyr/kernel/libkernel.a(idle.c.obj)
 .debug_aranges
                0x00000d78       0x38 zephyr/kernel/libkernel.a(init.c.obj)
 .debug_aranges
                0x00000db0      0x1e8 zephyr/kernel/libkernel.a(sched.c.obj)
 .debug_aranges
                0x00000f98       0x38 zephyr/kernel/libkernel.a(sem.c.obj)
 .debug_aranges
                0x00000fd0       0xa0 zephyr/kernel/libkernel.a(thread.c.obj)
 .debug_aranges
                0x00001070       0x20 zephyr/kernel/libkernel.a(banner.c.obj)
 .debug_aranges
                0x00001090       0x20 zephyr/kernel/libkernel.a(xip.c.obj)
 .debug_aranges
                0x000010b0       0x90 zephyr/kernel/libkernel.a(timeout.c.obj)
 .debug_aranges
                0x00001140       0x20 zephyr/CMakeFiles/offsets.dir/./arch/arm/core/offsets/offsets.c.obj

.debug_pubnames
 *(SORT_BY_ALIGNMENT(.debug_pubnames))

.debug_info     0x00000000    0x3150f
 *(SORT_BY_ALIGNMENT(.debug_info) SORT_BY_ALIGNMENT(.gnu.linkonce.wi.*))
 .debug_info    0x00000000      0x125 zephyr/CMakeFiles/zephyr_final.dir/isr_tables.c.obj
 .debug_info    0x00000125      0x19e zephyr/CMakeFiles/zephyr_final.dir/dev_handles.c.obj
 .debug_info    0x000002c3       0x66 app/libapp.a(multiply.c.obj)
 .debug_info    0x00000329      0x10f app/libapp.a(main.c.obj)
 .debug_info    0x00000438      0x311 zephyr/libzephyr.a(notify.c.obj)
 .debug_info    0x00000749      0x505 zephyr/libzephyr.a(printk.c.obj)
 .debug_info    0x00000c4e     0x2271 zephyr/libzephyr.a(onoff.c.obj)
 .debug_info    0x00002ebf      0x5f3 zephyr/libzephyr.a(thread_entry.c.obj)
 .debug_info    0x000034b2     0x103c zephyr/libzephyr.a(cbprintf_complete.c.obj)
 .debug_info    0x000044ee       0x38 zephyr/libzephyr.a(configs.c.obj)
 .debug_info    0x00004526      0xc1c zephyr/libzephyr.a(soc.c.obj)
 .debug_info    0x00005142      0x538 zephyr/libzephyr.a(power.c.obj)
 .debug_info    0x0000567a      0xe31 zephyr/libzephyr.a(power.c.obj)
 .debug_info    0x000064ab      0x3a5 zephyr/libzephyr.a(policy_residency.c.obj)
 .debug_info    0x00006850      0x5ea zephyr/libzephyr.a(uart_console.c.obj)
 .debug_info    0x00006e3a     0x47e8 zephyr/libzephyr.a(clock_control_nrf.c.obj)
 .debug_info    0x0000b622      0x3e3 zephyr/libzephyr.a(sys_clock_init.c.obj)
 .debug_info    0x0000ba05     0x2000 zephyr/libzephyr.a(nrf_rtc_timer.c.obj)
 .debug_info    0x0000da05      0x92e zephyr/arch/arch/arm/core/aarch32/libarch__arm__core__aarch32.a(swap.c.obj)
 .debug_info    0x0000e333       0x22 zephyr/arch/arch/arm/core/aarch32/libarch__arm__core__aarch32.a(swap_helper.S.obj)
 .debug_info    0x0000e355      0xdfc zephyr/arch/arch/arm/core/aarch32/libarch__arm__core__aarch32.a(irq_manage.c.obj)
 .debug_info    0x0000f151      0x8ec zephyr/arch/arch/arm/core/aarch32/libarch__arm__core__aarch32.a(thread.c.obj)
 .debug_info    0x0000fa3d       0x22 zephyr/arch/arch/arm/core/aarch32/libarch__arm__core__aarch32.a(cpu_idle.S.obj)
 .debug_info    0x0000fa5f      0x593 zephyr/arch/arch/arm/core/aarch32/libarch__arm__core__aarch32.a(fatal.c.obj)
 .debug_info    0x0000fff2       0xc2 zephyr/arch/arch/arm/core/aarch32/libarch__arm__core__aarch32.a(nmi.c.obj)
 .debug_info    0x000100b4       0x26 zephyr/arch/arch/arm/core/aarch32/libarch__arm__core__aarch32.a(nmi_on_reset.S.obj)
 .debug_info    0x000100da      0x53c zephyr/arch/arch/arm/core/aarch32/libarch__arm__core__aarch32.a(prep_c.c.obj)
 .debug_info    0x00010616       0x26 zephyr/arch/arch/arm/core/aarch32/libarch__arm__core__aarch32.a(isr_wrapper.S.obj)
 .debug_info    0x0001063c       0x26 zephyr/arch/arch/arm/core/aarch32/cortex_m/libarch__arm__core__aarch32__cortex_m.a(reset.S.obj)
 .debug_info    0x00010662       0x26 zephyr/arch/arch/arm/core/aarch32/cortex_m/libarch__arm__core__aarch32__cortex_m.a(fault_s.S.obj)
 .debug_info    0x00010688     0x10fa zephyr/arch/arch/arm/core/aarch32/cortex_m/libarch__arm__core__aarch32__cortex_m.a(fault.c.obj)
 .debug_info    0x00011782       0x26 zephyr/arch/arch/arm/core/aarch32/cortex_m/libarch__arm__core__aarch32__cortex_m.a(exc_exit.S.obj)
 .debug_info    0x000117a8      0x6c6 zephyr/arch/arch/arm/core/aarch32/cortex_m/libarch__arm__core__aarch32__cortex_m.a(irq_init.c.obj)
 .debug_info    0x00011e6e      0x968 zephyr/arch/arch/arm/core/aarch32/cortex_m/libarch__arm__core__aarch32__cortex_m.a(thread_abort.c.obj)
 .debug_info    0x000127d6      0x703 zephyr/arch/arch/arm/core/aarch32/cortex_m/mpu/libarch__arm__core__aarch32__cortex_m__mpu.a(arm_core_mpu.c.obj)
 .debug_info    0x00012ed9     0x1479 zephyr/arch/arch/arm/core/aarch32/cortex_m/mpu/libarch__arm__core__aarch32__cortex_m__mpu.a(arm_mpu.c.obj)
 .debug_info    0x00014352      0x604 zephyr/arch/arch/arm/core/aarch32/cortex_m/cmse/libarch__arm__core__aarch32__cortex_m__cmse.a(arm_core_cmse.c.obj)
 .debug_info    0x00014956      0x7c2 zephyr/lib/libc/minimal/liblib__libc__minimal.a(string.c.obj)
 .debug_info    0x00015118      0x696 zephyr/lib/libc/minimal/liblib__libc__minimal.a(stdout_console.c.obj)
 .debug_info    0x000157ae      0x18a zephyr/soc/arm/common/cortex_m/libsoc__arm__common__cortex_m.a(arm_mpu_regions.c.obj)
 .debug_info    0x00015938     0x2dc1 zephyr/drivers/gpio/libdrivers__gpio.a(gpio_nrfx.c.obj)
 .debug_info    0x000186f9     0x33cd zephyr/drivers/serial/libdrivers__serial.a(uart_nrfx_uarte.c.obj)
 .debug_info    0x0001bac6     0x1423 modules/hal_nordic/nrfx/libmodules__hal_nordic__nrfx.a(system_nrf5340_application.c.obj)
 .debug_info    0x0001cee9      0x245 modules/hal_nordic/nrfx/libmodules__hal_nordic__nrfx.a(nrfx_glue.c.obj)
 .debug_info    0x0001d12e     0x21c1 modules/hal_nordic/nrfx/libmodules__hal_nordic__nrfx.a(nrfx_clock.c.obj)
 .debug_info    0x0001f2ef      0xffc modules/hal_nordic/nrfx/libmodules__hal_nordic__nrfx.a(nrfx_dppi.c.obj)
 .debug_info    0x000202eb     0x45e1 modules/hal_nordic/nrfx/libmodules__hal_nordic__nrfx.a(nrfx_gpiote.c.obj)
 .debug_info    0x000248cc      0x468 zephyr/kernel/libkernel.a(device.c.obj)
 .debug_info    0x00024d34      0x63b zephyr/kernel/libkernel.a(errno.c.obj)
 .debug_info    0x0002536f      0xc13 zephyr/kernel/libkernel.a(fatal.c.obj)
 .debug_info    0x00025f82      0x7fe zephyr/kernel/libkernel.a(idle.c.obj)
 .debug_info    0x00026780     0x142b zephyr/kernel/libkernel.a(init.c.obj)
 .debug_info    0x00027bab     0x5b20 zephyr/kernel/libkernel.a(sched.c.obj)
 .debug_info    0x0002d6cb      0xb6a zephyr/kernel/libkernel.a(sem.c.obj)
 .debug_info    0x0002e235     0x1603 zephyr/kernel/libkernel.a(thread.c.obj)
 .debug_info    0x0002f838       0xff zephyr/kernel/libkernel.a(banner.c.obj)
 .debug_info    0x0002f937      0x118 zephyr/kernel/libkernel.a(xip.c.obj)
 .debug_info    0x0002fa4f     0x1a2d zephyr/kernel/libkernel.a(timeout.c.obj)
 .debug_info    0x0003147c       0x93 zephyr/CMakeFiles/offsets.dir/./arch/arm/core/offsets/offsets.c.obj

.debug_abbrev   0x00000000     0x8fa7
 *(SORT_BY_ALIGNMENT(.debug_abbrev))
 .debug_abbrev  0x00000000       0xd2 zephyr/CMakeFiles/zephyr_final.dir/isr_tables.c.obj
 .debug_abbrev  0x000000d2       0x82 zephyr/CMakeFiles/zephyr_final.dir/dev_handles.c.obj
 .debug_abbrev  0x00000154       0x62 app/libapp.a(multiply.c.obj)
 .debug_abbrev  0x000001b6       0xa5 app/libapp.a(main.c.obj)
 .debug_abbrev  0x0000025b      0x1bf zephyr/libzephyr.a(notify.c.obj)
 .debug_abbrev  0x0000041a      0x260 zephyr/libzephyr.a(printk.c.obj)
 .debug_abbrev  0x0000067a      0x522 zephyr/libzephyr.a(onoff.c.obj)
 .debug_abbrev  0x00000b9c      0x1fa zephyr/libzephyr.a(thread_entry.c.obj)
 .debug_abbrev  0x00000d96      0x40a zephyr/libzephyr.a(cbprintf_complete.c.obj)
 .debug_abbrev  0x000011a0       0x2e zephyr/libzephyr.a(configs.c.obj)
 .debug_abbrev  0x000011ce      0x3a0 zephyr/libzephyr.a(soc.c.obj)
 .debug_abbrev  0x0000156e      0x214 zephyr/libzephyr.a(power.c.obj)
 .debug_abbrev  0x00001782      0x3d4 zephyr/libzephyr.a(power.c.obj)
 .debug_abbrev  0x00001b56      0x196 zephyr/libzephyr.a(policy_residency.c.obj)
 .debug_abbrev  0x00001cec      0x2d7 zephyr/libzephyr.a(uart_console.c.obj)
 .debug_abbrev  0x00001fc3      0x7dc zephyr/libzephyr.a(clock_control_nrf.c.obj)
 .debug_abbrev  0x0000279f      0x218 zephyr/libzephyr.a(sys_clock_init.c.obj)
 .debug_abbrev  0x000029b7      0x564 zephyr/libzephyr.a(nrf_rtc_timer.c.obj)
 .debug_abbrev  0x00002f1b      0x1ea zephyr/arch/arch/arm/core/aarch32/libarch__arm__core__aarch32.a(swap.c.obj)
 .debug_abbrev  0x00003105       0x12 zephyr/arch/arch/arm/core/aarch32/libarch__arm__core__aarch32.a(swap_helper.S.obj)
 .debug_abbrev  0x00003117      0x316 zephyr/arch/arch/arm/core/aarch32/libarch__arm__core__aarch32.a(irq_manage.c.obj)
 .debug_abbrev  0x0000342d      0x27b zephyr/arch/arch/arm/core/aarch32/libarch__arm__core__aarch32.a(thread.c.obj)
 .debug_abbrev  0x000036a8       0x12 zephyr/arch/arch/arm/core/aarch32/libarch__arm__core__aarch32.a(cpu_idle.S.obj)
 .debug_abbrev  0x000036ba      0x27f zephyr/arch/arch/arm/core/aarch32/libarch__arm__core__aarch32.a(fatal.c.obj)
 .debug_abbrev  0x00003939       0x72 zephyr/arch/arch/arm/core/aarch32/libarch__arm__core__aarch32.a(nmi.c.obj)
 .debug_abbrev  0x000039ab       0x14 zephyr/arch/arch/arm/core/aarch32/libarch__arm__core__aarch32.a(nmi_on_reset.S.obj)
 .debug_abbrev  0x000039bf      0x1d4 zephyr/arch/arch/arm/core/aarch32/libarch__arm__core__aarch32.a(prep_c.c.obj)
 .debug_abbrev  0x00003b93       0x14 zephyr/arch/arch/arm/core/aarch32/libarch__arm__core__aarch32.a(isr_wrapper.S.obj)
 .debug_abbrev  0x00003ba7       0x14 zephyr/arch/arch/arm/core/aarch32/cortex_m/libarch__arm__core__aarch32__cortex_m.a(reset.S.obj)
 .debug_abbrev  0x00003bbb       0x14 zephyr/arch/arch/arm/core/aarch32/cortex_m/libarch__arm__core__aarch32__cortex_m.a(fault_s.S.obj)
 .debug_abbrev  0x00003bcf      0x35f zephyr/arch/arch/arm/core/aarch32/cortex_m/libarch__arm__core__aarch32__cortex_m.a(fault.c.obj)
 .debug_abbrev  0x00003f2e       0x14 zephyr/arch/arch/arm/core/aarch32/cortex_m/libarch__arm__core__aarch32__cortex_m.a(exc_exit.S.obj)
 .debug_abbrev  0x00003f42      0x159 zephyr/arch/arch/arm/core/aarch32/cortex_m/libarch__arm__core__aarch32__cortex_m.a(irq_init.c.obj)
 .debug_abbrev  0x0000409b      0x236 zephyr/arch/arch/arm/core/aarch32/cortex_m/libarch__arm__core__aarch32__cortex_m.a(thread_abort.c.obj)
 .debug_abbrev  0x000042d1      0x1e7 zephyr/arch/arch/arm/core/aarch32/cortex_m/mpu/libarch__arm__core__aarch32__cortex_m__mpu.a(arm_core_mpu.c.obj)
 .debug_abbrev  0x000044b8      0x507 zephyr/arch/arch/arm/core/aarch32/cortex_m/mpu/libarch__arm__core__aarch32__cortex_m__mpu.a(arm_mpu.c.obj)
 .debug_abbrev  0x000049bf      0x194 zephyr/arch/arch/arm/core/aarch32/cortex_m/cmse/libarch__arm__core__aarch32__cortex_m__cmse.a(arm_core_cmse.c.obj)
 .debug_abbrev  0x00004b53      0x191 zephyr/lib/libc/minimal/liblib__libc__minimal.a(string.c.obj)
 .debug_abbrev  0x00004ce4      0x255 zephyr/lib/libc/minimal/liblib__libc__minimal.a(stdout_console.c.obj)
 .debug_abbrev  0x00004f39       0xc3 zephyr/soc/arm/common/cortex_m/libsoc__arm__common__cortex_m.a(arm_mpu_regions.c.obj)
 .debug_abbrev  0x00004ffc      0x568 zephyr/drivers/gpio/libdrivers__gpio.a(gpio_nrfx.c.obj)
 .debug_abbrev  0x00005564      0x59c zephyr/drivers/serial/libdrivers__serial.a(uart_nrfx_uarte.c.obj)
 .debug_abbrev  0x00005b00      0x242 modules/hal_nordic/nrfx/libmodules__hal_nordic__nrfx.a(system_nrf5340_application.c.obj)
 .debug_abbrev  0x00005d42      0x13f modules/hal_nordic/nrfx/libmodules__hal_nordic__nrfx.a(nrfx_glue.c.obj)
 .debug_abbrev  0x00005e81      0x50e modules/hal_nordic/nrfx/libmodules__hal_nordic__nrfx.a(nrfx_clock.c.obj)
 .debug_abbrev  0x0000638f      0x33f modules/hal_nordic/nrfx/libmodules__hal_nordic__nrfx.a(nrfx_dppi.c.obj)
 .debug_abbrev  0x000066ce      0x5d0 modules/hal_nordic/nrfx/libmodules__hal_nordic__nrfx.a(nrfx_gpiote.c.obj)
 .debug_abbrev  0x00006c9e      0x277 zephyr/kernel/libkernel.a(device.c.obj)
 .debug_abbrev  0x00006f15      0x17c zephyr/kernel/libkernel.a(errno.c.obj)
 .debug_abbrev  0x00007091      0x3c4 zephyr/kernel/libkernel.a(fatal.c.obj)
 .debug_abbrev  0x00007455      0x26f zephyr/kernel/libkernel.a(idle.c.obj)
 .debug_abbrev  0x000076c4      0x4b4 zephyr/kernel/libkernel.a(init.c.obj)
 .debug_abbrev  0x00007b78      0x5b0 zephyr/kernel/libkernel.a(sched.c.obj)
 .debug_abbrev  0x00008128      0x316 zephyr/kernel/libkernel.a(sem.c.obj)
 .debug_abbrev  0x0000843e      0x537 zephyr/kernel/libkernel.a(thread.c.obj)
 .debug_abbrev  0x00008975       0xb8 zephyr/kernel/libkernel.a(banner.c.obj)
 .debug_abbrev  0x00008a2d       0xb5 zephyr/kernel/libkernel.a(xip.c.obj)
 .debug_abbrev  0x00008ae2      0x481 zephyr/kernel/libkernel.a(timeout.c.obj)
 .debug_abbrev  0x00008f63       0x44 zephyr/CMakeFiles/offsets.dir/./arch/arm/core/offsets/offsets.c.obj

.debug_line     0x00000000    0x16253
 *(SORT_BY_ALIGNMENT(.debug_line) SORT_BY_ALIGNMENT(.debug_line.*) SORT_BY_ALIGNMENT(.debug_line_end))
 .debug_line    0x00000000       0xbf zephyr/CMakeFiles/zephyr_final.dir/isr_tables.c.obj
 .debug_line    0x000000bf       0xc6 zephyr/CMakeFiles/zephyr_final.dir/dev_handles.c.obj
 .debug_line    0x00000185       0x49 app/libapp.a(multiply.c.obj)
 .debug_line    0x000001ce       0xac app/libapp.a(main.c.obj)
 .debug_line    0x0000027a      0x1f7 zephyr/libzephyr.a(notify.c.obj)
 .debug_line    0x00000471      0x353 zephyr/libzephyr.a(printk.c.obj)
 .debug_line    0x000007c4     0x1106 zephyr/libzephyr.a(onoff.c.obj)
 .debug_line    0x000018ca      0x2dc zephyr/libzephyr.a(thread_entry.c.obj)
 .debug_line    0x00001ba6      0xbe3 zephyr/libzephyr.a(cbprintf_complete.c.obj)
 .debug_line    0x00002789      0x160 zephyr/libzephyr.a(configs.c.obj)
 .debug_line    0x000028e9      0x452 zephyr/libzephyr.a(soc.c.obj)
 .debug_line    0x00002d3b      0x328 zephyr/libzephyr.a(power.c.obj)
 .debug_line    0x00003063      0x747 zephyr/libzephyr.a(power.c.obj)
 .debug_line    0x000037aa      0x1fa zephyr/libzephyr.a(policy_residency.c.obj)
 .debug_line    0x000039a4      0x255 zephyr/libzephyr.a(uart_console.c.obj)
 .debug_line    0x00003bf9     0x1245 zephyr/libzephyr.a(clock_control_nrf.c.obj)
 .debug_line    0x00004e3e      0x172 zephyr/libzephyr.a(sys_clock_init.c.obj)
 .debug_line    0x00004fb0      0xfd4 zephyr/libzephyr.a(nrf_rtc_timer.c.obj)
 .debug_line    0x00005f84      0x315 zephyr/arch/arch/arm/core/aarch32/libarch__arm__core__aarch32.a(swap.c.obj)
 .debug_line    0x00006299       0xcb zephyr/arch/arch/arm/core/aarch32/libarch__arm__core__aarch32.a(swap_helper.S.obj)
 .debug_line    0x00006364      0x4f0 zephyr/arch/arch/arm/core/aarch32/libarch__arm__core__aarch32.a(irq_manage.c.obj)
 .debug_line    0x00006854      0x40d zephyr/arch/arch/arm/core/aarch32/libarch__arm__core__aarch32.a(thread.c.obj)
 .debug_line    0x00006c61       0xac zephyr/arch/arch/arm/core/aarch32/libarch__arm__core__aarch32.a(cpu_idle.S.obj)
 .debug_line    0x00006d0d      0x21e zephyr/arch/arch/arm/core/aarch32/libarch__arm__core__aarch32.a(fatal.c.obj)
 .debug_line    0x00006f2b       0xcf zephyr/arch/arch/arm/core/aarch32/libarch__arm__core__aarch32.a(nmi.c.obj)
 .debug_line    0x00006ffa       0x7b zephyr/arch/arch/arm/core/aarch32/libarch__arm__core__aarch32.a(nmi_on_reset.S.obj)
 .debug_line    0x00007075      0x28b zephyr/arch/arch/arm/core/aarch32/libarch__arm__core__aarch32.a(prep_c.c.obj)
 .debug_line    0x00007300       0xa4 zephyr/arch/arch/arm/core/aarch32/libarch__arm__core__aarch32.a(isr_wrapper.S.obj)
 .debug_line    0x000073a4       0x90 zephyr/arch/arch/arm/core/aarch32/cortex_m/libarch__arm__core__aarch32__cortex_m.a(reset.S.obj)
 .debug_line    0x00007434       0x88 zephyr/arch/arch/arm/core/aarch32/cortex_m/libarch__arm__core__aarch32__cortex_m.a(fault_s.S.obj)
 .debug_line    0x000074bc      0x60e zephyr/arch/arch/arm/core/aarch32/cortex_m/libarch__arm__core__aarch32__cortex_m.a(fault.c.obj)
 .debug_line    0x00007aca       0x8e zephyr/arch/arch/arm/core/aarch32/cortex_m/libarch__arm__core__aarch32__cortex_m.a(exc_exit.S.obj)
 .debug_line    0x00007b58      0x1f9 zephyr/arch/arch/arm/core/aarch32/cortex_m/libarch__arm__core__aarch32__cortex_m.a(irq_init.c.obj)
 .debug_line    0x00007d51      0x3b2 zephyr/arch/arch/arm/core/aarch32/cortex_m/libarch__arm__core__aarch32__cortex_m.a(thread_abort.c.obj)
 .debug_line    0x00008103      0x41d zephyr/arch/arch/arm/core/aarch32/cortex_m/mpu/libarch__arm__core__aarch32__cortex_m__mpu.a(arm_core_mpu.c.obj)
 .debug_line    0x00008520      0xaca zephyr/arch/arch/arm/core/aarch32/cortex_m/mpu/libarch__arm__core__aarch32__cortex_m__mpu.a(arm_mpu.c.obj)
 .debug_line    0x00008fea      0x2ab zephyr/arch/arch/arm/core/aarch32/cortex_m/cmse/libarch__arm__core__aarch32__cortex_m__cmse.a(arm_core_cmse.c.obj)
 .debug_line    0x00009295      0x687 zephyr/lib/libc/minimal/liblib__libc__minimal.a(string.c.obj)
 .debug_line    0x0000991c      0x325 zephyr/lib/libc/minimal/liblib__libc__minimal.a(stdout_console.c.obj)
 .debug_line    0x00009c41      0x125 zephyr/soc/arm/common/cortex_m/libsoc__arm__common__cortex_m.a(arm_mpu_regions.c.obj)
 .debug_line    0x00009d66     0x11ef zephyr/drivers/gpio/libdrivers__gpio.a(gpio_nrfx.c.obj)
 .debug_line    0x0000af55     0x1123 zephyr/drivers/serial/libdrivers__serial.a(uart_nrfx_uarte.c.obj)
 .debug_line    0x0000c078      0x39c modules/hal_nordic/nrfx/libmodules__hal_nordic__nrfx.a(system_nrf5340_application.c.obj)
 .debug_line    0x0000c414      0x1e1 modules/hal_nordic/nrfx/libmodules__hal_nordic__nrfx.a(nrfx_glue.c.obj)
 .debug_line    0x0000c5f5      0xe8e modules/hal_nordic/nrfx/libmodules__hal_nordic__nrfx.a(nrfx_clock.c.obj)
 .debug_line    0x0000d483      0x79d modules/hal_nordic/nrfx/libmodules__hal_nordic__nrfx.a(nrfx_dppi.c.obj)
 .debug_line    0x0000dc20     0x1e56 modules/hal_nordic/nrfx/libmodules__hal_nordic__nrfx.a(nrfx_gpiote.c.obj)
 .debug_line    0x0000fa76      0x355 zephyr/kernel/libkernel.a(device.c.obj)
 .debug_line    0x0000fdcb      0x2a2 zephyr/kernel/libkernel.a(errno.c.obj)
 .debug_line    0x0001006d      0x534 zephyr/kernel/libkernel.a(fatal.c.obj)
 .debug_line    0x000105a1      0x44e zephyr/kernel/libkernel.a(idle.c.obj)
 .debug_line    0x000109ef      0x899 zephyr/kernel/libkernel.a(init.c.obj)
 .debug_line    0x00011288     0x2e7c zephyr/kernel/libkernel.a(sched.c.obj)
 .debug_line    0x00014104      0x5d7 zephyr/kernel/libkernel.a(sem.c.obj)
 .debug_line    0x000146db      0xa04 zephyr/kernel/libkernel.a(thread.c.obj)
 .debug_line    0x000150df      0x123 zephyr/kernel/libkernel.a(banner.c.obj)
 .debug_line    0x00015202      0x11c zephyr/kernel/libkernel.a(xip.c.obj)
 .debug_line    0x0001531e      0xe21 zephyr/kernel/libkernel.a(timeout.c.obj)
 .debug_line    0x0001613f      0x114 zephyr/CMakeFiles/offsets.dir/./arch/arm/core/offsets/offsets.c.obj

.debug_frame    0x00000000     0x25b4
 *(SORT_BY_ALIGNMENT(.debug_frame))
 .debug_frame   0x00000000       0x20 app/libapp.a(multiply.c.obj)
 .debug_frame   0x00000020       0x2c app/libapp.a(main.c.obj)
 .debug_frame   0x0000004c       0x30 zephyr/libzephyr.a(notify.c.obj)
 .debug_frame   0x0000007c      0x118 zephyr/libzephyr.a(printk.c.obj)
 .debug_frame   0x00000194      0x19c zephyr/libzephyr.a(onoff.c.obj)
 .debug_frame   0x00000330       0x28 zephyr/libzephyr.a(thread_entry.c.obj)
 .debug_frame   0x00000358       0x88 zephyr/libzephyr.a(cbprintf_complete.c.obj)
 .debug_frame   0x000003e0       0x20 zephyr/libzephyr.a(configs.c.obj)
 .debug_frame   0x00000400       0x58 zephyr/libzephyr.a(soc.c.obj)
 .debug_frame   0x00000458       0x40 zephyr/libzephyr.a(power.c.obj)
 .debug_frame   0x00000498       0xf0 zephyr/libzephyr.a(power.c.obj)
 .debug_frame   0x00000588       0x20 zephyr/libzephyr.a(policy_residency.c.obj)
 .debug_frame   0x000005a8       0x44 zephyr/libzephyr.a(uart_console.c.obj)
 .debug_frame   0x000005ec      0x26c zephyr/libzephyr.a(clock_control_nrf.c.obj)
 .debug_frame   0x00000858       0x70 zephyr/libzephyr.a(sys_clock_init.c.obj)
 .debug_frame   0x000008c8      0x184 zephyr/libzephyr.a(nrf_rtc_timer.c.obj)
 .debug_frame   0x00000a4c       0x20 zephyr/arch/arch/arm/core/aarch32/libarch__arm__core__aarch32.a(swap.c.obj)
 .debug_frame   0x00000a6c       0x78 zephyr/arch/arch/arm/core/aarch32/libarch__arm__core__aarch32.a(irq_manage.c.obj)
 .debug_frame   0x00000ae4       0x48 zephyr/arch/arch/arm/core/aarch32/libarch__arm__core__aarch32.a(thread.c.obj)
 .debug_frame   0x00000b2c       0x48 zephyr/arch/arch/arm/core/aarch32/libarch__arm__core__aarch32.a(fatal.c.obj)
 .debug_frame   0x00000b74       0x2c zephyr/arch/arch/arm/core/aarch32/libarch__arm__core__aarch32.a(nmi.c.obj)
 .debug_frame   0x00000ba0       0x28 zephyr/arch/arch/arm/core/aarch32/libarch__arm__core__aarch32.a(prep_c.c.obj)
 .debug_frame   0x00000bc8       0x78 zephyr/arch/arch/arm/core/aarch32/cortex_m/libarch__arm__core__aarch32__cortex_m.a(fault.c.obj)
 .debug_frame   0x00000c40       0x20 zephyr/arch/arch/arm/core/aarch32/cortex_m/libarch__arm__core__aarch32__cortex_m.a(irq_init.c.obj)
 .debug_frame   0x00000c60       0x20 zephyr/arch/arch/arm/core/aarch32/cortex_m/libarch__arm__core__aarch32__cortex_m.a(thread_abort.c.obj)
 .debug_frame   0x00000c80       0x3c zephyr/arch/arch/arm/core/aarch32/cortex_m/mpu/libarch__arm__core__aarch32__cortex_m__mpu.a(arm_core_mpu.c.obj)
 .debug_frame   0x00000cbc      0x124 zephyr/arch/arch/arm/core/aarch32/cortex_m/mpu/libarch__arm__core__aarch32__cortex_m__mpu.a(arm_mpu.c.obj)
 .debug_frame   0x00000de0       0x70 zephyr/arch/arch/arm/core/aarch32/cortex_m/cmse/libarch__arm__core__aarch32__cortex_m__cmse.a(arm_core_cmse.c.obj)
 .debug_frame   0x00000e50      0x184 zephyr/lib/libc/minimal/liblib__libc__minimal.a(string.c.obj)
 .debug_frame   0x00000fd4       0xb8 zephyr/lib/libc/minimal/liblib__libc__minimal.a(stdout_console.c.obj)
 .debug_frame   0x0000108c      0x17c zephyr/drivers/gpio/libdrivers__gpio.a(gpio_nrfx.c.obj)
 .debug_frame   0x00001208       0xdc zephyr/drivers/serial/libdrivers__serial.a(uart_nrfx_uarte.c.obj)
 .debug_frame   0x000012e4       0x50 modules/hal_nordic/nrfx/libmodules__hal_nordic__nrfx.a(system_nrf5340_application.c.obj)
 .debug_frame   0x00001334       0x40 modules/hal_nordic/nrfx/libmodules__hal_nordic__nrfx.a(nrfx_glue.c.obj)
 .debug_frame   0x00001374      0x11c modules/hal_nordic/nrfx/libmodules__hal_nordic__nrfx.a(nrfx_clock.c.obj)
 .debug_frame   0x00001490      0x100 modules/hal_nordic/nrfx/libmodules__hal_nordic__nrfx.a(nrfx_dppi.c.obj)
 .debug_frame   0x00001590      0x37c modules/hal_nordic/nrfx/libmodules__hal_nordic__nrfx.a(nrfx_gpiote.c.obj)
 .debug_frame   0x0000190c       0x98 zephyr/kernel/libkernel.a(device.c.obj)
 .debug_frame   0x000019a4       0x20 zephyr/kernel/libkernel.a(errno.c.obj)
 .debug_frame   0x000019c4       0xc8 zephyr/kernel/libkernel.a(fatal.c.obj)
 .debug_frame   0x00001a8c       0x44 zephyr/kernel/libkernel.a(idle.c.obj)
 .debug_frame   0x00001ad0       0x68 zephyr/kernel/libkernel.a(init.c.obj)
 .debug_frame   0x00001b38      0x5f0 zephyr/kernel/libkernel.a(sched.c.obj)
 .debug_frame   0x00002128       0x8c zephyr/kernel/libkernel.a(sem.c.obj)
 .debug_frame   0x000021b4      0x190 zephyr/kernel/libkernel.a(thread.c.obj)
 .debug_frame   0x00002344       0x20 zephyr/kernel/libkernel.a(banner.c.obj)
 .debug_frame   0x00002364       0x2c zephyr/kernel/libkernel.a(xip.c.obj)
 .debug_frame   0x00002390      0x1a0 zephyr/kernel/libkernel.a(timeout.c.obj)
 .debug_frame   0x00002530       0x20 zephyr/CMakeFiles/offsets.dir/./arch/arm/core/offsets/offsets.c.obj
 .debug_frame   0x00002550       0x2c c:/program files (x86)/gnu arm embedded toolchain/10 2020-q4-major/bin/../lib/gcc/arm-none-eabi/10.2.1/thumb/v8-m.main/nofp\libgcc.a(_aeabi_uldivmod.o)
 .debug_frame   0x0000257c       0x38 c:/program files (x86)/gnu arm embedded toolchain/10 2020-q4-major/bin/../lib/gcc/arm-none-eabi/10.2.1/thumb/v8-m.main/nofp\libgcc.a(_udivmoddi4.o)

.debug_str      0x00000000     0x9e3c
 *(SORT_BY_ALIGNMENT(.debug_str))
 .debug_str     0x00000000      0x221 zephyr/CMakeFiles/zephyr_final.dir/isr_tables.c.obj
                                0x25a (size before relaxing)
 .debug_str     0x00000221      0x24f zephyr/CMakeFiles/zephyr_final.dir/dev_handles.c.obj
                                0x462 (size before relaxing)
 .debug_str     0x00000470       0x1b app/libapp.a(multiply.c.obj)
                                0x191 (size before relaxing)