Archive member included to satisfy reference by file (symbol)

app/libapp.a(main.c.obj)      (--whole-archive)
zephyr/libzephyr.a(cbprintf.c.obj)
                              (--whole-archive)
zephyr/libzephyr.a(crc32_sw.c.obj)
                              (--whole-archive)
zephyr/libzephyr.a(crc16_sw.c.obj)
                              (--whole-archive)
zephyr/libzephyr.a(crc8_sw.c.obj)
                              (--whole-archive)
zephyr/libzephyr.a(crc7_sw.c.obj)
                              (--whole-archive)
zephyr/libzephyr.a(dec.c.obj)
                              (--whole-archive)
zephyr/libzephyr.a(fdtable.c.obj)
                              (--whole-archive)
zephyr/libzephyr.a(hex.c.obj)
                              (--whole-archive)
zephyr/libzephyr.a(notify.c.obj)
                              (--whole-archive)
zephyr/libzephyr.a(printk.c.obj)
                              (--whole-archive)
zephyr/libzephyr.a(onoff.c.obj)
                              (--whole-archive)
zephyr/libzephyr.a(rb.c.obj)  (--whole-archive)
zephyr/libzephyr.a(sem.c.obj)
                              (--whole-archive)
zephyr/libzephyr.a(thread_entry.c.obj)
                              (--whole-archive)
zephyr/libzephyr.a(timeutil.c.obj)
                              (--whole-archive)
zephyr/libzephyr.a(work_q.c.obj)
                              (--whole-archive)
zephyr/libzephyr.a(heap.c.obj)
                              (--whole-archive)
zephyr/libzephyr.a(heap-validate.c.obj)
                              (--whole-archive)
zephyr/libzephyr.a(cbprintf_complete.c.obj)
                              (--whole-archive)
zephyr/libzephyr.a(configs.c.obj)
                              (--whole-archive)
zephyr/libzephyr.a(validate_base_addresses.c.obj)
                              (--whole-archive)
zephyr/libzephyr.a(validate_enabled_instances.c.obj)
                              (--whole-archive)
zephyr/libzephyr.a(power.c.obj)
                              (--whole-archive)
zephyr/libzephyr.a(reboot.c.obj)
                              (--whole-archive)
zephyr/libzephyr.a(policy_residency.c.obj)
                              (--whole-archive)
zephyr/libzephyr.a(uart_console.c.obj)
                              (--whole-archive)
zephyr/libzephyr.a(clock_control_nrf.c.obj)
                              (--whole-archive)
zephyr/libzephyr.a(sys_clock_init.c.obj)
                              (--whole-archive)
zephyr/libzephyr.a(nrf_rtc_timer.c.obj)
                              (--whole-archive)
zephyr/libzephyr.a(SEGGER_RTT.c.obj)
                              (--whole-archive)
zephyr/libzephyr.a(SEGGER_RTT_zephyr.c.obj)
                              (--whole-archive)
zephyr/arch/common/libarch__common.a(sw_isr_common.c.obj)
                              (--whole-archive)
zephyr/arch/arch/arm/core/aarch32/libarch__arm__core__aarch32.a(swap.c.obj)
                              (--whole-archive)
zephyr/arch/arch/arm/core/aarch32/libarch__arm__core__aarch32.a(swap_helper.S.obj)
                              (--whole-archive)
zephyr/arch/arch/arm/core/aarch32/libarch__arm__core__aarch32.a(irq_manage.c.obj)
                              (--whole-archive)
zephyr/arch/arch/arm/core/aarch32/libarch__arm__core__aarch32.a(thread.c.obj)
                              (--whole-archive)
zephyr/arch/arch/arm/core/aarch32/libarch__arm__core__aarch32.a(cpu_idle.S.obj)
                              (--whole-archive)
zephyr/arch/arch/arm/core/aarch32/libarch__arm__core__aarch32.a(fatal.c.obj)
                              (--whole-archive)
zephyr/arch/arch/arm/core/aarch32/libarch__arm__core__aarch32.a(nmi.c.obj)
                              (--whole-archive)
zephyr/arch/arch/arm/core/aarch32/libarch__arm__core__aarch32.a(nmi_on_reset.S.obj)
                              (--whole-archive)
zephyr/arch/arch/arm/core/aarch32/libarch__arm__core__aarch32.a(prep_c.c.obj)
                              (--whole-archive)
zephyr/arch/arch/arm/core/aarch32/libarch__arm__core__aarch32.a(isr_wrapper.S.obj)
                              (--whole-archive)
zephyr/arch/arch/arm/core/aarch32/cortex_m/libarch__arm__core__aarch32__cortex_m.a(vector_table.S.obj)
                              (--whole-archive)
zephyr/arch/arch/arm/core/aarch32/cortex_m/libarch__arm__core__aarch32__cortex_m.a(reset.S.obj)
                              (--whole-archive)
zephyr/arch/arch/arm/core/aarch32/cortex_m/libarch__arm__core__aarch32__cortex_m.a(fault_s.S.obj)
                              (--whole-archive)
zephyr/arch/arch/arm/core/aarch32/cortex_m/libarch__arm__core__aarch32__cortex_m.a(fault.c.obj)
                              (--whole-archive)
zephyr/arch/arch/arm/core/aarch32/cortex_m/libarch__arm__core__aarch32__cortex_m.a(exc_exit.S.obj)
                              (--whole-archive)
zephyr/arch/arch/arm/core/aarch32/cortex_m/libarch__arm__core__aarch32__cortex_m.a(scb.c.obj)
                              (--whole-archive)
[...]
Memory Configuration

Name             Origin             Length             Attributes
FLASH            0x00000000         0x00080000         xr
SRAM             0x20000000         0x00010000         xw
IDT_LIST         0x20010000         0x00000800         xw
*default*        0x00000000         0xffffffff

Linker script and memory map

LOAD zephyr/CMakeFiles/zephyr_prebuilt.dir/misc/empty_file.c.obj
                0x00000020                _region_min_align = 0x20

.rel.plt        0x00000000        0x0
 *(SORT_BY_ALIGNMENT(.rel.plt))
                [!provide]                PROVIDE (__rel_iplt_start = .)
 *(SORT_BY_ALIGNMENT(.rel.iplt))
 .rel.iplt      0x00000000        0x0 app/libapp.a(main.c.obj)
                [!provide]                PROVIDE (__rel_iplt_end = .)

.rela.plt       0x00000000        0x0
 *(SORT_BY_ALIGNMENT(.rela.plt))
                [!provide]                PROVIDE (__rela_iplt_start = .)
 *(SORT_BY_ALIGNMENT(.rela.iplt))
                [!provide]                PROVIDE (__rela_iplt_end = .)

.rel.dyn
 *(SORT_BY_ALIGNMENT(.rel.*))

.rela.dyn
 *(SORT_BY_ALIGNMENT(.rela.*))

/DISCARD/
 *(SORT_BY_ALIGNMENT(.plt))
 *(SORT_BY_ALIGNMENT(.iplt))
 *(SORT_BY_ALIGNMENT(.got.plt))
 *(SORT_BY_ALIGNMENT(.igot.plt))
 *(SORT_BY_ALIGNMENT(.got))
 *(SORT_BY_ALIGNMENT(.igot))
 *(SORT_BY_ALIGNMENT(.note.GNU-stack))
                0x00000000                _image_rom_start = 0x0

rom_start       0x00000000       0xdc
                0x00000000                . = 0x0
                0x00000000                . = ALIGN (0x4)
                0x00000000                . = ALIGN (0x80)
                0x00000000                . = ALIGN (0x100)
                0x00000000                _vector_start = .
 *(SORT_BY_ALIGNMENT(.exc_vector_table))
 *(SORT_BY_ALIGNMENT(.exc_vector_table.*))
 .exc_vector_table._vector_table_section
                0x00000000       0x40 zephyr/arch/arch/arm/core/aarch32/cortex_m/libarch__arm__core__aarch32__cortex_m.a(vector_table.S.obj)
                0x00000000                _vector_table
 *(SORT_BY_ALIGNMENT(.gnu.linkonce.irq_vector_table*))
 .gnu.linkonce.irq_vector_table*
                0x00000040       0x9c zephyr/arch/common/libisr_tables.a(isr_tables.c.obj)
                0x00000040                _irq_vector_table
 *(SORT_BY_ALIGNMENT(.vectors))
                0x000000dc                _vector_end = .
 *(SORT_BY_ALIGNMENT(.openocd_dbg))
 *(SORT_BY_ALIGNMENT(.openocd_dbg.*))

text            0x000000dc     0x3df4
                0x000000dc                _image_text_start = .
 *(SORT_BY_ALIGNMENT(.text))
 .text          0x000000dc       0x30 c:/users/kangmin/ncs/v1.5.0/toolchain/opt/bin/../lib/gcc/arm-none-eabi/9.2.1/thumb/v7e-m/nofp\libgcc.a(_aeabi_uldivmod.o)
                0x000000dc                __aeabi_uldivmod
 .text          0x0000010c      0x2c0 c:/users/kangmin/ncs/v1.5.0/toolchain/opt/bin/../lib/gcc/arm-none-eabi/9.2.1/thumb/v7e-m/nofp\libgcc.a(_udivmoddi4.o)
                0x0000010c                __udivmoddi4
 .text          0x000003cc        0x4 c:/users/kangmin/ncs/v1.5.0/toolchain/opt/bin/../lib/gcc/arm-none-eabi/9.2.1/thumb/v7e-m/nofp\libgcc.a(_dvmd_tls.o)
                0x000003cc                __aeabi_idiv0
                0x000003cc                __aeabi_ldiv0
 *(SORT_BY_ALIGNMENT(.text.*))
 .text.main     0x000003d0        0xc app/libapp.a(main.c.obj)
                0x000003d0                main
 .text.char_out
                0x000003dc       0x10 zephyr/libzephyr.a(printk.c.obj)
 .text.__printk_hook_install
                0x000003ec        0xc zephyr/libzephyr.a(printk.c.obj)
                0x000003ec                __printk_hook_install
 .text.vprintk  0x000003f8       0x1c zephyr/libzephyr.a(printk.c.obj)
                0x000003f8                vprintk
 .text.process_event
                0x00000414      0x1cc zephyr/libzephyr.a(onoff.c.obj)
 .text.cbvprintf
                0x000005e0      0x780 zephyr/libzephyr.a(cbprintf_complete.c.obj)
                0x000005e0                cbvprintf
 .text.uart_console_init
                0x00000d60       0x2c zephyr/libzephyr.a(uart_console.c.obj)
 .text.console_out
                0x00000d8c       0x28 zephyr/libzephyr.a(uart_console.c.obj)
 .text.onoff_stop
                0x00000db4       0x48 zephyr/libzephyr.a(clock_control_nrf.c.obj)
 .text.onoff_start
                0x00000dfc       0x58 zephyr/libzephyr.a(clock_control_nrf.c.obj)
 .text.clk_init
                0x00000e54       0x60 zephyr/libzephyr.a(clock_control_nrf.c.obj)
 .text.clkstarted_handle.constprop.0
                0x00000eb4       0x34 zephyr/libzephyr.a(clock_control_nrf.c.obj)
 .text.clock_event_handler
                0x00000ee8       0x1c zephyr/libzephyr.a(clock_control_nrf.c.obj)
 .text.generic_hfclk_start
                0x00000f04       0x64 zephyr/libzephyr.a(clock_control_nrf.c.obj)
 .text.lfclk_start
                0x00000f68       0x24 zephyr/libzephyr.a(clock_control_nrf.c.obj)
 .text.generic_hfclk_stop
                0x00000f8c       0x2c zephyr/libzephyr.a(clock_control_nrf.c.obj)
 .text.api_blocking_start
                0x00000fb8       0x34 zephyr/libzephyr.a(clock_control_nrf.c.obj)
 .text.z_nrf_clock_control_lf_on
                0x00000fec      0x10c zephyr/libzephyr.a(clock_control_nrf.c.obj)
                0x00000fec                z_nrf_clock_control_lf_on
 .text.sys_clock_timeout_handler
                0x000010f8       0x18 zephyr/libzephyr.a(nrf_rtc_timer.c.obj)
 .text.set_absolute_alarm
                0x00001110       0x98 zephyr/libzephyr.a(nrf_rtc_timer.c.obj)
 .text.rtc_nrf_isr
                0x000011a8       0x50 zephyr/libzephyr.a(nrf_rtc_timer.c.obj)
                0x000011a8                rtc_nrf_isr
 .text.z_clock_driver_init
                0x000011f8       0x54 zephyr/libzephyr.a(nrf_rtc_timer.c.obj)
                0x000011f8                z_clock_driver_init
 .text.z_clock_set_timeout
                0x0000124c       0x64 zephyr/libzephyr.a(nrf_rtc_timer.c.obj)
                0x0000124c                z_clock_set_timeout
 .text.z_clock_elapsed
                0x000012b0       0x34 zephyr/libzephyr.a(nrf_rtc_timer.c.obj)
                0x000012b0                z_clock_elapsed
 .text._DoInit  0x000012e4       0x60 zephyr/libzephyr.a(SEGGER_RTT.c.obj)
 .text.arch_swap
                0x00001344       0x34 zephyr/arch/arch/arm/core/aarch32/libarch__arm__core__aarch32.a(swap.c.obj)
                0x00001344                arch_swap
 .text.z_arm_pendsv
                0x00001378       0x54 zephyr/arch/arch/arm/core/aarch32/libarch__arm__core__aarch32.a(swap_helper.S.obj)
                0x00001378                z_arm_pendsv
 .text.z_arm_svc
                0x000013cc       0x20 zephyr/arch/arch/arm/core/aarch32/libarch__arm__core__aarch32.a(swap_helper.S.obj)
                0x000013cc                z_arm_svc
 .text.arch_irq_enable
                0x000013ec       0x20 zephyr/arch/arch/arm/core/aarch32/libarch__arm__core__aarch32.a(irq_manage.c.obj)
                0x000013ec                arch_irq_enable
 .text.arch_irq_is_enabled
                0x0000140c       0x1c zephyr/arch/arch/arm/core/aarch32/libarch__arm__core__aarch32.a(irq_manage.c.obj)
                0x0000140c                arch_irq_is_enabled
 .text.z_arm_irq_priority_set
                0x00001428       0x30 zephyr/arch/arch/arm/core/aarch32/libarch__arm__core__aarch32.a(irq_manage.c.obj)
                0x00001428                z_arm_irq_priority_set
 .text.arch_new_thread
                0x00001458       0x38 zephyr/arch/arch/arm/core/aarch32/libarch__arm__core__aarch32.a(thread.c.obj)
                0x00001458                arch_new_thread
 .text.z_check_thread_stack_fail
                0x00001490       0x34 zephyr/arch/arch/arm/core/aarch32/libarch__arm__core__aarch32.a(thread.c.obj)
                0x00001490                z_check_thread_stack_fail
 .text.arch_switch_to_main_thread
                0x000014c4       0x34 zephyr/arch/arch/arm/core/aarch32/libarch__arm__core__aarch32.a(thread.c.obj)
                0x000014c4                arch_switch_to_main_thread
 .text.z_arm_cpu_idle_init
                0x000014f8        0xc zephyr/arch/arch/arm/core/aarch32/libarch__arm__core__aarch32.a(cpu_idle.S.obj)
                0x000014f8                z_arm_cpu_idle_init
 .text.arch_cpu_idle
                0x00001504       0x1c zephyr/arch/arch/arm/core/aarch32/libarch__arm__core__aarch32.a(cpu_idle.S.obj)
                0x00001504                arch_cpu_idle
 .text.arch_cpu_atomic_idle
                0x00001520       0x14 zephyr/arch/arch/arm/core/aarch32/libarch__arm__core__aarch32.a(cpu_idle.S.obj)
                0x00001520                arch_cpu_atomic_idle
 .text.z_SysNmiOnReset
                0x00001534        0x8 zephyr/arch/arch/arm/core/aarch32/libarch__arm__core__aarch32.a(nmi_on_reset.S.obj)
                0x00001534                z_SysNmiOnReset
 .text.z_arm_prep_c
                0x0000153c       0x44 zephyr/arch/arch/arm/core/aarch32/libarch__arm__core__aarch32.a(prep_c.c.obj)
                0x0000153c                z_arm_prep_c
 .text._isr_wrapper
                0x00001580       0x40 zephyr/arch/arch/arm/core/aarch32/libarch__arm__core__aarch32.a(isr_wrapper.S.obj)
                0x00001580                _isr_wrapper
 .text._reset_section
                0x000015c0       0x30 zephyr/arch/arch/arm/core/aarch32/cortex_m/libarch__arm__core__aarch32__cortex_m.a(reset.S.obj)
                0x000015c0                __start
                0x000015c0                z_arm_reset
 .text.__fault  0x000015f0       0x14 zephyr/arch/arch/arm/core/aarch32/cortex_m/libarch__arm__core__aarch32__cortex_m.a(fault_s.S.obj)
                0x000015f0                z_arm_usage_fault
                0x000015f0                z_arm_mpu_fault
                0x000015f0                z_arm_exc_spurious
                0x000015f0                z_arm_debug_monitor
                0x000015f0                z_arm_hard_fault
                0x000015f0                z_arm_bus_fault
 .text.mem_manage_fault
                0x00001604       0x6c zephyr/arch/arch/arm/core/aarch32/cortex_m/libarch__arm__core__aarch32__cortex_m.a(fault.c.obj)
 .text.bus_fault.isra.0
                0x00001670       0x3c zephyr/arch/arch/arm/core/aarch32/cortex_m/libarch__arm__core__aarch32__cortex_m.a(fault.c.obj)
 .text.usage_fault.isra.0
                0x000016ac       0x24 zephyr/arch/arch/arm/core/aarch32/cortex_m/libarch__arm__core__aarch32__cortex_m.a(fault.c.obj)
 .text.z_arm_fault
                0x000016d0       0xec zephyr/arch/arch/arm/core/aarch32/cortex_m/libarch__arm__core__aarch32__cortex_m.a(fault.c.obj)
                0x000016d0                z_arm_fault
 .text.z_arm_fault_init
                0x000017bc       0x10 zephyr/arch/arch/arm/core/aarch32/cortex_m/libarch__arm__core__aarch32__cortex_m.a(fault.c.obj)
                0x000017bc                z_arm_fault_init
 .text._HandlerModeExit
                0x000017cc       0x1c zephyr/arch/arch/arm/core/aarch32/cortex_m/libarch__arm__core__aarch32__cortex_m.a(exc_exit.S.obj)
                0x000017cc                z_arm_int_exit
                0x000017cc                z_arm_exc_exit
 .text.z_arm_interrupt_init
                0x000017e8       0x18 zephyr/arch/arch/arm/core/aarch32/cortex_m/libarch__arm__core__aarch32__cortex_m.a(irq_init.c.obj)
                0x000017e8                z_arm_interrupt_init
 .text.z_impl_k_thread_abort
                0x00001800       0x44 zephyr/arch/arch/arm/core/aarch32/cortex_m/libarch__arm__core__aarch32__cortex_m.a(thread_abort.c.obj)
                0x00001800                z_impl_k_thread_abort
 .text.z_arm_configure_static_mpu_regions
                0x00001844       0x18 zephyr/arch/arch/arm/core/aarch32/cortex_m/mpu/libarch__arm__core__aarch32__cortex_m__mpu.a(arm_core_mpu.c.obj)
                0x00001844                z_arm_configure_static_mpu_regions
 .text.z_arm_configure_dynamic_mpu_regions
                0x0000185c       0x20 zephyr/arch/arch/arm/core/aarch32/cortex_m/mpu/libarch__arm__core__aarch32__cortex_m__mpu.a(arm_core_mpu.c.obj)
                0x0000185c                z_arm_configure_dynamic_mpu_regions
 .text.mpu_configure_regions
                0x0000187c       0x80 zephyr/arch/arch/arm/core/aarch32/cortex_m/mpu/libarch__arm__core__aarch32__cortex_m__mpu.a(arm_mpu.c.obj)
 .text.arm_core_mpu_enable
                0x000018fc       0x14 zephyr/arch/arch/arm/core/aarch32/cortex_m/mpu/libarch__arm__core__aarch32__cortex_m__mpu.a(arm_mpu.c.obj)
                0x000018fc                arm_core_mpu_enable
 .text.arm_core_mpu_disable
                0x00001910       0x10 zephyr/arch/arch/arm/core/aarch32/cortex_m/mpu/libarch__arm__core__aarch32__cortex_m__mpu.a(arm_mpu.c.obj)
                0x00001910                arm_core_mpu_disable
 .text.arm_mpu_init
                0x00001920       0x5c zephyr/arch/arch/arm/core/aarch32/cortex_m/mpu/libarch__arm__core__aarch32__cortex_m__mpu.a(arm_mpu.c.obj)
 .text.arm_core_mpu_configure_static_mpu_regions
                0x0000197c       0x14 zephyr/arch/arch/arm/core/aarch32/cortex_m/mpu/libarch__arm__core__aarch32__cortex_m__mpu.a(arm_mpu.c.obj)
                0x0000197c                arm_core_mpu_configure_static_mpu_regions
 .text.arm_core_mpu_configure_dynamic_mpu_regions
                0x00001990       0x2c zephyr/arch/arch/arm/core/aarch32/cortex_m/mpu/libarch__arm__core__aarch32__cortex_m__mpu.a(arm_mpu.c.obj)
                0x00001990                arm_core_mpu_configure_dynamic_mpu_regions
 .text.__stdout_hook_install
                0x000019bc        0xc zephyr/lib/libc/minimal/liblib__libc__minimal.a(stdout_console.c.obj)
                0x000019bc                __stdout_hook_install
 .text.nordicsemi_nrf52_init
                0x000019c8       0x30 zephyr/soc/arm/nordic_nrf/nrf52/libsoc__arm__nordic_nrf__nrf52.a(soc.c.obj)
 .text.sys_arch_reboot
                0x000019f8       0x2c zephyr/soc/arm/nordic_nrf/nrf52/libsoc__arm__nordic_nrf__nrf52.a(soc.c.obj)
                0x000019f8                sys_arch_reboot
 .text.arch_busy_wait
                0x00001a24       0x14 zephyr/soc/arm/nordic_nrf/nrf52/libsoc__arm__nordic_nrf__nrf52.a(soc.c.obj)
                0x00001a24                arch_busy_wait
 .text.gpio_nrfx_init
                0x00001a38       0x30 zephyr/drivers/gpio/libdrivers__gpio.a(gpio_nrfx.c.obj)
 .text.gpio_nrfx_pin_interrupt_configure
                0x00001a68      0x198 zephyr/drivers/gpio/libdrivers__gpio.a(gpio_nrfx.c.obj)
 .text.gpio_nrfx_config
                0x00001c00       0xb8 zephyr/drivers/gpio/libdrivers__gpio.a(gpio_nrfx.c.obj)
 .text.gpiote_event_handler
                0x00001cb8      0x114 zephyr/drivers/gpio/libdrivers__gpio.a(gpio_nrfx.c.obj)
 .text.uarte_nrfx_configure
                0x00001dcc      0x160 zephyr/drivers/serial/libdrivers__serial.a(uart_nrfx_uarte.c.obj)
 .text.uarte_nrfx_poll_out
                0x00001f2c       0xb8 zephyr/drivers/serial/libdrivers__serial.a(uart_nrfx_uarte.c.obj)
 .text.uarte_0_init
                0x00001fe4       0xf8 zephyr/drivers/serial/libdrivers__serial.a(uart_nrfx_uarte.c.obj)
 .text.nrf52_errata_12
                0x000020dc       0x1c modules/hal_nordic/libmodules__hal_nordic.a(system_nrf52.c.obj)
 .text.nrf52_errata_16
                0x000020f8       0x2c modules/hal_nordic/libmodules__hal_nordic.a(system_nrf52.c.obj)
 .text.nvmc_wait
                0x00002124       0x10 modules/hal_nordic/libmodules__hal_nordic.a(system_nrf52.c.obj)
                0x00002124                nvmc_wait
 .text.SystemInit
                0x00002134      0x244 modules/hal_nordic/libmodules__hal_nordic.a(system_nrf52.c.obj)
                0x00002134                SystemInit
 .text.nrfx_clock_init
                0x00002378       0x20 modules/hal_nordic/libmodules__hal_nordic.a(nrfx_clock.c.obj)
                0x00002378                nrfx_clock_init
 .text.nrfx_clock_start
                0x00002398       0x98 modules/hal_nordic/libmodules__hal_nordic.a(nrfx_clock.c.obj)
                0x00002398                nrfx_clock_start
 .text.nrfx_clock_stop
                0x00002430       0x8c modules/hal_nordic/libmodules__hal_nordic.a(nrfx_clock.c.obj)
                0x00002430                nrfx_clock_stop
 .text.nrfx_power_clock_irq_handler
                0x000024bc       0x68 modules/hal_nordic/libmodules__hal_nordic.a(nrfx_clock.c.obj)
                0x000024bc                nrfx_power_clock_irq_handler
 .text.nrfx_gpiote_channel_free
                0x00002524       0x44 modules/hal_nordic/libmodules__hal_nordic.a(nrfx_gpiote.c.obj)
                0x00002524                nrfx_gpiote_channel_free
 .text.nrfx_gpiote_channel_alloc
                0x00002568       0x70 modules/hal_nordic/libmodules__hal_nordic.a(nrfx_gpiote.c.obj)
                0x00002568                nrfx_gpiote_channel_alloc
 .text.nrfx_ppi_channel_alloc
                0x000025d8       0x68 modules/hal_nordic/libmodules__hal_nordic.a(nrfx_ppi.c.obj)
                0x000025d8                nrfx_ppi_channel_alloc
 .text.z_sys_init_run_level
                0x00002640       0x50 zephyr/kernel/libkernel.a(device.c.obj)
                0x00002640                z_sys_init_run_level
 .text.z_device_ready
                0x00002690       0x2c zephyr/kernel/libkernel.a(device.c.obj)
                0x00002690                z_device_ready
 .text.z_impl_device_get_binding
                0x000026bc       0x50 zephyr/kernel/libkernel.a(device.c.obj)
                0x000026bc                z_impl_device_get_binding
 .text.idle     0x0000270c       0x60 zephyr/kernel/libkernel.a(idle.c.obj)
                0x0000270c                idle
 .text.z_bss_zero
                0x0000276c       0x14 zephyr/kernel/libkernel.a(init.c.obj)
                0x0000276c                z_bss_zero
 .text.bg_thread_main
                0x00002780       0x34 zephyr/kernel/libkernel.a(init.c.obj)
 .text.z_cstart
                0x000027b4      0x104 zephyr/kernel/libkernel.a(init.c.obj)
                0x000027b4                z_cstart
 .text.z_reset_time_slice
                0x000028b8       0x2c zephyr/kernel/libkernel.a(sched.c.obj)
                0x000028b8                z_reset_time_slice
 .text.k_sched_time_slice_set
                0x000028e4       0x58 zephyr/kernel/libkernel.a(sched.c.obj)
                0x000028e4                k_sched_time_slice_set
 .text.z_reschedule
                0x0000293c       0x24 zephyr/kernel/libkernel.a(sched.c.obj)
                0x0000293c                z_reschedule
 .text.k_sched_lock
                0x00002960       0x28 zephyr/kernel/libkernel.a(sched.c.obj)
                0x00002960                k_sched_lock
 .text.z_priq_dumb_remove
                0x00002988       0x2c zephyr/kernel/libkernel.a(sched.c.obj)
                0x00002988                z_priq_dumb_remove
 .text.update_cache
                0x000029b4       0x50 zephyr/kernel/libkernel.a(sched.c.obj)
 .text.k_sched_unlock
                0x00002a04       0x38 zephyr/kernel/libkernel.a(sched.c.obj)
                0x00002a04                k_sched_unlock
 .text.ready_thread
                0x00002a3c       0x70 zephyr/kernel/libkernel.a(sched.c.obj)
 .text.z_sched_start
                0x00002aac       0x3c zephyr/kernel/libkernel.a(sched.c.obj)
                0x00002aac                z_sched_start
 .text.move_thread_to_end_of_prio_q
                0x00002ae8       0x74 zephyr/kernel/libkernel.a(sched.c.obj)
 .text.z_time_slice
                0x00002b5c       0x84 zephyr/kernel/libkernel.a(sched.c.obj)
                0x00002b5c                z_time_slice
 .text.z_impl_k_thread_suspend
                0x00002be0       0x68 zephyr/kernel/libkernel.a(sched.c.obj)
                0x00002be0                z_impl_k_thread_suspend
 .text.z_thread_single_abort
                0x00002c48      0x104 zephyr/kernel/libkernel.a(sched.c.obj)
                0x00002c48                z_thread_single_abort
 .text.unready_thread
                0x00002d4c       0x34 zephyr/kernel/libkernel.a(sched.c.obj)
 .text.pend     0x00002d80       0x4c zephyr/kernel/libkernel.a(sched.c.obj)
 .text.z_pend_curr
                0x00002dcc       0x28 zephyr/kernel/libkernel.a(sched.c.obj)
                0x00002dcc                z_pend_curr
 .text.z_tick_sleep.part.0
                0x00002df4       0x74 zephyr/kernel/libkernel.a(sched.c.obj)
 .text.z_sched_init
                0x00002e68       0x18 zephyr/kernel/libkernel.a(sched.c.obj)
                0x00002e68                z_sched_init
 .text.z_impl_k_yield
                0x00002e80       0x9c zephyr/kernel/libkernel.a(sched.c.obj)
                0x00002e80                z_impl_k_yield
 .text.z_impl_k_sleep
                0x00002f1c       0x44 zephyr/kernel/libkernel.a(sched.c.obj)
                0x00002f1c                z_impl_k_sleep
 .text.z_impl_k_current_get
                0x00002f60        0xc zephyr/kernel/libkernel.a(sched.c.obj)
                0x00002f60                z_impl_k_current_get
 .text.z_impl_k_sem_give
                0x00002f6c       0x40 zephyr/kernel/libkernel.a(sem.c.obj)
                0x00002f6c                z_impl_k_sem_give
 .text.z_impl_k_sem_take
                0x00002fac       0x54 zephyr/kernel/libkernel.a(sem.c.obj)
                0x00002fac                z_impl_k_sem_take
 .text.z_setup_new_thread
                0x00003000       0x64 zephyr/kernel/libkernel.a(thread.c.obj)
                0x00003000                z_setup_new_thread
 .text.z_init_static_threads
                0x00003064       0xbc zephyr/kernel/libkernel.a(thread.c.obj)
                0x00003064                z_init_static_threads
 .text.z_self_abort
                0x00003120       0x28 zephyr/kernel/libkernel.a(thread_abort.c.obj)
                0x00003120                z_self_abort
 .text.boot_banner
                0x00003148       0x18 zephyr/kernel/libkernel.a(banner.c.obj)
                0x00003148                boot_banner
 .text.z_data_copy
                0x00003160       0x34 zephyr/kernel/libkernel.a(xip.c.obj)
                0x00003160                z_data_copy
 .text.elapsed  0x00003194       0x14 zephyr/kernel/libkernel.a(timeout.c.obj)
 .text.remove_timeout
                0x000031a8       0x34 zephyr/kernel/libkernel.a(timeout.c.obj)
 .text.next_timeout
                0x000031dc       0x58 zephyr/kernel/libkernel.a(timeout.c.obj)
 .text.z_add_timeout
                0x00003234      0x120 zephyr/kernel/libkernel.a(timeout.c.obj)
                0x00003234                z_add_timeout
 .text.z_clock_announce
                0x00003354       0xd8 zephyr/kernel/libkernel.a(timeout.c.obj)
                0x00003354                z_clock_announce
 .text.z_tick_get
                0x0000342c       0x34 zephyr/kernel/libkernel.a(timeout.c.obj)
                0x0000342c                z_tick_get
 .text.statics_init
                0x00003460       0x24 zephyr/kernel/libkernel.a(kheap.c.obj)
 .text.sys_notify_validate
                0x00003484       0x22 zephyr/libzephyr.a(notify.c.obj)
                0x00003484                sys_notify_validate
 .text.sys_notify_finalize
                0x000034a6       0x1a zephyr/libzephyr.a(notify.c.obj)
                0x000034a6                sys_notify_finalize
 .text.arch_printk_char_out
                0x000034c0        0x4 zephyr/libzephyr.a(printk.c.obj)
                0x000034c0                arch_printk_char_out
 .text.printk   0x000034c4       0x1a zephyr/libzephyr.a(printk.c.obj)
                0x000034c4                printk
 .text.process_recheck
                0x000034de       0x38 zephyr/libzephyr.a(onoff.c.obj)
 .text.notify_one
                0x00003516       0x2c zephyr/libzephyr.a(onoff.c.obj)
 .text.transition_complete
                0x00003542       0x1c zephyr/libzephyr.a(onoff.c.obj)
 .text.validate_args
                0x0000355e       0x1e zephyr/libzephyr.a(onoff.c.obj)
 .text.onoff_manager_init
                0x0000357c       0x26 zephyr/libzephyr.a(onoff.c.obj)
                0x0000357c                onoff_manager_init
 .text.onoff_request
                0x000035a2       0x92 zephyr/libzephyr.a(onoff.c.obj)
                0x000035a2                onoff_request
 .text.z_thread_entry
                0x00003634       0x14 zephyr/libzephyr.a(thread_entry.c.obj)
                0x00003634                z_thread_entry
 .text.chunk_field
                0x00003648       0x16 zephyr/libzephyr.a(heap.c.obj)
 .text.chunk_set
                0x0000365e       0x16 zephyr/libzephyr.a(heap.c.obj)
 .text.chunk_size
                0x00003674        0xc zephyr/libzephyr.a(heap.c.obj)
 .text.set_chunk_used
                0x00003680       0x30 zephyr/libzephyr.a(heap.c.obj)
 .text.set_chunk_size
                0x000036b0        0x8 zephyr/libzephyr.a(heap.c.obj)
 .text.bucket_idx
                0x000036b8       0x1a zephyr/libzephyr.a(heap.c.obj)
 .text.free_list_add
                0x000036d2       0x8a zephyr/libzephyr.a(heap.c.obj)
 .text.sys_heap_init
                0x0000375c       0xa4 zephyr/libzephyr.a(heap.c.obj)
                0x0000375c                sys_heap_init
 .text.encode_uint
                0x00003800       0x96 zephyr/libzephyr.a(cbprintf_complete.c.obj)
 .text.outs     0x00003896       0x2c zephyr/libzephyr.a(cbprintf_complete.c.obj)
 .text._ConfigAbsSyms
                0x000038c2        0x2 zephyr/libzephyr.a(configs.c.obj)
                0x000038c2                _ConfigAbsSyms
 .text.get_status
                0x000038c4       0x12 zephyr/libzephyr.a(clock_control_nrf.c.obj)
 .text.set_off_state
                0x000038d6       0x32 zephyr/libzephyr.a(clock_control_nrf.c.obj)
 .text.set_starting_state
                0x00003908       0x3c zephyr/libzephyr.a(clock_control_nrf.c.obj)
 .text.set_on_state
                0x00003944       0x26 zephyr/libzephyr.a(clock_control_nrf.c.obj)
 .text.onoff_started_callback
                0x0000396a       0x12 zephyr/libzephyr.a(clock_control_nrf.c.obj)
 .text.lfclk_stop
                0x0000397c        0x6 zephyr/libzephyr.a(clock_control_nrf.c.obj)
 .text.blocking_start_callback
                0x00003982        0x6 zephyr/libzephyr.a(clock_control_nrf.c.obj)
 .text.api_stop
                0x00003988       0x28 zephyr/libzephyr.a(clock_control_nrf.c.obj)
 .text.api_start
                0x000039b0       0x36 zephyr/libzephyr.a(clock_control_nrf.c.obj)
 .text.z_clock_isr
                0x000039e6        0x2 zephyr/libzephyr.a(sys_clock_init.c.obj)
                0x000039e6                z_clock_isr
 .text.z_clock_idle_exit
                0x000039e8        0x2 zephyr/libzephyr.a(sys_clock_init.c.obj)
                0x000039e8                z_clock_idle_exit
 .text.SEGGER_RTT_Init
                0x000039ea        0x4 zephyr/libzephyr.a(SEGGER_RTT.c.obj)
                0x000039ea                SEGGER_RTT_Init
 .text.rtt_init
                0x000039ee        0xa zephyr/libzephyr.a(SEGGER_RTT_zephyr.c.obj)
 .text.z_irq_spurious
                0x000039f8        0x8 zephyr/arch/arch/arm/core/aarch32/libarch__arm__core__aarch32.a(irq_manage.c.obj)
                0x000039f8                z_irq_spurious
 .text.z_arm_fatal_error
                0x00003a00        0x4 zephyr/arch/arch/arm/core/aarch32/libarch__arm__core__aarch32.a(fatal.c.obj)
                0x00003a00                z_arm_fatal_error
 .text.z_do_kernel_oops
                0x00003a04        0x8 zephyr/arch/arch/arm/core/aarch32/libarch__arm__core__aarch32.a(fatal.c.obj)
                0x00003a04                z_do_kernel_oops
 .text.z_arm_nmi
                0x00003a0c        0xe zephyr/arch/arch/arm/core/aarch32/libarch__arm__core__aarch32.a(nmi.c.obj)
                0x00003a0c                z_arm_nmi
 .text.strcpy   0x00003a1a       0x14 zephyr/lib/libc/minimal/liblib__libc__minimal.a(string.c.obj)
                0x00003a1a                strcpy
 .text.strlen   0x00003a2e        0xe zephyr/lib/libc/minimal/liblib__libc__minimal.a(string.c.obj)
                0x00003a2e                strlen
 .text.strnlen  0x00003a3c       0x12 zephyr/lib/libc/minimal/liblib__libc__minimal.a(string.c.obj)
                0x00003a3c                strnlen
 .text.strcmp   0x00003a4e       0x18 zephyr/lib/libc/minimal/liblib__libc__minimal.a(string.c.obj)
                0x00003a4e                strcmp
 .text.memcpy   0x00003a66       0x56 zephyr/lib/libc/minimal/liblib__libc__minimal.a(string.c.obj)
                0x00003a66                memcpy
 .text.memset   0x00003abc       0x46 zephyr/lib/libc/minimal/liblib__libc__minimal.a(string.c.obj)
                0x00003abc                memset
 .text._stdout_hook_default
                0x00003b02        0x6 zephyr/lib/libc/minimal/liblib__libc__minimal.a(stdout_console.c.obj)
 .text.z_platform_init
                0x00003b08        0x4 zephyr/soc/arm/nordic_nrf/nrf52/libsoc__arm__nordic_nrf__nrf52.a(soc.c.obj)
                0x00003b08                z_platform_init
 .text.nrf_gpio_cfg_sense_set
                0x00003b0c       0x1c zephyr/drivers/gpio/libdrivers__gpio.a(gpio_nrfx.c.obj)
 .text.gpio_nrfx_port_get_raw
                0x00003b28        0xe zephyr/drivers/gpio/libdrivers__gpio.a(gpio_nrfx.c.obj)
 .text.gpio_nrfx_port_set_masked_raw
                0x00003b36       0x16 zephyr/drivers/gpio/libdrivers__gpio.a(gpio_nrfx.c.obj)
 .text.gpio_nrfx_port_set_bits_raw
                0x00003b4c        0xc zephyr/drivers/gpio/libdrivers__gpio.a(gpio_nrfx.c.obj)
 .text.gpio_nrfx_port_clear_bits_raw
                0x00003b58        0xc zephyr/drivers/gpio/libdrivers__gpio.a(gpio_nrfx.c.obj)
 .text.gpio_nrfx_port_toggle_bits
                0x00003b64       0x12 zephyr/drivers/gpio/libdrivers__gpio.a(gpio_nrfx.c.obj)
 .text.gpio_nrfx_manage_callback
                0x00003b76       0x56 zephyr/drivers/gpio/libdrivers__gpio.a(gpio_nrfx.c.obj)
 .text.uarte_nrfx_isr_int
                0x00003bcc       0x40 zephyr/drivers/serial/libdrivers__serial.a(uart_nrfx_uarte.c.obj)
 .text.uarte_nrfx_config_get
                0x00003c0c       0x10 zephyr/drivers/serial/libdrivers__serial.a(uart_nrfx_uarte.c.obj)
 .text.uarte_nrfx_err_check
                0x00003c1c        0xe zephyr/drivers/serial/libdrivers__serial.a(uart_nrfx_uarte.c.obj)
 .text.is_tx_ready
                0x00003c2a       0x1e zephyr/drivers/serial/libdrivers__serial.a(uart_nrfx_uarte.c.obj)
 .text.uarte_nrfx_poll_in
                0x00003c48       0x26 zephyr/drivers/serial/libdrivers__serial.a(uart_nrfx_uarte.c.obj)
 .text.k_sys_fatal_error_handler
                0x00003c6e        0x8 modules/nrf/lib/fatal_error/lib..__nrf__lib__fatal_error.a(fatal_error.c.obj)
                0x00003c6e                k_sys_fatal_error_handler
 .text.nrfx_isr
                0x00003c76        0x2 modules/hal_nordic/libmodules__hal_nordic.a(nrfx_glue.c.obj)
                0x00003c76                nrfx_isr
 .text.nrfx_busy_wait
                0x00003c78        0x4 modules/hal_nordic/libmodules__hal_nordic.a(nrfx_glue.c.obj)
                0x00003c78                nrfx_busy_wait
 .text.nrfx_clock_enable
                0x00003c7c       0x14 modules/hal_nordic/libmodules__hal_nordic.a(nrfx_clock.c.obj)
                0x00003c7c                nrfx_clock_enable
 .text.z_fatal_error
                0x00003c90       0x36 zephyr/kernel/libkernel.a(fatal.c.obj)
                0x00003c90                z_fatal_error
 .text.z_pm_save_idle_exit
                0x00003cc6        0x4 zephyr/kernel/libkernel.a(idle.c.obj)
                0x00003cc6                z_pm_save_idle_exit
 .text.z_reschedule_irqlock
                0x00003cca       0x18 zephyr/kernel/libkernel.a(sched.c.obj)
                0x00003cca                z_reschedule_irqlock
 .text.z_reschedule_unlocked
                0x00003ce2       0x14 zephyr/kernel/libkernel.a(sched.c.obj)
 .text.unpend_thread_no_timeout
                0x00003cf6       0x18 zephyr/kernel/libkernel.a(sched.c.obj)
 .text.z_priq_dumb_best
                0x00003d0e       0x14 zephyr/kernel/libkernel.a(sched.c.obj)
                0x00003d0e                z_priq_dumb_best
 .text.z_ready_thread
                0x00003d22       0x20 zephyr/kernel/libkernel.a(sched.c.obj)
                0x00003d22                z_ready_thread
 .text.z_thread_timeout
                0x00003d42       0x40 zephyr/kernel/libkernel.a(sched.c.obj)
                0x00003d42                z_thread_timeout
 .text.add_to_waitq_locked
                0x00003d82       0x56 zephyr/kernel/libkernel.a(sched.c.obj)
 .text.z_unpend_first_thread
                0x00003dd8       0x4a zephyr/kernel/libkernel.a(sched.c.obj)
                0x00003dd8                z_unpend_first_thread
 .text.k_is_in_isr
                0x00003e22        0xc zephyr/kernel/libkernel.a(thread.c.obj)
                0x00003e22                k_is_in_isr
 .text.z_impl_k_busy_wait
                0x00003e2e        0x8 zephyr/kernel/libkernel.a(thread.c.obj)
                0x00003e2e                z_impl_k_busy_wait
 .text.z_abort_timeout
                0x00003e36       0x2c zephyr/kernel/libkernel.a(timeout.c.obj)
                0x00003e36                z_abort_timeout
 .text.z_get_next_timeout_expiry
                0x00003e62       0x20 zephyr/kernel/libkernel.a(timeout.c.obj)
                0x00003e62                z_get_next_timeout_expiry
 .text.z_set_timeout_expiry
                0x00003e82       0x34 zephyr/kernel/libkernel.a(timeout.c.obj)
                0x00003e82                z_set_timeout_expiry
 .text.z_tick_get_32
                0x00003eb6        0x8 zephyr/kernel/libkernel.a(timeout.c.obj)
                0x00003eb6                z_tick_get_32
 .text.k_heap_init
                0x00003ebe       0x10 zephyr/kernel/libkernel.a(kheap.c.obj)
                0x00003ebe                k_heap_init
 .text._OffsetAbsSyms
                0x00003ece        0x2 zephyr/CMakeFiles/offsets.dir/./arch/arm/core/offsets/offsets.c.obj
                0x00003ece                _OffsetAbsSyms
 *(SORT_BY_ALIGNMENT(.TEXT.*))
 *(SORT_BY_ALIGNMENT(.gnu.linkonce.t.*))
 *(SORT_BY_ALIGNMENT(.glue_7t))
 .glue_7t       0x00003ed0        0x0 linker stubs
 *(SORT_BY_ALIGNMENT(.glue_7))
 .glue_7        0x00003ed0        0x0 linker stubs
 *(SORT_BY_ALIGNMENT(.vfp11_veneer))
 .vfp11_veneer  0x00003ed0        0x0 linker stubs
 *(SORT_BY_ALIGNMENT(.v4_bx))
 .v4_bx         0x00003ed0        0x0 linker stubs
                0x00003ed0                _image_text_end = .

.ARM.exidx      0x00003ed0        0x8
                0x00003ed0                __exidx_start = .
 *(SORT_BY_ALIGNMENT(.ARM.exidx*) SORT_BY_ALIGNMENT(gnu.linkonce.armexidx.*))
 .ARM.exidx     0x00003ed0        0x8 c:/users/kangmin/ncs/v1.5.0/toolchain/opt/bin/../lib/gcc/arm-none-eabi/9.2.1/thumb/v7e-m/nofp\libgcc.a(_udivmoddi4.o)
                0x00003ed8                __exidx_end = .
                0x00003ed8                _image_rodata_start = .

initlevel       0x00003ed8       0x48
                0x00003ed8                __init_start = .
                0x00003ed8                __init_PRE_KERNEL_1_start = .
 *(SORT_BY_NAME(SORT_BY_ALIGNMENT(.init_PRE_KERNEL_1[0-9]*)))
 .init_PRE_KERNEL_10
                0x00003ed8        0x8 zephyr/soc/arm/nordic_nrf/nrf52/libsoc__arm__nordic_nrf__nrf52.a(soc.c.obj)
 .init_PRE_KERNEL_130
                0x00003ee0        0x8 zephyr/libzephyr.a(SEGGER_RTT_zephyr.c.obj)
 .init_PRE_KERNEL_130
                0x00003ee8        0x8 zephyr/kernel/libkernel.a(kheap.c.obj)
 .init_PRE_KERNEL_140
                0x00003ef0        0x8 zephyr/arch/arch/arm/core/aarch32/cortex_m/mpu/libarch__arm__core__aarch32__cortex_m__mpu.a(arm_mpu.c.obj)
 .init_PRE_KERNEL_150
                0x00003ef8        0x8 zephyr/libzephyr.a(clock_control_nrf.c.obj)
 .init_PRE_KERNEL_150
                0x00003f00        0x8 zephyr/drivers/serial/libdrivers__serial.a(uart_nrfx_uarte.c.obj)
 .init_PRE_KERNEL_160
                0x00003f08        0x8 zephyr/libzephyr.a(uart_console.c.obj)
 *(SORT_BY_NAME(SORT_BY_ALIGNMENT(.init_PRE_KERNEL_1[1-9][0-9]*)))
                0x00003f10                __init_PRE_KERNEL_2_start = .
 *(SORT_BY_NAME(SORT_BY_ALIGNMENT(.init_PRE_KERNEL_2[0-9]*)))
 .init_PRE_KERNEL_20
                0x00003f10        0x8 zephyr/libzephyr.a(sys_clock_init.c.obj)
 *(SORT_BY_NAME(SORT_BY_ALIGNMENT(.init_PRE_KERNEL_2[1-9][0-9]*)))
                0x00003f18                __init_POST_KERNEL_start = .
 *(SORT_BY_NAME(SORT_BY_ALIGNMENT(.init_POST_KERNEL[0-9]*)))
 .init_POST_KERNEL40
                0x00003f18        0x8 zephyr/drivers/gpio/libdrivers__gpio.a(gpio_nrfx.c.obj)
 *(SORT_BY_NAME(SORT_BY_ALIGNMENT(.init_POST_KERNEL[1-9][0-9]*)))
                0x00003f20                __init_APPLICATION_start = .
 *(SORT_BY_NAME(SORT_BY_ALIGNMENT(.init_APPLICATION[0-9]*)))
 *(SORT_BY_NAME(SORT_BY_ALIGNMENT(.init_APPLICATION[1-9][0-9]*)))
                0x00003f20                __init_SMP_start = .
 *(SORT_BY_NAME(SORT_BY_ALIGNMENT(.init_SMP[0-9]*)))
 *(SORT_BY_NAME(SORT_BY_ALIGNMENT(.init_SMP[1-9][0-9]*)))
                0x00003f20                __init_end = .

sw_isr_table    0x00003f20      0x138
                0x00003f20                . = ALIGN (0x0)
 *(SORT_BY_ALIGNMENT(.gnu.linkonce.sw_isr_table*))
 .gnu.linkonce.sw_isr_table*
                0x00003f20      0x138 zephyr/arch/common/libisr_tables.a(isr_tables.c.obj)
                0x00003f20                _sw_isr_table

initlevel_error
                0x00003ed8        0x0
 *(SORT_BY_NAME(SORT_BY_ALIGNMENT(.init_[_A-Z0-9]*)))
                0x00000001                ASSERT ((SIZEOF (initlevel_error) == 0x0), Undefined initialization levels used.)

app_shmem_regions
                0x00004058        0x0
                0x00004058                __app_shmem_regions_start = .
 *(SORT_BY_NAME(SORT_BY_ALIGNMENT(.app_regions.*)))
                0x00004058                __app_shmem_regions_end = .

bt_l2cap_fixed_chan_area
                0x00004058        0x0
                0x00004058                _bt_l2cap_fixed_chan_list_start = .
 *(SORT_BY_NAME(SORT_BY_ALIGNMENT(._bt_l2cap_fixed_chan.static.*)))
                0x00004058                _bt_l2cap_fixed_chan_list_end = .

bt_gatt_service_static_area
                0x00004058        0x0
                0x00004058                _bt_gatt_service_static_list_start = .
 *(SORT_BY_NAME(SORT_BY_ALIGNMENT(._bt_gatt_service_static.static.*)))
                0x00004058                _bt_gatt_service_static_list_end = .

k_p4wq_initparam_area
                0x00004058        0x0
                0x00004058                _k_p4wq_initparam_list_start = .
 *(SORT_BY_NAME(SORT_BY_ALIGNMENT(._k_p4wq_initparam.static.*)))
                0x00004058                _k_p4wq_initparam_list_end = .

log_const_sections
                0x00004058        0x0
                0x00004058                __log_const_start = .
 *(SORT_BY_NAME(SORT_BY_ALIGNMENT(.log_const_*)))
                0x00004058                __log_const_end = .

log_backends_sections
                0x00004058        0x0
                0x00004058                __log_backends_start = .
 *(SORT_BY_ALIGNMENT(._log_backend.*))
                0x00004058                __log_backends_end = .

shell_area      0x00004058        0x0
                0x00004058                _shell_list_start = .
 *(SORT_BY_NAME(SORT_BY_ALIGNMENT(._shell.static.*)))
                0x00004058                _shell_list_end = .

shell_root_cmds_sections
                0x00004058        0x0
                0x00004058                __shell_root_cmds_start = .
 *(SORT_BY_NAME(SORT_BY_ALIGNMENT(.shell_root_cmd_*)))
                0x00004058                __shell_root_cmds_end = .

font_entry_sections
                0x00004058        0x0
                0x00004058                __font_entry_start = .
 *(SORT_BY_NAME(SORT_BY_ALIGNMENT(._cfb_font.*)))
                0x00004058                __font_entry_end = .

tracing_backend_area
                0x00004058        0x0
                0x00004058                _tracing_backend_list_start = .
 *(SORT_BY_NAME(SORT_BY_ALIGNMENT(._tracing_backend.static.*)))
                0x00004058                _tracing_backend_list_end = .

tdata           0x00004058        0x0
 *(SORT_BY_ALIGNMENT(.tdata) SORT_BY_ALIGNMENT(.tdata.*) SORT_BY_ALIGNMENT(.gnu.linkonce.td.*))

tbss            0x00004058        0x0
 *(SORT_BY_ALIGNMENT(.tbss) SORT_BY_ALIGNMENT(.tbss.*) SORT_BY_ALIGNMENT(.gnu.linkonce.tb.*) SORT_BY_ALIGNMENT(.tcommon))
                [!provide]                PROVIDE (__tdata_start = LOADADDR (tdata))
                [!provide]                PROVIDE (__tdata_size = SIZEOF (tdata))
                [!provide]                PROVIDE (__tdata_end = (__tdata_start + __tdata_size))
                [!provide]                PROVIDE (__tbss_start = LOADADDR (tbss))
                [!provide]                PROVIDE (__tbss_size = SIZEOF (tbss))
                [!provide]                PROVIDE (__tbss_end = (__tbss_start + __tbss_size))
                [!provide]                PROVIDE (__tls_start = __tdata_start)
                [!provide]                PROVIDE (__tls_end = __tbss_end)
                [!provide]                PROVIDE (__tls_size = (__tbss_end - __tdata_start))

rodata          0x00004060      0x164
 *(SORT_BY_ALIGNMENT(.rodata))
 *(SORT_BY_ALIGNMENT(.rodata.*))
 .rodata.delay_machine_code.11473
                0x00004060        0x6 zephyr/soc/arm/nordic_nrf/nrf52/libsoc__arm__nordic_nrf__nrf52.a(soc.c.obj)
 *fill*         0x00004066        0x2 
 .rodata.clock_control_api
                0x00004068       0x14 zephyr/libzephyr.a(clock_control_nrf.c.obj)
 .rodata.config
                0x0000407c       0x10 zephyr/libzephyr.a(clock_control_nrf.c.obj)
 .rodata.transitions.10112
                0x0000408c        0xc zephyr/libzephyr.a(clock_control_nrf.c.obj)
 .rodata.static_regions
                0x00004098        0xc zephyr/arch/arch/arm/core/aarch32/cortex_m/mpu/libarch__arm__core__aarch32__cortex_m__mpu.a(arm_core_mpu.c.obj)
 .rodata.mpu_config
                0x000040a4        0x8 zephyr/soc/arm/common/cortex_m/libsoc__arm__common__cortex_m.a(arm_mpu_regions.c.obj)
                0x000040a4                mpu_config
 .rodata.mpu_regions
                0x000040ac       0x18 zephyr/soc/arm/common/cortex_m/libsoc__arm__common__cortex_m.a(arm_mpu_regions.c.obj)
 .rodata.gpio_nrfx_drv_api_funcs
                0x000040c4       0x24 zephyr/drivers/gpio/libdrivers__gpio.a(gpio_nrfx.c.obj)
 .rodata.gpio_nrfx_p0_cfg
                0x000040e8        0xc zephyr/drivers/gpio/libdrivers__gpio.a(gpio_nrfx.c.obj)
 .rodata.uart_nrfx_uarte_driver_api
                0x000040f4       0x14 zephyr/drivers/serial/libdrivers__serial.a(uart_nrfx_uarte.c.obj)
 .rodata.uarte_0z_config
                0x00004108        0x8 zephyr/drivers/serial/libdrivers__serial.a(uart_nrfx_uarte.c.obj)
 .rodata.levels.8689
                0x00004110       0x14 zephyr/kernel/libkernel.a(device.c.obj)
 .rodata._k_neg_eagain
                0x00004124        0x4 zephyr/kernel/libkernel.a(errno.c.obj)
                0x00004124                _k_neg_eagain
 .rodata.main.str1.1
                0x00004128        0xe app/libapp.a(main.c.obj)
 .rodata.cbvprintf.str1.1
                0x00004136        0x6 zephyr/libzephyr.a(cbprintf_complete.c.obj)
 .rodata.uart_console_init.str1.1
                0x0000413c        0x7 zephyr/libzephyr.a(uart_console.c.obj)
 .rodata.str1.1
                0x00004143        0x6 zephyr/libzephyr.a(clock_control_nrf.c.obj)
 .rodata.str1.1
                0x00004149        0xa zephyr/libzephyr.a(sys_clock_init.c.obj)
 .rodata._DoInit.str1.1
                0x00004153       0x14 zephyr/libzephyr.a(SEGGER_RTT.c.obj)
 .rodata.str1.1
                0x00004167        0xf zephyr/soc/arm/common/cortex_m/libsoc__arm__common__cortex_m.a(arm_mpu_regions.c.obj)
 .rodata.str1.1
                0x00004176        0x7 zephyr/drivers/gpio/libdrivers__gpio.a(gpio_nrfx.c.obj)
 .rodata.str1.1
                0x0000417d        0x7 zephyr/drivers/serial/libdrivers__serial.a(uart_nrfx_uarte.c.obj)
 .rodata.CSWTCH.14
                0x0000417d        0x4 modules/hal_nordic/libmodules__hal_nordic.a(system_nrf52.c.obj)
 .rodata.CSWTCH.18
                0x00004181        0x4 modules/hal_nordic/libmodules__hal_nordic.a(system_nrf52.c.obj)
 .rodata.CSWTCH.4
                0x00004185        0x4 modules/hal_nordic/libmodules__hal_nordic.a(system_nrf52.c.obj)
 .rodata.z_cstart.str1.1
                0x00004189        0x5 zephyr/kernel/libkernel.a(init.c.obj)
 .rodata.boot_banner.str1.1
                0x0000418e       0x34 zephyr/kernel/libkernel.a(banner.c.obj)
                                 0x35 (size before relaxing)
 *(SORT_BY_ALIGNMENT(.gnu.linkonce.r.*))
                0x000041c4                . = ALIGN (0x4)
 *fill*         0x000041c2        0x2 
                0x000041c4                _image_rodata_end = .
                0x000041e0                . = ALIGN (_region_min_align)
                0x00008000                . = ALIGN ((0x1 << LOG2CEIL ((_image_rodata_end - _image_rom_start))))
                0x00008000                _image_rom_end = .
                0x20000000                . = 0x20000000
                0x20000000                . = ALIGN (_region_min_align)
                0x20000000                _image_ram_start = .

.ramfunc        0x20000000        0x0 load address 0x000041c4
                0x20000000                . = ALIGN (_region_min_align)
                0x20000000                . = ALIGN ((0x1 << LOG2CEIL (_ramfunc_ram_size)))
                0x20000000                _ramfunc_ram_start = .
 *(SORT_BY_ALIGNMENT(.ramfunc))
 *(SORT_BY_ALIGNMENT(.ramfunc.*))
                0x20000000                . = ALIGN (_region_min_align)
                0x20000000                . = ALIGN ((0x1 << LOG2CEIL (_ramfunc_ram_size)))
                0x20000000                _ramfunc_ram_end = .
                0x00000000                _ramfunc_ram_size = (_ramfunc_ram_end - _ramfunc_ram_start)
                0x000041c4                _ramfunc_rom_start = LOADADDR (.ramfunc)

datas           0x20000000       0x28 load address 0x000041c4
                0x20000000                __data_ram_start = .
 *(SORT_BY_ALIGNMENT(.data))
 *(SORT_BY_ALIGNMENT(.data.*))
 .data._char_out
                0x20000000        0x4 zephyr/libzephyr.a(printk.c.obj)
                0x20000000                _char_out
 .data._stdout_hook
                0x20000004        0x4 zephyr/lib/libc/minimal/liblib__libc__minimal.a(stdout_console.c.obj)
 .data.uarte_0_data
                0x20000008       0x14 zephyr/drivers/serial/libdrivers__serial.a(uart_nrfx_uarte.c.obj)
 .data.SystemCoreClock
                0x2000001c        0x4 modules/hal_nordic/libmodules__hal_nordic.a(system_nrf52.c.obj)
                0x2000001c                SystemCoreClock
 .data.timeout_list
                0x20000020        0x8 zephyr/kernel/libkernel.a(timeout.c.obj)
 *(SORT_BY_ALIGNMENT(.kernel.*))
                0x000041c4                __data_rom_start = LOADADDR (datas)

devices         0x20000028       0x44 load address 0x000041ec
                0x20000028                __device_start = .
                0x20000028                __device_PRE_KERNEL_1_start = .
 *(SORT_BY_NAME(SORT_BY_ALIGNMENT(.device_PRE_KERNEL_1[0-9]*)))
 .device_PRE_KERNEL_150
                0x20000028       0x10 zephyr/libzephyr.a(clock_control_nrf.c.obj)
                0x20000028                __device_DT_N_S_soc_S_clock_40000000
 .device_PRE_KERNEL_150
                0x20000038       0x10 zephyr/drivers/serial/libdrivers__serial.a(uart_nrfx_uarte.c.obj)
                0x20000038                __device_DT_N_S_soc_S_uart_40002000
 *(SORT_BY_NAME(SORT_BY_ALIGNMENT(.device_PRE_KERNEL_1[1-9][0-9]*)))
                0x20000048                __device_PRE_KERNEL_2_start = .
 *(SORT_BY_NAME(SORT_BY_ALIGNMENT(.device_PRE_KERNEL_2[0-9]*)))
 .device_PRE_KERNEL_20
                0x20000048       0x10 zephyr/libzephyr.a(sys_clock_init.c.obj)
 *(SORT_BY_NAME(SORT_BY_ALIGNMENT(.device_PRE_KERNEL_2[1-9][0-9]*)))
                0x20000058                __device_POST_KERNEL_start = .
 *(SORT_BY_NAME(SORT_BY_ALIGNMENT(.device_POST_KERNEL[0-9]*)))
 .device_POST_KERNEL40
                0x20000058       0x10 zephyr/drivers/gpio/libdrivers__gpio.a(gpio_nrfx.c.obj)
                0x20000058                __device_DT_N_S_soc_S_gpio_50000000
 *(SORT_BY_NAME(SORT_BY_ALIGNMENT(.device_POST_KERNEL[1-9][0-9]*)))
                0x20000068                __device_APPLICATION_start = .
 *(SORT_BY_NAME(SORT_BY_ALIGNMENT(.device_APPLICATION[0-9]*)))
 *(SORT_BY_NAME(SORT_BY_ALIGNMENT(.device_APPLICATION[1-9][0-9]*)))
                0x20000068                __device_SMP_start = .
 *(SORT_BY_NAME(SORT_BY_ALIGNMENT(.device_SMP[0-9]*)))
 *(SORT_BY_NAME(SORT_BY_ALIGNMENT(.device_SMP[1-9][0-9]*)))
                0x20000068                __device_end = .
 FILL mask 0x00
                0x20000068                __device_init_status_start = .
                0x2000006c                . = (. + (((((__device_end - __device_start) / 0x10) + 0x1f) / 0x20) * 0x4))
 *fill*         0x20000068        0x4 00
                0x2000006c                __device_init_status_end = .

initshell       0x2000006c        0x0 load address 0x00004230
                0x2000006c                __shell_module_start = .
 *(SORT_BY_ALIGNMENT(.shell_module_*))
                0x2000006c                __shell_module_end = .
                0x2000006c                __shell_cmd_start = .
 *(SORT_BY_ALIGNMENT(.shell_cmd_*))
                0x2000006c                __shell_cmd_end = .

log_dynamic_sections
                0x2000006c        0x0 load address 0x00004230
                0x2000006c                __log_dynamic_start = .
 *(SORT_BY_NAME(SORT_BY_ALIGNMENT(.log_dynamic_*)))
                0x2000006c                __log_dynamic_end = .

_static_thread_data_area
                0x2000006c        0x0 load address 0x00004230
                0x2000006c                __static_thread_data_list_start = .
 *(SORT_BY_NAME(SORT_BY_ALIGNMENT(.__static_thread_data.static.*)))
                0x2000006c                __static_thread_data_list_end = .

k_timer_area    0x2000006c        0x0 load address 0x00004230
                0x2000006c                _k_timer_list_start = .
 *(SORT_BY_NAME(SORT_BY_ALIGNMENT(._k_timer.static.*)))
                0x2000006c                _k_timer_list_end = .

k_mem_slab_area
                0x2000006c        0x0 load address 0x00004230
                0x2000006c                _k_mem_slab_list_start = .
 *(SORT_BY_NAME(SORT_BY_ALIGNMENT(._k_mem_slab.static.*)))
                0x2000006c                _k_mem_slab_list_end = .

k_mem_pool_area
                0x2000006c        0x0 load address 0x00004230
                0x2000006c                _k_mem_pool_list_start = .
 *(SORT_BY_NAME(SORT_BY_ALIGNMENT(._k_mem_pool.static.*)))
                0x2000006c                _k_mem_pool_list_end = .

k_heap_area     0x2000006c        0x0 load address 0x00004230
                0x2000006c                _k_heap_list_start = .
 *(SORT_BY_NAME(SORT_BY_ALIGNMENT(._k_heap.static.*)))
                0x2000006c                _k_heap_list_end = .

k_mutex_area    0x2000006c        0x0 load address 0x00004230
                0x2000006c                _k_mutex_list_start = .
 *(SORT_BY_NAME(SORT_BY_ALIGNMENT(._k_mutex.static.*)))
                0x2000006c                _k_mutex_list_end = .

k_stack_area    0x2000006c        0x0 load address 0x00004230
                0x2000006c                _k_stack_list_start = .
 *(SORT_BY_NAME(SORT_BY_ALIGNMENT(._k_stack.static.*)))
                0x2000006c                _k_stack_list_end = .

k_msgq_area     0x2000006c        0x0 load address 0x00004230
                0x2000006c                _k_msgq_list_start = .
 *(SORT_BY_NAME(SORT_BY_ALIGNMENT(._k_msgq.static.*)))
                0x2000006c                _k_msgq_list_end = .

k_mbox_area     0x2000006c        0x0 load address 0x00004230
                0x2000006c                _k_mbox_list_start = .
 *(SORT_BY_NAME(SORT_BY_ALIGNMENT(._k_mbox.static.*)))
                0x2000006c                _k_mbox_list_end = .

k_pipe_area     0x2000006c        0x0 load address 0x00004230
                0x2000006c                _k_pipe_list_start = .
 *(SORT_BY_NAME(SORT_BY_ALIGNMENT(._k_pipe.static.*)))
                0x2000006c                _k_pipe_list_end = .

k_sem_area      0x2000006c        0x0 load address 0x00004230
                0x2000006c                _k_sem_list_start = .
 *(SORT_BY_NAME(SORT_BY_ALIGNMENT(._k_sem.static.*)))
                0x2000006c                _k_sem_list_end = .

k_queue_area    0x2000006c        0x0 load address 0x00004230
                0x2000006c                _k_queue_list_start = .
 *(SORT_BY_NAME(SORT_BY_ALIGNMENT(._k_queue.static.*)))
                0x2000006c                _k_queue_list_end = .

k_condvar_area  0x2000006c        0x0 load address 0x00004230
                0x2000006c                _k_condvar_list_start = .
 *(SORT_BY_NAME(SORT_BY_ALIGNMENT(._k_condvar.static.*)))
                0x2000006c                _k_condvar_list_end = .

_net_buf_pool_area
                0x2000006c        0x0 load address 0x00004230
                0x2000006c                _net_buf_pool_list = .
 *(SORT_BY_NAME(SORT_BY_ALIGNMENT(._net_buf_pool.static.*)))
                0x2000006c                __data_ram_end = .

bss             0x20000070      0x708
                0x20000070                . = ALIGN (0x4)
                0x20000070                __bss_start = .
                0x20000070                __kernel_ram_start = .
 *(SORT_BY_ALIGNMENT(.bss))
 *(SORT_BY_ALIGNMENT(.bss.*))
 .bss.z_idle_threads
                0x20000070       0x80 zephyr/kernel/libkernel.a(init.c.obj)
                0x20000070                z_idle_threads
 .bss.z_main_thread
                0x200000f0       0x80 zephyr/kernel/libkernel.a(init.c.obj)
                0x200000f0                z_main_thread
 .bss.curr_tick
                0x20000170        0x8 zephyr/kernel/libkernel.a(timeout.c.obj)
 .bss.uart_console_dev
                0x20000178        0x4 zephyr/libzephyr.a(uart_console.c.obj)
 .bss.cli.10089
                0x2000017c       0x10 zephyr/libzephyr.a(clock_control_nrf.c.obj)
 .bss.data      0x2000018c       0x50 zephyr/libzephyr.a(clock_control_nrf.c.obj)
 .bss.hfclk_users
                0x200001dc        0x4 zephyr/libzephyr.a(clock_control_nrf.c.obj)
 .bss.on.10088  0x200001e0        0x4 zephyr/libzephyr.a(clock_control_nrf.c.obj)
 .bss.cc_data   0x200001e4        0x8 zephyr/libzephyr.a(nrf_rtc_timer.c.obj)
 .bss.int_mask  0x200001ec        0x4 zephyr/libzephyr.a(nrf_rtc_timer.c.obj)
 .bss.last_count
                0x200001f0        0x4 zephyr/libzephyr.a(nrf_rtc_timer.c.obj)
 .bss._SEGGER_RTT
                0x200001f4       0xa8 zephyr/libzephyr.a(SEGGER_RTT.c.obj)
                0x200001f4                _SEGGER_RTT
 .bss.dynamic_regions.9061
                0x2000029c        0xc zephyr/arch/arch/arm/core/aarch32/cortex_m/mpu/libarch__arm__core__aarch32__cortex_m__mpu.a(arm_core_mpu.c.obj)
 .bss.gpio_nrfx_p0_data
                0x200002a8       0x1c zephyr/drivers/gpio/libdrivers__gpio.a(gpio_nrfx.c.obj)
 .bss.m_clock_cb
                0x200002c4        0x8 modules/hal_nordic/libmodules__hal_nordic.a(nrfx_clock.c.obj)
 .bss.m_cb      0x200002cc       0x50 modules/hal_nordic/libmodules__hal_nordic.a(nrfx_gpiote.c.obj)
 .bss.m_channels_allocated
                0x2000031c        0x4 modules/hal_nordic/libmodules__hal_nordic.a(nrfx_ppi.c.obj)
 .bss._kernel   0x20000320       0x34 zephyr/kernel/libkernel.a(sched.c.obj)
                0x20000320                _kernel
 .bss.pending_current
                0x20000354        0x4 zephyr/kernel/libkernel.a(sched.c.obj)
 .bss.slice_max_prio
                0x20000358        0x4 zephyr/kernel/libkernel.a(sched.c.obj)
 .bss.slice_time
                0x2000035c        0x4 zephyr/kernel/libkernel.a(sched.c.obj)
 .bss.announce_remaining
                0x20000360        0x4 zephyr/kernel/libkernel.a(timeout.c.obj)
 .bss.once.9978
                0x20000364        0x1 zephyr/libzephyr.a(clock_control_nrf.c.obj)
 .bss._acDownBuffer
                0x20000365       0x10 zephyr/libzephyr.a(SEGGER_RTT.c.obj)
 .bss._acUpBuffer
                0x20000375      0x400 zephyr/libzephyr.a(SEGGER_RTT.c.obj)
 .bss.static_regions_num
                0x20000775        0x1 zephyr/arch/arch/arm/core/aarch32/cortex_m/mpu/libarch__arm__core__aarch32__cortex_m__mpu.a(arm_mpu.c.obj)
 .bss.gpio_initialized.9711
                0x20000776        0x1 zephyr/drivers/gpio/libdrivers__gpio.a(gpio_nrfx.c.obj)
 .bss.z_sys_post_kernel
                0x20000777        0x1 zephyr/kernel/libkernel.a(init.c.obj)
                0x20000777                z_sys_post_kernel
 .bss.sched_spinlock
                0x20000778        0x0 zephyr/kernel/libkernel.a(sched.c.obj)
 .bss.lock      0x20000778        0x0 zephyr/kernel/libkernel.a(sem.c.obj)
 *(SORT_BY_ALIGNMENT(COMMON))
 *(SORT_BY_ALIGNMENT(.kernel_bss.*))
                0x20000778                __bss_end = ALIGN (0x4)

noinit          0x20000780      0xda0
 *(SORT_BY_ALIGNMENT(.noinit))
 *(SORT_BY_ALIGNMENT(.noinit.*))
 .noinit."WEST_TOPDIR/zephyr/kernel/init.c".2
                0x20000780      0x420 zephyr/kernel/libkernel.a(init.c.obj)
                0x20000780                z_main_stack
 .noinit."WEST_TOPDIR/zephyr/kernel/init.c".3
                0x20000ba0      0x160 zephyr/kernel/libkernel.a(init.c.obj)
 .noinit."WEST_TOPDIR/zephyr/kernel/init.c".4
                0x20000d00      0x820 zephyr/kernel/libkernel.a(init.c.obj)
                0x20000d00                z_interrupt_stacks
 *(SORT_BY_ALIGNMENT(.kernel_noinit.*))
                0x20001520                _image_ram_end = .
                0x20001520                _end = .
                0x20010000                __kernel_ram_end = 0x20010000
                0x0000ff90                __kernel_ram_size = (__kernel_ram_end - __kernel_ram_start)

.intList        0x20010000       0x48
 *(SORT_BY_ALIGNMENT(.irq_info*))
 .irq_info      0x20010000        0x8 zephyr/arch/common/libisr_tables.a(isr_tables.c.obj)
                0x20010000                _iheader
 *(SORT_BY_ALIGNMENT(.intList*))
 .intList       0x20010008       0x10 zephyr/libzephyr.a(clock_control_nrf.c.obj)
 .intList       0x20010018       0x10 zephyr/libzephyr.a(nrf_rtc_timer.c.obj)
 .intList       0x20010028       0x10 zephyr/drivers/gpio/libdrivers__gpio.a(gpio_nrfx.c.obj)
 .intList       0x20010038       0x10 zephyr/drivers/serial/libdrivers__serial.a(uart_nrfx_uarte.c.obj)

.stab
 *(SORT_BY_ALIGNMENT(.stab))

.stabstr
 *(SORT_BY_ALIGNMENT(.stabstr))

.stab.excl
 *(SORT_BY_ALIGNMENT(.stab.excl))

.stab.exclstr
 *(SORT_BY_ALIGNMENT(.stab.exclstr))

.stab.index
 *(SORT_BY_ALIGNMENT(.stab.index))

.stab.indexstr
 *(SORT_BY_ALIGNMENT(.stab.indexstr))

.gnu.build.attributes
 *(SORT_BY_ALIGNMENT(.gnu.build.attributes) SORT_BY_ALIGNMENT(.gnu.build.attributes.*))

.comment        0x00000000       0x79
 *(SORT_BY_ALIGNMENT(.comment))
 .comment       0x00000000       0x79 app/libapp.a(main.c.obj)
                                 0x7a (size before relaxing)
 .comment       0x00000079       0x7a zephyr/libzephyr.a(notify.c.obj)
 .comment       0x00000079       0x7a zephyr/libzephyr.a(printk.c.obj)
 .comment       0x00000079       0x7a zephyr/libzephyr.a(onoff.c.obj)
 .comment       0x00000079       0x7a zephyr/libzephyr.a(thread_entry.c.obj)
 .comment       0x00000079       0x7a zephyr/libzephyr.a(heap.c.obj)
 .comment       0x00000079       0x7a zephyr/libzephyr.a(cbprintf_complete.c.obj)
 .comment       0x00000079       0x7a zephyr/libzephyr.a(configs.c.obj)
 .comment       0x00000079       0x7a zephyr/libzephyr.a(uart_console.c.obj)
 .comment       0x00000079       0x7a zephyr/libzephyr.a(clock_control_nrf.c.obj)
 .comment       0x00000079       0x7a zephyr/libzephyr.a(sys_clock_init.c.obj)
 .comment       0x00000079       0x7a zephyr/libzephyr.a(nrf_rtc_timer.c.obj)
 .comment       0x00000079       0x7a zephyr/libzephyr.a(SEGGER_RTT.c.obj)
 .comment       0x00000079       0x7a zephyr/libzephyr.a(SEGGER_RTT_zephyr.c.obj)
 .comment       0x00000079       0x7a zephyr/arch/arch/arm/core/aarch32/libarch__arm__core__aarch32.a(swap.c.obj)
 .comment       0x00000079       0x7a zephyr/arch/arch/arm/core/aarch32/libarch__arm__core__aarch32.a(irq_manage.c.obj)
 .comment       0x00000079       0x7a zephyr/arch/arch/arm/core/aarch32/libarch__arm__core__aarch32.a(thread.c.obj)
 .comment       0x00000079       0x7a zephyr/arch/arch/arm/core/aarch32/libarch__arm__core__aarch32.a(fatal.c.obj)
 .comment       0x00000079       0x7a zephyr/arch/arch/arm/core/aarch32/libarch__arm__core__aarch32.a(nmi.c.obj)
 .comment       0x00000079       0x7a zephyr/arch/arch/arm/core/aarch32/libarch__arm__core__aarch32.a(prep_c.c.obj)
 .comment       0x00000079       0x7a zephyr/arch/arch/arm/core/aarch32/cortex_m/libarch__arm__core__aarch32__cortex_m.a(fault.c.obj)
 .comment       0x00000079       0x7a zephyr/arch/arch/arm/core/aarch32/cortex_m/libarch__arm__core__aarch32__cortex_m.a(irq_init.c.obj)
 .comment       0x00000079       0x7a zephyr/arch/arch/arm/core/aarch32/cortex_m/libarch__arm__core__aarch32__cortex_m.a(thread_abort.c.obj)
 .comment       0x00000079       0x7a zephyr/arch/arch/arm/core/aarch32/cortex_m/mpu/libarch__arm__core__aarch32__cortex_m__mpu.a(arm_core_mpu.c.obj)
 .comment       0x00000079       0x7a zephyr/arch/arch/arm/core/aarch32/cortex_m/mpu/libarch__arm__core__aarch32__cortex_m__mpu.a(arm_mpu.c.obj)
 .comment       0x00000079       0x7a zephyr/lib/libc/minimal/liblib__libc__minimal.a(string.c.obj)
 .comment       0x00000079       0x7a zephyr/lib/libc/minimal/liblib__libc__minimal.a(stdout_console.c.obj)
 .comment       0x00000079       0x7a zephyr/soc/arm/common/cortex_m/libsoc__arm__common__cortex_m.a(arm_mpu_regions.c.obj)
 .comment       0x00000079       0x7a zephyr/soc/arm/nordic_nrf/nrf52/libsoc__arm__nordic_nrf__nrf52.a(soc.c.obj)
 .comment       0x00000079       0x7a zephyr/drivers/gpio/libdrivers__gpio.a(gpio_nrfx.c.obj)
 .comment       0x00000079       0x7a zephyr/drivers/serial/libdrivers__serial.a(uart_nrfx_uarte.c.obj)
 .comment       0x00000079       0x7a modules/nrf/lib/fatal_error/lib..__nrf__lib__fatal_error.a(fatal_error.c.obj)
 .comment       0x00000079       0x7a modules/hal_nordic/libmodules__hal_nordic.a(system_nrf52.c.obj)
 .comment       0x00000079       0x7a modules/hal_nordic/libmodules__hal_nordic.a(nrfx_glue.c.obj)
 .comment       0x00000079       0x7a modules/hal_nordic/libmodules__hal_nordic.a(nrfx_clock.c.obj)
 .comment       0x00000079       0x7a modules/hal_nordic/libmodules__hal_nordic.a(nrfx_gpiote.c.obj)
 .comment       0x00000079       0x7a modules/hal_nordic/libmodules__hal_nordic.a(nrfx_ppi.c.obj)
 .comment       0x00000079       0x7a zephyr/kernel/libkernel.a(device.c.obj)
 .comment       0x00000079       0x7a zephyr/kernel/libkernel.a(errno.c.obj)
 .comment       0x00000079       0x7a zephyr/kernel/libkernel.a(fatal.c.obj)
 .comment       0x00000079       0x7a zephyr/kernel/libkernel.a(idle.c.obj)
 .comment       0x00000079       0x7a zephyr/kernel/libkernel.a(init.c.obj)
 .comment       0x00000079       0x7a zephyr/kernel/libkernel.a(sched.c.obj)
 .comment       0x00000079       0x7a zephyr/kernel/libkernel.a(sem.c.obj)
 .comment       0x00000079       0x7a zephyr/kernel/libkernel.a(thread.c.obj)
 .comment       0x00000079       0x7a zephyr/kernel/libkernel.a(thread_abort.c.obj)
 .comment       0x00000079       0x7a zephyr/kernel/libkernel.a(banner.c.obj)
 .comment       0x00000079       0x7a zephyr/kernel/libkernel.a(xip.c.obj)
 .comment       0x00000079       0x7a zephyr/kernel/libkernel.a(timeout.c.obj)
 .comment       0x00000079       0x7a zephyr/kernel/libkernel.a(kheap.c.obj)
 .comment       0x00000079       0x7a zephyr/CMakeFiles/offsets.dir/./arch/arm/core/offsets/offsets.c.obj
 .comment       0x00000079       0x7a zephyr/arch/common/libisr_tables.a(isr_tables.c.obj)

.debug
 *(SORT_BY_ALIGNMENT(.debug))

.line
 *(SORT_BY_ALIGNMENT(.line))

.debug_srcinfo
 *(SORT_BY_ALIGNMENT(.debug_srcinfo))

.debug_sfnames
 *(SORT_BY_ALIGNMENT(.debug_sfnames))

.debug_aranges  0x00000000     0x1218
 *(SORT_BY_ALIGNMENT(.debug_aranges))
 .debug_aranges
                0x00000000       0x28 zephyr/arch/arch/arm/core/aarch32/libarch__arm__core__aarch32.a(swap_helper.S.obj)
 .debug_aranges
                0x00000028       0x30 zephyr/arch/arch/arm/core/aarch32/libarch__arm__core__aarch32.a(cpu_idle.S.obj)
 .debug_aranges
                0x00000058       0x20 zephyr/arch/arch/arm/core/aarch32/libarch__arm__core__aarch32.a(nmi_on_reset.S.obj)
 .debug_aranges
                0x00000078       0x20 zephyr/arch/arch/arm/core/aarch32/libarch__arm__core__aarch32.a(isr_wrapper.S.obj)
 .debug_aranges
                0x00000098       0x20 zephyr/arch/arch/arm/core/aarch32/cortex_m/libarch__arm__core__aarch32__cortex_m.a(reset.S.obj)
 .debug_aranges
                0x000000b8       0x20 zephyr/arch/arch/arm/core/aarch32/cortex_m/libarch__arm__core__aarch32__cortex_m.a(fault_s.S.obj)
 .debug_aranges
                0x000000d8       0x20 zephyr/arch/arch/arm/core/aarch32/cortex_m/libarch__arm__core__aarch32__cortex_m.a(exc_exit.S.obj)
 .debug_aranges
                0x000000f8       0x20 app/libapp.a(main.c.obj)
 .debug_aranges
                0x00000118       0x28 zephyr/libzephyr.a(notify.c.obj)
 .debug_aranges
                0x00000140       0x68 zephyr/libzephyr.a(printk.c.obj)
 .debug_aranges
                0x000001a8       0x88 zephyr/libzephyr.a(onoff.c.obj)
 .debug_aranges
                0x00000230       0x20 zephyr/libzephyr.a(thread_entry.c.obj)
 .debug_aranges
                0x00000250       0xa8 zephyr/libzephyr.a(heap.c.obj)
 .debug_aranges
                0x000002f8       0x30 zephyr/libzephyr.a(cbprintf_complete.c.obj)
 .debug_aranges
                0x00000328       0x20 zephyr/libzephyr.a(configs.c.obj)
 .debug_aranges
                0x00000348       0x28 zephyr/libzephyr.a(uart_console.c.obj)
 .debug_aranges
                0x00000370       0xc8 zephyr/libzephyr.a(clock_control_nrf.c.obj)
 .debug_aranges
                0x00000438       0x40 zephyr/libzephyr.a(sys_clock_init.c.obj)
 .debug_aranges
                0x00000478       0x98 zephyr/libzephyr.a(nrf_rtc_timer.c.obj)
 .debug_aranges
                0x00000510      0x120 zephyr/libzephyr.a(SEGGER_RTT.c.obj)
 .debug_aranges
                0x00000630       0x20 zephyr/libzephyr.a(SEGGER_RTT_zephyr.c.obj)
 .debug_aranges
                0x00000650       0x20 zephyr/arch/arch/arm/core/aarch32/libarch__arm__core__aarch32.a(swap.c.obj)
 .debug_aranges
                0x00000670       0x48 zephyr/arch/arch/arm/core/aarch32/libarch__arm__core__aarch32.a(irq_manage.c.obj)
 .debug_aranges
                0x000006b8       0x30 zephyr/arch/arch/arm/core/aarch32/libarch__arm__core__aarch32.a(thread.c.obj)
 .debug_aranges
                0x000006e8       0x30 zephyr/arch/arch/arm/core/aarch32/libarch__arm__core__aarch32.a(fatal.c.obj)
 .debug_aranges
                0x00000718       0x20 zephyr/arch/arch/arm/core/aarch32/libarch__arm__core__aarch32.a(nmi.c.obj)
 .debug_aranges
                0x00000738       0x20 zephyr/arch/arch/arm/core/aarch32/libarch__arm__core__aarch32.a(prep_c.c.obj)
 .debug_aranges
                0x00000758       0x40 zephyr/arch/arch/arm/core/aarch32/cortex_m/libarch__arm__core__aarch32__cortex_m.a(fault.c.obj)
 .debug_aranges
                0x00000798       0x20 zephyr/arch/arch/arm/core/aarch32/cortex_m/libarch__arm__core__aarch32__cortex_m.a(irq_init.c.obj)
 .debug_aranges
                0x000007b8       0x20 zephyr/arch/arch/arm/core/aarch32/cortex_m/libarch__arm__core__aarch32__cortex_m.a(thread_abort.c.obj)
 .debug_aranges
                0x000007d8       0x28 zephyr/arch/arch/arm/core/aarch32/cortex_m/mpu/libarch__arm__core__aarch32__cortex_m__mpu.a(arm_core_mpu.c.obj)
 .debug_aranges
                0x00000800       0x48 zephyr/arch/arch/arm/core/aarch32/cortex_m/mpu/libarch__arm__core__aarch32__cortex_m__mpu.a(arm_mpu.c.obj)
 .debug_aranges
                0x00000848       0x98 zephyr/lib/libc/minimal/liblib__libc__minimal.a(string.c.obj)
 .debug_aranges
                0x000008e0       0x58 zephyr/lib/libc/minimal/liblib__libc__minimal.a(stdout_console.c.obj)
 .debug_aranges
                0x00000938       0x18 zephyr/soc/arm/common/cortex_m/libsoc__arm__common__cortex_m.a(arm_mpu_regions.c.obj)
 .debug_aranges
                0x00000950       0x38 zephyr/soc/arm/nordic_nrf/nrf52/libsoc__arm__nordic_nrf__nrf52.a(soc.c.obj)
 .debug_aranges
                0x00000988       0x70 zephyr/drivers/gpio/libdrivers__gpio.a(gpio_nrfx.c.obj)
 .debug_aranges
                0x000009f8       0x58 zephyr/drivers/serial/libdrivers__serial.a(uart_nrfx_uarte.c.obj)
 .debug_aranges
                0x00000a50       0x20 modules/nrf/lib/fatal_error/lib..__nrf__lib__fatal_error.a(fatal_error.c.obj)
 .debug_aranges
                0x00000a70       0x48 modules/hal_nordic/libmodules__hal_nordic.a(system_nrf52.c.obj)
 .debug_aranges
                0x00000ab8       0x30 modules/hal_nordic/libmodules__hal_nordic.a(nrfx_glue.c.obj)
 .debug_aranges
                0x00000ae8       0x68 modules/hal_nordic/libmodules__hal_nordic.a(nrfx_clock.c.obj)
 .debug_aranges
                0x00000b50      0x138 modules/hal_nordic/libmodules__hal_nordic.a(nrfx_gpiote.c.obj)
 .debug_aranges
                0x00000c88       0x80 modules/hal_nordic/libmodules__hal_nordic.a(nrfx_ppi.c.obj)
 .debug_aranges
                0x00000d08       0x40 zephyr/kernel/libkernel.a(device.c.obj)
 .debug_aranges
                0x00000d48       0x20 zephyr/kernel/libkernel.a(errno.c.obj)
 .debug_aranges
                0x00000d68       0x50 zephyr/kernel/libkernel.a(fatal.c.obj)
 .debug_aranges
                0x00000db8       0x28 zephyr/kernel/libkernel.a(idle.c.obj)
 .debug_aranges
                0x00000de0       0x38 zephyr/kernel/libkernel.a(init.c.obj)
 .debug_aranges
                0x00000e18      0x1d0 zephyr/kernel/libkernel.a(sched.c.obj)
 .debug_aranges
                0x00000fe8       0x30 zephyr/kernel/libkernel.a(sem.c.obj)
 .debug_aranges
                0x00001018       0xa0 zephyr/kernel/libkernel.a(thread.c.obj)
 .debug_aranges
                0x000010b8       0x20 zephyr/kernel/libkernel.a(thread_abort.c.obj)
 .debug_aranges
                0x000010d8       0x20 zephyr/kernel/libkernel.a(banner.c.obj)
 .debug_aranges
                0x000010f8       0x20 zephyr/kernel/libkernel.a(xip.c.obj)
 .debug_aranges
                0x00001118       0x90 zephyr/kernel/libkernel.a(timeout.c.obj)
 .debug_aranges
                0x000011a8       0x38 zephyr/kernel/libkernel.a(kheap.c.obj)
 .debug_aranges
                0x000011e0       0x20 zephyr/CMakeFiles/offsets.dir/./arch/arm/core/offsets/offsets.c.obj
 .debug_aranges
                0x00001200       0x18 zephyr/arch/common/libisr_tables.a(isr_tables.c.obj)

.debug_pubnames
 *(SORT_BY_ALIGNMENT(.debug_pubnames))

.debug_info     0x00000000    0x453b1
 *(SORT_BY_ALIGNMENT(.debug_info) SORT_BY_ALIGNMENT(.gnu.linkonce.wi.*))
 .debug_info    0x00000000      0x817 app/libapp.a(main.c.obj)
 .debug_info    0x00000817      0x9f5 zephyr/libzephyr.a(notify.c.obj)
 .debug_info    0x0000120c      0xcd3 zephyr/libzephyr.a(printk.c.obj)
 .debug_info    0x00001edf     0x2905 zephyr/libzephyr.a(onoff.c.obj)
 .debug_info    0x000047e4      0x929 zephyr/libzephyr.a(thread_entry.c.obj)
 .debug_info    0x0000510d     0x2bb2 zephyr/libzephyr.a(heap.c.obj)
 .debug_info    0x00007cbf     0x100f zephyr/libzephyr.a(cbprintf_complete.c.obj)
 .debug_info    0x00008cce       0x38 zephyr/libzephyr.a(configs.c.obj)
 .debug_info    0x00008d06      0xf6d zephyr/libzephyr.a(uart_console.c.obj)
 .debug_info    0x00009c73     0x4ab7 zephyr/libzephyr.a(clock_control_nrf.c.obj)
 .debug_info    0x0000e72a      0xd15 zephyr/libzephyr.a(sys_clock_init.c.obj)
 .debug_info    0x0000f43f     0x281c zephyr/libzephyr.a(nrf_rtc_timer.c.obj)
 .debug_info    0x00011c5b     0x1e69 zephyr/libzephyr.a(SEGGER_RTT.c.obj)
 .debug_info    0x00013ac4      0xab5 zephyr/libzephyr.a(SEGGER_RTT_zephyr.c.obj)
 .debug_info    0x00014579      0xa81 zephyr/arch/arch/arm/core/aarch32/libarch__arm__core__aarch32.a(swap.c.obj)
 .debug_info    0x00014ffa       0x22 zephyr/arch/arch/arm/core/aarch32/libarch__arm__core__aarch32.a(swap_helper.S.obj)
 .debug_info    0x0001501c      0xec0 zephyr/arch/arch/arm/core/aarch32/libarch__arm__core__aarch32.a(irq_manage.c.obj)
 .debug_info    0x00015edc      0xb77 zephyr/arch/arch/arm/core/aarch32/libarch__arm__core__aarch32.a(thread.c.obj)
 .debug_info    0x00016a53       0x22 zephyr/arch/arch/arm/core/aarch32/libarch__arm__core__aarch32.a(cpu_idle.S.obj)
 .debug_info    0x00016a75      0xd28 zephyr/arch/arch/arm/core/aarch32/libarch__arm__core__aarch32.a(fatal.c.obj)
 .debug_info    0x0001779d      0x822 zephyr/arch/arch/arm/core/aarch32/libarch__arm__core__aarch32.a(nmi.c.obj)
 .debug_info    0x00017fbf       0x26 zephyr/arch/arch/arm/core/aarch32/libarch__arm__core__aarch32.a(nmi_on_reset.S.obj)
 .debug_info    0x00017fe5      0xd00 zephyr/arch/arch/arm/core/aarch32/libarch__arm__core__aarch32.a(prep_c.c.obj)
 .debug_info    0x00018ce5       0x26 zephyr/arch/arch/arm/core/aarch32/libarch__arm__core__aarch32.a(isr_wrapper.S.obj)
 .debug_info    0x00018d0b       0x26 zephyr/arch/arch/arm/core/aarch32/cortex_m/libarch__arm__core__aarch32__cortex_m.a(reset.S.obj)
 .debug_info    0x00018d31       0x26 zephyr/arch/arch/arm/core/aarch32/cortex_m/libarch__arm__core__aarch32__cortex_m.a(fault_s.S.obj)
 .debug_info    0x00018d57     0x176e zephyr/arch/arch/arm/core/aarch32/cortex_m/libarch__arm__core__aarch32__cortex_m.a(fault.c.obj)
 .debug_info    0x0001a4c5       0x26 zephyr/arch/arch/arm/core/aarch32/cortex_m/libarch__arm__core__aarch32__cortex_m.a(exc_exit.S.obj)
 .debug_info    0x0001a4eb      0x66d zephyr/arch/arch/arm/core/aarch32/cortex_m/libarch__arm__core__aarch32__cortex_m.a(irq_init.c.obj)
 .debug_info    0x0001ab58      0xb5a zephyr/arch/arch/arm/core/aarch32/cortex_m/libarch__arm__core__aarch32__cortex_m.a(thread_abort.c.obj)
 .debug_info    0x0001b6b2      0xf17 zephyr/arch/arch/arm/core/aarch32/cortex_m/mpu/libarch__arm__core__aarch32__cortex_m__mpu.a(arm_core_mpu.c.obj)
 .debug_info    0x0001c5c9     0x1759 zephyr/arch/arch/arm/core/aarch32/cortex_m/mpu/libarch__arm__core__aarch32__cortex_m__mpu.a(arm_mpu.c.obj)
 .debug_info    0x0001dd22      0x7bb zephyr/lib/libc/minimal/liblib__libc__minimal.a(string.c.obj)
 .debug_info    0x0001e4dd      0x698 zephyr/lib/libc/minimal/liblib__libc__minimal.a(stdout_console.c.obj)
 .debug_info    0x0001eb75      0x1f7 zephyr/soc/arm/common/cortex_m/libsoc__arm__common__cortex_m.a(arm_mpu_regions.c.obj)
 .debug_info    0x0001ed6c     0x12c9 zephyr/soc/arm/nordic_nrf/nrf52/libsoc__arm__nordic_nrf__nrf52.a(soc.c.obj)
 .debug_info    0x00020035     0x3231 zephyr/drivers/gpio/libdrivers__gpio.a(gpio_nrfx.c.obj)
 .debug_info    0x00023266     0x3989 zephyr/drivers/serial/libdrivers__serial.a(uart_nrfx_uarte.c.obj)
 .debug_info    0x00026bef      0xfd2 modules/nrf/lib/fatal_error/lib..__nrf__lib__fatal_error.a(fatal_error.c.obj)
 .debug_info    0x00027bc1     0x1428 modules/hal_nordic/libmodules__hal_nordic.a(system_nrf52.c.obj)
 .debug_info    0x00028fe9      0x987 modules/hal_nordic/libmodules__hal_nordic.a(nrfx_glue.c.obj)
 .debug_info    0x00029970     0x198c modules/hal_nordic/libmodules__hal_nordic.a(nrfx_clock.c.obj)
 .debug_info    0x0002b2fc     0x4912 modules/hal_nordic/libmodules__hal_nordic.a(nrfx_gpiote.c.obj)
 .debug_info    0x0002fc0e     0x1c9d modules/hal_nordic/libmodules__hal_nordic.a(nrfx_ppi.c.obj)
 .debug_info    0x000318ab      0xf41 zephyr/kernel/libkernel.a(device.c.obj)
 .debug_info    0x000327ec      0x87e zephyr/kernel/libkernel.a(errno.c.obj)
 .debug_info    0x0003306a     0x1419 zephyr/kernel/libkernel.a(fatal.c.obj)
 .debug_info    0x00034483      0xfb3 zephyr/kernel/libkernel.a(idle.c.obj)
 .debug_info    0x00035436     0x1ecd zephyr/kernel/libkernel.a(init.c.obj)
 .debug_info    0x00037303     0x5dca zephyr/kernel/libkernel.a(sched.c.obj)
 .debug_info    0x0003d0cd      0xdde zephyr/kernel/libkernel.a(sem.c.obj)
 .debug_info    0x0003deab     0x18fa zephyr/kernel/libkernel.a(thread.c.obj)
 .debug_info    0x0003f7a5      0xb18 zephyr/kernel/libkernel.a(thread_abort.c.obj)
 .debug_info    0x000402bd      0xb74 zephyr/kernel/libkernel.a(banner.c.obj)
 .debug_info    0x00040e31      0x9a5 zephyr/kernel/libkernel.a(xip.c.obj)
 .debug_info    0x000417d6     0x1f47 zephyr/kernel/libkernel.a(timeout.c.obj)
 .debug_info    0x0004371d      0xf15 zephyr/kernel/libkernel.a(kheap.c.obj)
 .debug_info    0x00044632      0xb53 zephyr/CMakeFiles/offsets.dir/./arch/arm/core/offsets/offsets.c.obj
 .debug_info    0x00045185      0x22c zephyr/arch/common/libisr_tables.a(isr_tables.c.obj)

.debug_abbrev   0x00000000     0xae36
 *(SORT_BY_ALIGNMENT(.debug_abbrev))
 .debug_abbrev  0x00000000      0x19c app/libapp.a(main.c.obj)
 .debug_abbrev  0x0000019c      0x257 zephyr/libzephyr.a(notify.c.obj)
 .debug_abbrev  0x000003f3      0x329 zephyr/libzephyr.a(printk.c.obj)
 .debug_abbrev  0x0000071c      0x55a zephyr/libzephyr.a(onoff.c.obj)
 .debug_abbrev  0x00000c76      0x238 zephyr/libzephyr.a(thread_entry.c.obj)
 .debug_abbrev  0x00000eae      0x49e zephyr/libzephyr.a(heap.c.obj)
 .debug_abbrev  0x0000134c      0x40e zephyr/libzephyr.a(cbprintf_complete.c.obj)
 .debug_abbrev  0x0000175a       0x2e zephyr/libzephyr.a(configs.c.obj)
 .debug_abbrev  0x00001788      0x359 zephyr/libzephyr.a(uart_console.c.obj)
 .debug_abbrev  0x00001ae1      0x805 zephyr/libzephyr.a(clock_control_nrf.c.obj)
 .debug_abbrev  0x000022e6      0x254 zephyr/libzephyr.a(sys_clock_init.c.obj)
 .debug_abbrev  0x0000253a      0x5b1 zephyr/libzephyr.a(nrf_rtc_timer.c.obj)
 .debug_abbrev  0x00002aeb      0x39b zephyr/libzephyr.a(SEGGER_RTT.c.obj)
 .debug_abbrev  0x00002e86      0x1ed zephyr/libzephyr.a(SEGGER_RTT_zephyr.c.obj)
 .debug_abbrev  0x00003073      0x215 zephyr/arch/arch/arm/core/aarch32/libarch__arm__core__aarch32.a(swap.c.obj)
 .debug_abbrev  0x00003288       0x12 zephyr/arch/arch/arm/core/aarch32/libarch__arm__core__aarch32.a(swap_helper.S.obj)
 .debug_abbrev  0x0000329a      0x350 zephyr/arch/arch/arm/core/aarch32/libarch__arm__core__aarch32.a(irq_manage.c.obj)
 .debug_abbrev  0x000035ea      0x2b9 zephyr/arch/arch/arm/core/aarch32/libarch__arm__core__aarch32.a(thread.c.obj)
 .debug_abbrev  0x000038a3       0x12 zephyr/arch/arch/arm/core/aarch32/libarch__arm__core__aarch32.a(cpu_idle.S.obj)
 .debug_abbrev  0x000038b5      0x338 zephyr/arch/arch/arm/core/aarch32/libarch__arm__core__aarch32.a(fatal.c.obj)
 .debug_abbrev  0x00003bed      0x19b zephyr/arch/arch/arm/core/aarch32/libarch__arm__core__aarch32.a(nmi.c.obj)
 .debug_abbrev  0x00003d88       0x14 zephyr/arch/arch/arm/core/aarch32/libarch__arm__core__aarch32.a(nmi_on_reset.S.obj)
 .debug_abbrev  0x00003d9c      0x2b3 zephyr/arch/arch/arm/core/aarch32/libarch__arm__core__aarch32.a(prep_c.c.obj)
 .debug_abbrev  0x0000404f       0x14 zephyr/arch/arch/arm/core/aarch32/libarch__arm__core__aarch32.a(isr_wrapper.S.obj)
 .debug_abbrev  0x00004063       0x14 zephyr/arch/arch/arm/core/aarch32/cortex_m/libarch__arm__core__aarch32__cortex_m.a(reset.S.obj)
 .debug_abbrev  0x00004077       0x14 zephyr/arch/arch/arm/core/aarch32/cortex_m/libarch__arm__core__aarch32__cortex_m.a(fault_s.S.obj)
 .debug_abbrev  0x0000408b      0x475 zephyr/arch/arch/arm/core/aarch32/cortex_m/libarch__arm__core__aarch32__cortex_m.a(fault.c.obj)
 .debug_abbrev  0x00004500       0x14 zephyr/arch/arch/arm/core/aarch32/cortex_m/libarch__arm__core__aarch32__cortex_m.a(exc_exit.S.obj)
 .debug_abbrev  0x00004514      0x1e4 zephyr/arch/arch/arm/core/aarch32/cortex_m/libarch__arm__core__aarch32__cortex_m.a(irq_init.c.obj)
 .debug_abbrev  0x000046f8      0x2c0 zephyr/arch/arch/arm/core/aarch32/cortex_m/libarch__arm__core__aarch32__cortex_m.a(thread_abort.c.obj)
 .debug_abbrev  0x000049b8      0x216 zephyr/arch/arch/arm/core/aarch32/cortex_m/mpu/libarch__arm__core__aarch32__cortex_m__mpu.a(arm_core_mpu.c.obj)
 .debug_abbrev  0x00004bce      0x4c0 zephyr/arch/arch/arm/core/aarch32/cortex_m/mpu/libarch__arm__core__aarch32__cortex_m__mpu.a(arm_mpu.c.obj)
 .debug_abbrev  0x0000508e      0x191 zephyr/lib/libc/minimal/liblib__libc__minimal.a(string.c.obj)
 .debug_abbrev  0x0000521f      0x25a zephyr/lib/libc/minimal/liblib__libc__minimal.a(stdout_console.c.obj)
 .debug_abbrev  0x00005479       0xf1 zephyr/soc/arm/common/cortex_m/libsoc__arm__common__cortex_m.a(arm_mpu_regions.c.obj)
 .debug_abbrev  0x0000556a      0x3ef zephyr/soc/arm/nordic_nrf/nrf52/libsoc__arm__nordic_nrf__nrf52.a(soc.c.obj)
 .debug_abbrev  0x00005959      0x5a8 zephyr/drivers/gpio/libdrivers__gpio.a(gpio_nrfx.c.obj)
 .debug_abbrev  0x00005f01      0x5b5 zephyr/drivers/serial/libdrivers__serial.a(uart_nrfx_uarte.c.obj)
 .debug_abbrev  0x000064b6      0x269 modules/nrf/lib/fatal_error/lib..__nrf__lib__fatal_error.a(fatal_error.c.obj)
 .debug_abbrev  0x0000671f      0x2f2 modules/hal_nordic/libmodules__hal_nordic.a(system_nrf52.c.obj)
 .debug_abbrev  0x00006a11      0x244 modules/hal_nordic/libmodules__hal_nordic.a(nrfx_glue.c.obj)
 .debug_abbrev  0x00006c55      0x4c5 modules/hal_nordic/libmodules__hal_nordic.a(nrfx_clock.c.obj)
 .debug_abbrev  0x0000711a      0x605 modules/hal_nordic/libmodules__hal_nordic.a(nrfx_gpiote.c.obj)
 .debug_abbrev  0x0000771f      0x476 modules/hal_nordic/libmodules__hal_nordic.a(nrfx_ppi.c.obj)
 .debug_abbrev  0x00007b95      0x35b zephyr/kernel/libkernel.a(device.c.obj)
 .debug_abbrev  0x00007ef0      0x1a0 zephyr/kernel/libkernel.a(errno.c.obj)
 .debug_abbrev  0x00008090      0x446 zephyr/kernel/libkernel.a(fatal.c.obj)
 .debug_abbrev  0x000084d6      0x36b zephyr/kernel/libkernel.a(idle.c.obj)
 .debug_abbrev  0x00008841      0x569 zephyr/kernel/libkernel.a(init.c.obj)
 .debug_abbrev  0x00008daa      0x672 zephyr/kernel/libkernel.a(sched.c.obj)
 .debug_abbrev  0x0000941c      0x36e zephyr/kernel/libkernel.a(sem.c.obj)
 .debug_abbrev  0x0000978a      0x555 zephyr/kernel/libkernel.a(thread.c.obj)
 .debug_abbrev  0x00009cdf      0x2f6 zephyr/kernel/libkernel.a(thread_abort.c.obj)
 .debug_abbrev  0x00009fd5      0x1dc zephyr/kernel/libkernel.a(banner.c.obj)
 .debug_abbrev  0x0000a1b1      0x19b zephyr/kernel/libkernel.a(xip.c.obj)
 .debug_abbrev  0x0000a34c      0x4de zephyr/kernel/libkernel.a(timeout.c.obj)
 .debug_abbrev  0x0000a82a      0x37c zephyr/kernel/libkernel.a(kheap.c.obj)
 .debug_abbrev  0x0000aba6      0x19d zephyr/CMakeFiles/offsets.dir/./arch/arm/core/offsets/offsets.c.obj
 .debug_abbrev  0x0000ad43       0xf3 zephyr/arch/common/libisr_tables.a(isr_tables.c.obj)

.debug_line     0x00000000    0x1cc79
 *(SORT_BY_ALIGNMENT(.debug_line) SORT_BY_ALIGNMENT(.debug_line.*) SORT_BY_ALIGNMENT(.debug_line_end))
 .debug_line    0x00000000      0x353 app/libapp.a(main.c.obj)
 .debug_line    0x00000353      0x441 zephyr/libzephyr.a(notify.c.obj)
 .debug_line    0x00000794      0x5bf zephyr/libzephyr.a(printk.c.obj)
 .debug_line    0x00000d53     0x133b zephyr/libzephyr.a(onoff.c.obj)
 .debug_line    0x0000208e      0x3e6 zephyr/libzephyr.a(thread_entry.c.obj)
 .debug_line    0x00002474     0x10ac zephyr/libzephyr.a(heap.c.obj)
 .debug_line    0x00003520      0xb9f zephyr/libzephyr.a(cbprintf_complete.c.obj)
 .debug_line    0x000040bf      0x17c zephyr/libzephyr.a(configs.c.obj)
 .debug_line    0x0000423b      0x507 zephyr/libzephyr.a(uart_console.c.obj)
 .debug_line    0x00004742     0x1371 zephyr/libzephyr.a(clock_control_nrf.c.obj)
 .debug_line    0x00005ab3      0x41d zephyr/libzephyr.a(sys_clock_init.c.obj)
 .debug_line    0x00005ed0     0x10a0 zephyr/libzephyr.a(nrf_rtc_timer.c.obj)
 .debug_line    0x00006f70     0x13da zephyr/libzephyr.a(SEGGER_RTT.c.obj)
 .debug_line    0x0000834a      0x3c1 zephyr/libzephyr.a(SEGGER_RTT_zephyr.c.obj)
 .debug_line    0x0000870b      0x471 zephyr/arch/arch/arm/core/aarch32/libarch__arm__core__aarch32.a(swap.c.obj)
 .debug_line    0x00008b7c       0xca zephyr/arch/arch/arm/core/aarch32/libarch__arm__core__aarch32.a(swap_helper.S.obj)
 .debug_line    0x00008c46      0x556 zephyr/arch/arch/arm/core/aarch32/libarch__arm__core__aarch32.a(irq_manage.c.obj)
 .debug_line    0x0000919c      0x573 zephyr/arch/arch/arm/core/aarch32/libarch__arm__core__aarch32.a(thread.c.obj)
 .debug_line    0x0000970f       0xa9 zephyr/arch/arch/arm/core/aarch32/libarch__arm__core__aarch32.a(cpu_idle.S.obj)
 .debug_line    0x000097b8      0x462 zephyr/arch/arch/arm/core/aarch32/libarch__arm__core__aarch32.a(fatal.c.obj)
 .debug_line    0x00009c1a      0x394 zephyr/arch/arch/arm/core/aarch32/libarch__arm__core__aarch32.a(nmi.c.obj)
 .debug_line    0x00009fae       0x78 zephyr/arch/arch/arm/core/aarch32/libarch__arm__core__aarch32.a(nmi_on_reset.S.obj)
 .debug_line    0x0000a026      0x50e zephyr/arch/arch/arm/core/aarch32/libarch__arm__core__aarch32.a(prep_c.c.obj)
 .debug_line    0x0000a534       0xa0 zephyr/arch/arch/arm/core/aarch32/libarch__arm__core__aarch32.a(isr_wrapper.S.obj)
 .debug_line    0x0000a5d4       0x8d zephyr/arch/arch/arm/core/aarch32/cortex_m/libarch__arm__core__aarch32__cortex_m.a(reset.S.obj)
 .debug_line    0x0000a661       0x85 zephyr/arch/arch/arm/core/aarch32/cortex_m/libarch__arm__core__aarch32__cortex_m.a(fault_s.S.obj)
 .debug_line    0x0000a6e6      0x91b zephyr/arch/arch/arm/core/aarch32/cortex_m/libarch__arm__core__aarch32__cortex_m.a(fault.c.obj)
 .debug_line    0x0000b001       0x8b zephyr/arch/arch/arm/core/aarch32/cortex_m/libarch__arm__core__aarch32__cortex_m.a(exc_exit.S.obj)
 .debug_line    0x0000b08c      0x2e6 zephyr/arch/arch/arm/core/aarch32/cortex_m/libarch__arm__core__aarch32__cortex_m.a(irq_init.c.obj)
 .debug_line    0x0000b372      0x4e1 zephyr/arch/arch/arm/core/aarch32/cortex_m/libarch__arm__core__aarch32__cortex_m.a(thread_abort.c.obj)
 .debug_line    0x0000b853      0x572 zephyr/arch/arch/arm/core/aarch32/cortex_m/mpu/libarch__arm__core__aarch32__cortex_m__mpu.a(arm_core_mpu.c.obj)
 .debug_line    0x0000bdc5      0x95b zephyr/arch/arch/arm/core/aarch32/cortex_m/mpu/libarch__arm__core__aarch32__cortex_m__mpu.a(arm_mpu.c.obj)
 .debug_line    0x0000c720      0x636 zephyr/lib/libc/minimal/liblib__libc__minimal.a(string.c.obj)
 .debug_line    0x0000cd56      0x305 zephyr/lib/libc/minimal/liblib__libc__minimal.a(stdout_console.c.obj)
 .debug_line    0x0000d05b      0x237 zephyr/soc/arm/common/cortex_m/libsoc__arm__common__cortex_m.a(arm_mpu_regions.c.obj)
 .debug_line    0x0000d292      0x5c1 zephyr/soc/arm/nordic_nrf/nrf52/libsoc__arm__nordic_nrf__nrf52.a(soc.c.obj)
 .debug_line    0x0000d853     0x11af zephyr/drivers/gpio/libdrivers__gpio.a(gpio_nrfx.c.obj)
 .debug_line    0x0000ea02     0x11d2 zephyr/drivers/serial/libdrivers__serial.a(uart_nrfx_uarte.c.obj)
 .debug_line    0x0000fbd4      0x426 modules/nrf/lib/fatal_error/lib..__nrf__lib__fatal_error.a(fatal_error.c.obj)
 .debug_line    0x0000fffa      0x556 modules/hal_nordic/libmodules__hal_nordic.a(system_nrf52.c.obj)
 .debug_line    0x00010550      0x491 modules/hal_nordic/libmodules__hal_nordic.a(nrfx_glue.c.obj)
 .debug_line    0x000109e1      0xaad modules/hal_nordic/libmodules__hal_nordic.a(nrfx_clock.c.obj)
 .debug_line    0x0001148e     0x20b1 modules/hal_nordic/libmodules__hal_nordic.a(nrfx_gpiote.c.obj)
 .debug_line    0x0001353f      0xdbb modules/hal_nordic/libmodules__hal_nordic.a(nrfx_ppi.c.obj)
 .debug_line    0x000142fa      0x5e0 zephyr/kernel/libkernel.a(device.c.obj)
 .debug_line    0x000148da      0x3ac zephyr/kernel/libkernel.a(errno.c.obj)
 .debug_line    0x00014c86      0x6c2 zephyr/kernel/libkernel.a(fatal.c.obj)
 .debug_line    0x00015348      0x671 zephyr/kernel/libkernel.a(idle.c.obj)
 .debug_line    0x000159b9      0x975 zephyr/kernel/libkernel.a(init.c.obj)
 .debug_line    0x0001632e     0x2e39 zephyr/kernel/libkernel.a(sched.c.obj)
 .debug_line    0x00019167      0x680 zephyr/kernel/libkernel.a(sem.c.obj)
 .debug_line    0x000197e7      0xac8 zephyr/kernel/libkernel.a(thread.c.obj)
 .debug_line    0x0001a2af      0x549 zephyr/kernel/libkernel.a(thread_abort.c.obj)
 .debug_line    0x0001a7f8      0x3e2 zephyr/kernel/libkernel.a(banner.c.obj)
 .debug_line    0x0001abda      0x3d2 zephyr/kernel/libkernel.a(xip.c.obj)
 .debug_line    0x0001afac      0xfa7 zephyr/kernel/libkernel.a(timeout.c.obj)
 .debug_line    0x0001bf53      0x652 zephyr/kernel/libkernel.a(kheap.c.obj)
 .debug_line    0x0001c5a5      0x4ae zephyr/CMakeFiles/offsets.dir/./arch/arm/core/offsets/offsets.c.obj
 .debug_line    0x0001ca53      0x226 zephyr/arch/common/libisr_tables.a(isr_tables.c.obj)

.debug_frame    0x00000000     0x2904
 *(SORT_BY_ALIGNMENT(.debug_frame))
 .debug_frame   0x00000000       0x20 app/libapp.a(main.c.obj)
 .debug_frame   0x00000020       0x30 zephyr/libzephyr.a(notify.c.obj)
 .debug_frame   0x00000050      0x118 zephyr/libzephyr.a(printk.c.obj)
 .debug_frame   0x00000168      0x184 zephyr/libzephyr.a(onoff.c.obj)
 .debug_frame   0x000002ec       0x28 zephyr/libzephyr.a(thread_entry.c.obj)
 .debug_frame   0x00000314      0x25c zephyr/libzephyr.a(heap.c.obj)
 .debug_frame   0x00000570       0x8c zephyr/libzephyr.a(cbprintf_complete.c.obj)
 .debug_frame   0x000005fc       0x20 zephyr/libzephyr.a(configs.c.obj)
 .debug_frame   0x0000061c       0x44 zephyr/libzephyr.a(uart_console.c.obj)
 .debug_frame   0x00000660      0x23c zephyr/libzephyr.a(clock_control_nrf.c.obj)
 .debug_frame   0x0000089c       0x70 zephyr/libzephyr.a(sys_clock_init.c.obj)
 .debug_frame   0x0000090c      0x188 zephyr/libzephyr.a(nrf_rtc_timer.c.obj)
 .debug_frame   0x00000a94      0x3d4 zephyr/libzephyr.a(SEGGER_RTT.c.obj)
 .debug_frame   0x00000e68       0x28 zephyr/libzephyr.a(SEGGER_RTT_zephyr.c.obj)
 .debug_frame   0x00000e90       0x20 zephyr/arch/arch/arm/core/aarch32/libarch__arm__core__aarch32.a(swap.c.obj)
 .debug_frame   0x00000eb0       0x78 zephyr/arch/arch/arm/core/aarch32/libarch__arm__core__aarch32.a(irq_manage.c.obj)
 .debug_frame   0x00000f28       0x48 zephyr/arch/arch/arm/core/aarch32/libarch__arm__core__aarch32.a(thread.c.obj)
 .debug_frame   0x00000f70       0x48 zephyr/arch/arch/arm/core/aarch32/libarch__arm__core__aarch32.a(fatal.c.obj)
 .debug_frame   0x00000fb8       0x2c zephyr/arch/arch/arm/core/aarch32/libarch__arm__core__aarch32.a(nmi.c.obj)
 .debug_frame   0x00000fe4       0x28 zephyr/arch/arch/arm/core/aarch32/libarch__arm__core__aarch32.a(prep_c.c.obj)
 .debug_frame   0x0000100c       0x84 zephyr/arch/arch/arm/core/aarch32/cortex_m/libarch__arm__core__aarch32__cortex_m.a(fault.c.obj)
 .debug_frame   0x00001090       0x20 zephyr/arch/arch/arm/core/aarch32/cortex_m/libarch__arm__core__aarch32__cortex_m.a(irq_init.c.obj)
 .debug_frame   0x000010b0       0x30 zephyr/arch/arch/arm/core/aarch32/cortex_m/libarch__arm__core__aarch32__cortex_m.a(thread_abort.c.obj)
 .debug_frame   0x000010e0       0x30 zephyr/arch/arch/arm/core/aarch32/cortex_m/mpu/libarch__arm__core__aarch32__cortex_m__mpu.a(arm_core_mpu.c.obj)
 .debug_frame   0x00001110       0x98 zephyr/arch/arch/arm/core/aarch32/cortex_m/mpu/libarch__arm__core__aarch32__cortex_m__mpu.a(arm_mpu.c.obj)
 .debug_frame   0x000011a8      0x188 zephyr/lib/libc/minimal/liblib__libc__minimal.a(string.c.obj)
 .debug_frame   0x00001330       0xb8 zephyr/lib/libc/minimal/liblib__libc__minimal.a(stdout_console.c.obj)
 .debug_frame   0x000013e8       0x50 zephyr/soc/arm/nordic_nrf/nrf52/libsoc__arm__nordic_nrf__nrf52.a(soc.c.obj)
 .debug_frame   0x00001438      0x104 zephyr/drivers/gpio/libdrivers__gpio.a(gpio_nrfx.c.obj)
 .debug_frame   0x0000153c       0xbc zephyr/drivers/serial/libdrivers__serial.a(uart_nrfx_uarte.c.obj)
 .debug_frame   0x000015f8       0x28 modules/nrf/lib/fatal_error/lib..__nrf__lib__fatal_error.a(fatal_error.c.obj)
 .debug_frame   0x00001620       0x78 modules/hal_nordic/libmodules__hal_nordic.a(system_nrf52.c.obj)
 .debug_frame   0x00001698       0x40 modules/hal_nordic/libmodules__hal_nordic.a(nrfx_glue.c.obj)
 .debug_frame   0x000016d8      0x104 modules/hal_nordic/libmodules__hal_nordic.a(nrfx_clock.c.obj)
 .debug_frame   0x000017dc      0x310 modules/hal_nordic/libmodules__hal_nordic.a(nrfx_gpiote.c.obj)
 .debug_frame   0x00001aec      0x120 modules/hal_nordic/libmodules__hal_nordic.a(nrfx_ppi.c.obj)
 .debug_frame   0x00001c0c       0x8c zephyr/kernel/libkernel.a(device.c.obj)
 .debug_frame   0x00001c98       0x20 zephyr/kernel/libkernel.a(errno.c.obj)
 .debug_frame   0x00001cb8       0xa8 zephyr/kernel/libkernel.a(fatal.c.obj)
 .debug_frame   0x00001d60       0x40 zephyr/kernel/libkernel.a(idle.c.obj)
 .debug_frame   0x00001da0       0x68 zephyr/kernel/libkernel.a(init.c.obj)
 .debug_frame   0x00001e08      0x5c4 zephyr/kernel/libkernel.a(sched.c.obj)
 .debug_frame   0x000023cc       0x68 zephyr/kernel/libkernel.a(sem.c.obj)
 .debug_frame   0x00002434      0x18c zephyr/kernel/libkernel.a(thread.c.obj)
 .debug_frame   0x000025c0       0x28 zephyr/kernel/libkernel.a(thread_abort.c.obj)
 .debug_frame   0x000025e8       0x20 zephyr/kernel/libkernel.a(banner.c.obj)
 .debug_frame   0x00002608       0x2c zephyr/kernel/libkernel.a(xip.c.obj)
 .debug_frame   0x00002634      0x1b0 zephyr/kernel/libkernel.a(timeout.c.obj)
 .debug_frame   0x000027e4       0xa0 zephyr/kernel/libkernel.a(kheap.c.obj)
 .debug_frame   0x00002884       0x20 zephyr/CMakeFiles/offsets.dir/./arch/arm/core/offsets/offsets.c.obj
 .debug_frame   0x000028a4       0x2c c:/users/kangmin/ncs/v1.5.0/toolchain/opt/bin/../lib/gcc/arm-none-eabi/9.2.1/thumb/v7e-m/nofp\libgcc.a(_aeabi_uldivmod.o)
 .debug_frame   0x000028d0       0x34 c:/users/kangmin/ncs/v1.5.0/toolchain/opt/bin/../lib/gcc/arm-none-eabi/9.2.1/thumb/v7e-m/nofp\libgcc.a(_udivmoddi4.o)

.debug_str      0x00000000     0xa2a8
 *(SORT_BY_ALIGNMENT(.debug_str))
 .debug_str     0x00000000      0x507 app/libapp.a(main.c.obj)
                                0x65a (size before relaxing)
 .debug_str     0x00000507       0xb6 zephyr/libzephyr.a(notify.c.obj)
                                0x726 (size before relaxing)
 .debug_str     0x000005bd      0x268 zephyr/libzephyr.a(printk.c.obj)
                                0x8e7 (size before relaxing)
 .debug_str     0x00000825      0x433 zephyr/libzephyr.a(onoff.c.obj)